16:42:05 **** Incremental Build of configuration Debug for project CORDIC_Sin_DMA ****
make -j4 all 
make: *** No rule to make target '/home/Drivers/STM32G4xx_HAL_Driver/Src/stm32g4xx_hal.c', needed by 'Drivers/STM32G4xx_HAL_Driver/stm32g4xx_hal.o'.  Stop.
"make -j4 all" terminated with exit code 2. Build might be incomplete.
16:52:27 **** Incremental Build of configuration Debug for project proto-altsdr ****
make -j4 all 
arm-none-eabi-size   proto-altsdr.elf 
   text	   data	    bss	    dec	    hex	filename
  11656	     20	   1756	  13432	   3478	proto-altsdr.elf
Finished building: default.size.stdout
 
16:55:05 **** Incremental Build of configuration Debug for project proto-altsdr ****
make -j4 all 
arm-none-eabi-gcc "../Core/Src/main.c" -mcpu=cortex-m4 -std=gnu11 -g3 -DUSE_HAL_DRIVER -DSTM32G474xx -DDEBUG -c -I../Core/Inc -I../Drivers/STM32G4xx_HAL_Driver/Inc -I../Drivers/STM32G4xx_HAL_Driver/Inc/Legacy -I../Drivers/CMSIS/Device/ST/STM32G4xx/Include -I../Drivers/CMSIS/Include -O0 -ffunction-sections -fdata-sections -Wall -fstack-usage -MMD -MP -MF"Core/Src/main.d" -MT"Core/Src/main.o" --specs=nano.specs -mfpu=fpv4-sp-d16 -mfloat-abi=hard -mthumb -o "Core/Src/main.o"
../Core/Src/main.c:2:10: error: #include expects "FILENAME" or <FILENAME>
 #include ''main.h''
          ^~
../Core/Src/main.c:15:1: error: unknown type name 'TIM_TimeBaseInitTypeDef'
 TIM_TimeBaseInitTypeDef TIM_TimeBaseStructure;
 ^~~~~~~~~~~~~~~~~~~~~~~
../Core/Src/main.c:16:1: error: unknown type name 'DAC_InitTypeDef'
 DAC_InitTypeDef DAC_InitStructure;
 ^~~~~~~~~~~~~~~
../Core/Src/main.c:17:1: error: unknown type name 'DMA_InitTypeDef'
 DMA_InitTypeDef DMA_InitStructure;
 ^~~~~~~~~~~~~~~
../Core/Src/main.c:18:7: error: unknown type name 'uint16_t'
 const uint16_t Sine12bit[128] = {
       ^~~~~~~~
../Core/Src/main.c: In function 'TIM_Config':
../Core/Src/main.c:73:1: error: unknown type name 'TIM_TimeBaseInitTypeDef'
 TIM_TimeBaseInitTypeDef TIM_TimeBaseStructure;
 ^~~~~~~~~~~~~~~~~~~~~~~
../Core/Src/main.c:75:1: warning: implicit declaration of function 'RCC_APB1PeriphClockCmd' [-Wimplicit-function-declaration]
 RCC_APB1PeriphClockCmd(RCC_APB1Periph_TIM2, ENABLE);
 ^~~~~~~~~~~~~~~~~~~~~~
../Core/Src/main.c:75:24: error: 'RCC_APB1Periph_TIM2' undeclared (first use in this function)
 RCC_APB1PeriphClockCmd(RCC_APB1Periph_TIM2, ENABLE);
                        ^~~~~~~~~~~~~~~~~~~
../Core/Src/main.c:75:24: note: each undeclared identifier is reported only once for each function it appears in
../Core/Src/main.c:75:45: error: 'ENABLE' undeclared (first use in this function)
 RCC_APB1PeriphClockCmd(RCC_APB1Periph_TIM2, ENABLE);
                                             ^~~~~~
../Core/Src/main.c:77:1: warning: implicit declaration of function 'TIM_TimeBaseStructInit' [-Wimplicit-function-declaration]
 TIM_TimeBaseStructInit(&TIM_TimeBaseStructure);
 ^~~~~~~~~~~~~~~~~~~~~~
../Core/Src/main.c:78:22: error: request for member 'TIM_Period' in something not a structure or union
 TIM_TimeBaseStructure.TIM_Period = (800000/(1000*128))-1; // originally 0xFF
                      ^
../Core/Src/main.c:79:22: error: request for member 'TIM_Prescaler' in something not a structure or union
 TIM_TimeBaseStructure.TIM_Prescaler = 0x0;
                      ^
../Core/Src/main.c:80:22: error: request for member 'TIM_ClockDivision' in something not a structure or union
 TIM_TimeBaseStructure.TIM_ClockDivision = 0x0;
                      ^
../Core/Src/main.c:81:22: error: request for member 'TIM_CounterMode' in something not a structure or union
 TIM_TimeBaseStructure.TIM_CounterMode = TIM_CounterMode_Up;
                      ^
../Core/Src/main.c:81:41: error: 'TIM_CounterMode_Up' undeclared (first use in this function)
 TIM_TimeBaseStructure.TIM_CounterMode = TIM_CounterMode_Up;
                                         ^~~~~~~~~~~~~~~~~~
../Core/Src/main.c:82:1: warning: implicit declaration of function 'TIM_TimeBaseInit' [-Wimplicit-function-declaration]
 TIM_TimeBaseInit(TIM2, &TIM_TimeBaseStructure);
 ^~~~~~~~~~~~~~~~
../Core/Src/main.c:82:18: error: 'TIM2' undeclared (first use in this function)
 TIM_TimeBaseInit(TIM2, &TIM_TimeBaseStructure);
                  ^~~~
../Core/Src/main.c:84:1: warning: implicit declaration of function 'TIM_SelectOutputTrigger' [-Wimplicit-function-declaration]
 TIM_SelectOutputTrigger(TIM2, TIM_TRGOSource_Update);
 ^~~~~~~~~~~~~~~~~~~~~~~
../Core/Src/main.c:84:31: error: 'TIM_TRGOSource_Update' undeclared (first use in this function)
 TIM_SelectOutputTrigger(TIM2, TIM_TRGOSource_Update);
                               ^~~~~~~~~~~~~~~~~~~~~
../Core/Src/main.c:86:1: warning: implicit declaration of function 'TIM_Cmd'; did you mean 'TIM_Config'? [-Wimplicit-function-declaration]
 TIM_Cmd(TIM2, ENABLE);
 ^~~~~~~
 TIM_Config
../Core/Src/main.c: In function 'GPIO_Config':
../Core/Src/main.c:96:1: error: unknown type name 'GPIO_InitTypeDef'
 GPIO_InitTypeDef GPIO_InitStructure;
 ^~~~~~~~~~~~~~~~
../Core/Src/main.c:98:1: warning: implicit declaration of function 'RCC_AHBPeriphClockCmd' [-Wimplicit-function-declaration]
 RCC_AHBPeriphClockCmd(RCC_AHBPeriph_GPIOA, ENABLE);
 ^~~~~~~~~~~~~~~~~~~~~
../Core/Src/main.c:98:23: error: 'RCC_AHBPeriph_GPIOA' undeclared (first use in this function)
 RCC_AHBPeriphClockCmd(RCC_AHBPeriph_GPIOA, ENABLE);
                       ^~~~~~~~~~~~~~~~~~~
../Core/Src/main.c:98:44: error: 'ENABLE' undeclared (first use in this function)
 RCC_AHBPeriphClockCmd(RCC_AHBPeriph_GPIOA, ENABLE);
                                            ^~~~~~
../Core/Src/main.c:100:19: error: request for member 'GPIO_Pin' in something not a structure or union
 GPIO_InitStructure.GPIO_Pin = GPIO_Pin_4;
                   ^
../Core/Src/main.c:100:31: error: 'GPIO_Pin_4' undeclared (first use in this function); did you mean 'GPIO_Config'?
 GPIO_InitStructure.GPIO_Pin = GPIO_Pin_4;
                               ^~~~~~~~~~
                               GPIO_Config
../Core/Src/main.c:101:19: error: request for member 'GPIO_Mode' in something not a structure or union
 GPIO_InitStructure.GPIO_Mode = GPIO_Mode_AN;
                   ^
../Core/Src/main.c:101:32: error: 'GPIO_Mode_AN' undeclared (first use in this function); did you mean 'GPIO_Pin_4'?
 GPIO_InitStructure.GPIO_Mode = GPIO_Mode_AN;
                                ^~~~~~~~~~~~
                                GPIO_Pin_4
../Core/Src/main.c:102:19: error: request for member 'GPIO_PuPd' in something not a structure or union
 GPIO_InitStructure.GPIO_PuPd = GPIO_PuPd_NOPULL;
                   ^
../Core/Src/main.c:102:32: error: 'GPIO_PuPd_NOPULL' undeclared (first use in this function)
 GPIO_InitStructure.GPIO_PuPd = GPIO_PuPd_NOPULL;
                                ^~~~~~~~~~~~~~~~
../Core/Src/main.c:103:1: warning: implicit declaration of function 'GPIO_Init'; did you mean 'GPIO_Config'? [-Wimplicit-function-declaration]
 GPIO_Init(GPIOA, &GPIO_InitStructure);
 ^~~~~~~~~
 GPIO_Config
../Core/Src/main.c:103:11: error: 'GPIOA' undeclared (first use in this function)
 GPIO_Init(GPIOA, &GPIO_InitStructure);
           ^~~~~
../Core/Src/main.c: In function 'DAC_Config':
../Core/Src/main.c:107:24: error: 'RCC_APB1Periph_DAC' undeclared (first use in this function)
 RCC_APB1PeriphClockCmd(RCC_APB1Periph_DAC, ENABLE);
                        ^~~~~~~~~~~~~~~~~~
../Core/Src/main.c:107:44: error: 'ENABLE' undeclared (first use in this function)
 RCC_APB1PeriphClockCmd(RCC_APB1Periph_DAC, ENABLE);
                                            ^~~~~~
../Core/Src/main.c:108:18: error: request for member 'DAC_Trigger' in something not a structure or union
 DAC_InitStructure.DAC_Trigger = DAC_Trigger_T2_TRGO;
                  ^
../Core/Src/main.c:108:33: error: 'DAC_Trigger_T2_TRGO' undeclared (first use in this function)
 DAC_InitStructure.DAC_Trigger = DAC_Trigger_T2_TRGO;
                                 ^~~~~~~~~~~~~~~~~~~
../Core/Src/main.c:109:18: error: request for member 'DAC_WaveGeneration' in something not a structure or union
 DAC_InitStructure.DAC_WaveGeneration = DAC_WaveGeneration_None;
                  ^
../Core/Src/main.c:109:40: error: 'DAC_WaveGeneration_None' undeclared (first use in this function)
 DAC_InitStructure.DAC_WaveGeneration = DAC_WaveGeneration_None;
                                        ^~~~~~~~~~~~~~~~~~~~~~~
../Core/Src/main.c:110:18: error: request for member 'DAC_Buffer_Switch' in something not a structure or union
 DAC_InitStructure.DAC_Buffer_Switch = DAC_BufferSwitch_Disable;
                  ^
../Core/Src/main.c:110:39: error: 'DAC_BufferSwitch_Disable' undeclared (first use in this function)
 DAC_InitStructure.DAC_Buffer_Switch = DAC_BufferSwitch_Disable;
                                       ^~~~~~~~~~~~~~~~~~~~~~~~
../Core/Src/main.c:112:1: warning: implicit declaration of function 'DAC_Init'; did you mean 'DAC_Config'? [-Wimplicit-function-declaration]
 DAC_Init(DAC1, DAC_Channel_2, &DAC_InitStructure);
 ^~~~~~~~
 DAC_Config
../Core/Src/main.c:112:10: error: 'DAC1' undeclared (first use in this function)
 DAC_Init(DAC1, DAC_Channel_2, &DAC_InitStructure);
          ^~~~
../Core/Src/main.c:112:16: error: 'DAC_Channel_2' undeclared (first use in this function)
 DAC_Init(DAC1, DAC_Channel_2, &DAC_InitStructure);
                ^~~~~~~~~~~~~
../Core/Src/main.c:114:1: warning: implicit declaration of function 'DAC_Cmd'; did you mean 'DAC_Config'? [-Wimplicit-function-declaration]
 DAC_Cmd(DAC1, DAC_Channel_2, ENABLE);
 ^~~~~~~
 DAC_Config
../Core/Src/main.c:116:1: warning: implicit declaration of function 'DAC_DMACmd' [-Wimplicit-function-declaration]
 DAC_DMACmd(DAC1, DAC_Channel_2, ENABLE);
 ^~~~~~~~~~
../Core/Src/main.c: In function 'DMA_Config':
../Core/Src/main.c:120:23: error: 'RCC_AHBPeriph_DMA2' undeclared (first use in this function)
 RCC_AHBPeriphClockCmd(RCC_AHBPeriph_DMA2, ENABLE);
                       ^~~~~~~~~~~~~~~~~~
../Core/Src/main.c:120:43: error: 'ENABLE' undeclared (first use in this function)
 RCC_AHBPeriphClockCmd(RCC_AHBPeriph_DMA2, ENABLE);
                                           ^~~~~~
../Core/Src/main.c:122:1: warning: implicit declaration of function 'DMA_DeInit'; did you mean 'DMA_Config'? [-Wimplicit-function-declaration]
 DMA_DeInit(DMA1_Channel5);
 ^~~~~~~~~~
 DMA_Config
../Core/Src/main.c:122:12: error: 'DMA1_Channel5' undeclared (first use in this function)
 DMA_DeInit(DMA1_Channel5);
            ^~~~~~~~~~~~~
../Core/Src/main.c:123:18: error: request for member 'DMA_PeripheralBaseAddr' in something not a structure or union
 DMA_InitStructure.DMA_PeripheralBaseAddr = DAC_DHR12R2_ADDRESS;
                  ^
../Core/Src/main.c:124:18: error: request for member 'DMA_MemoryBaseAddr' in something not a structure or union
 DMA_InitStructure.DMA_MemoryBaseAddr = (uint32_t)&Sine12bit;
                  ^
../Core/Src/main.c:124:41: error: 'uint32_t' undeclared (first use in this function)
 DMA_InitStructure.DMA_MemoryBaseAddr = (uint32_t)&Sine12bit;
                                         ^~~~~~~~
../Core/Src/main.c:125:18: error: request for member 'DMA_DIR' in something not a structure or union
 DMA_InitStructure.DMA_DIR = DMA_DIR_PeripheralDST;
                  ^
../Core/Src/main.c:125:29: error: 'DMA_DIR_PeripheralDST' undeclared (first use in this function)
 DMA_InitStructure.DMA_DIR = DMA_DIR_PeripheralDST;
                             ^~~~~~~~~~~~~~~~~~~~~
../Core/Src/main.c:126:18: error: request for member 'DMA_BufferSize' in something not a structure or union
 DMA_InitStructure.DMA_BufferSize = 128;
                  ^
../Core/Src/main.c:127:18: error: request for member 'DMA_PeripheralInc' in something not a structure or union
 DMA_InitStructure.DMA_PeripheralInc = DMA_PeripheralInc_Disable;
                  ^
../Core/Src/main.c:127:39: error: 'DMA_PeripheralInc_Disable' undeclared (first use in this function)
 DMA_InitStructure.DMA_PeripheralInc = DMA_PeripheralInc_Disable;
                                       ^~~~~~~~~~~~~~~~~~~~~~~~~
../Core/Src/main.c:128:18: error: request for member 'DMA_MemoryInc' in something not a structure or union
 DMA_InitStructure.DMA_MemoryInc = DMA_MemoryInc_Enable;
                  ^
../Core/Src/main.c:128:35: error: 'DMA_MemoryInc_Enable' undeclared (first use in this function); did you mean 'DMA_PeripheralInc_Disable'?
 DMA_InitStructure.DMA_MemoryInc = DMA_MemoryInc_Enable;
                                   ^~~~~~~~~~~~~~~~~~~~
                                   DMA_PeripheralInc_Disable
../Core/Src/main.c:129:18: error: request for member 'DMA_PeripheralDataSize' in something not a structure or union
 DMA_InitStructure.DMA_PeripheralDataSize = DMA_PeripheralDataSize_HalfWord;
                  ^
../Core/Src/main.c:129:44: error: 'DMA_PeripheralDataSize_HalfWord' undeclared (first use in this function); did you mean 'DMA_PeripheralInc_Disable'?
 DMA_InitStructure.DMA_PeripheralDataSize = DMA_PeripheralDataSize_HalfWord;
                                            ^~~~~~~~~~~~~~~~~~~~~~~~~~~~~~~
                                            DMA_PeripheralInc_Disable
../Core/Src/main.c:130:18: error: request for member 'DMA_MemoryDataSize' in something not a structure or union
 DMA_InitStructure.DMA_MemoryDataSize = DMA_MemoryDataSize_HalfWord;
                  ^
../Core/Src/main.c:130:40: error: 'DMA_MemoryDataSize_HalfWord' undeclared (first use in this function); did you mean 'DMA_PeripheralDataSize_HalfWord'?
 DMA_InitStructure.DMA_MemoryDataSize = DMA_MemoryDataSize_HalfWord;
                                        ^~~~~~~~~~~~~~~~~~~~~~~~~~~
                                        DMA_PeripheralDataSize_HalfWord
../Core/Src/main.c:131:18: error: request for member 'DMA_Mode' in something not a structure or union
 DMA_InitStructure.DMA_Mode = DMA_Mode_Circular;
                  ^
../Core/Src/main.c:131:30: error: 'DMA_Mode_Circular' undeclared (first use in this function)
 DMA_InitStructure.DMA_Mode = DMA_Mode_Circular;
                              ^~~~~~~~~~~~~~~~~
../Core/Src/main.c:132:18: error: request for member 'DMA_Priority' in something not a structure or union
 DMA_InitStructure.DMA_Priority = DMA_Priority_High;
                  ^
../Core/Src/main.c:132:34: error: 'DMA_Priority_High' undeclared (first use in this function)
 DMA_InitStructure.DMA_Priority = DMA_Priority_High;
                                  ^~~~~~~~~~~~~~~~~
../Core/Src/main.c:133:18: error: request for member 'DMA_M2M' in something not a structure or union
 DMA_InitStructure.DMA_M2M = DMA_M2M_Disable;
                  ^
../Core/Src/main.c:133:29: error: 'DMA_M2M_Disable' undeclared (first use in this function)
 DMA_InitStructure.DMA_M2M = DMA_M2M_Disable;
                             ^~~~~~~~~~~~~~~
../Core/Src/main.c:134:1: warning: implicit declaration of function 'DMA_Init'; did you mean 'DMA_Config'? [-Wimplicit-function-declaration]
 DMA_Init(DMA1_Channel5, &DMA_InitStructure);
 ^~~~~~~~
 DMA_Config
../Core/Src/main.c:136:1: warning: implicit declaration of function 'DMA_Cmd'; did you mean 'DMA_Config'? [-Wimplicit-function-declaration]
 DMA_Cmd(DMA1_Channel5, ENABLE);
 ^~~~~~~
 DMA_Config
make: *** [Core/Src/subdir.mk:33: Core/Src/main.o] Error 1
"make -j4 all" terminated with exit code 2. Build might be incomplete.
17:02:16 **** Incremental Build of configuration Debug for project proto-altsdr ****
make -j4 all 
arm-none-eabi-gcc "../Core/Src/main.c" -mcpu=cortex-m4 -std=gnu11 -g3 -DUSE_HAL_DRIVER -DSTM32G474xx -DDEBUG -c -I../Core/Inc -I../Drivers/STM32G4xx_HAL_Driver/Inc -I../Drivers/STM32G4xx_HAL_Driver/Inc/Legacy -I../Drivers/CMSIS/Device/ST/STM32G4xx/Include -I../Drivers/CMSIS/Include -O0 -ffunction-sections -fdata-sections -Wall -fstack-usage -MMD -MP -MF"Core/Src/main.d" -MT"Core/Src/main.o" --specs=nano.specs -mfpu=fpv4-sp-d16 -mfloat-abi=hard -mthumb -o "Core/Src/main.o"
arm-none-eabi-g++ -o "proto-altsdr.elf" @"objects.list"   -mcpu=cortex-m4 -T"/home/lucag/STM32CubeIDE/workspace_1.5.0/proto-altsdr/STM32G474RETX_FLASH.ld" --specs=nosys.specs -Wl,-Map="proto-altsdr.map" -Wl,--gc-sections -static --specs=nano.specs -mfpu=fpv4-sp-d16 -mfloat-abi=hard -mthumb -Wl,--start-group -lc -lm -lstdc++ -lsupc++ -Wl,--end-group
Finished building target: proto-altsdr.elf
 
arm-none-eabi-objdump -h -S  proto-altsdr.elf  > "proto-altsdr.list"
arm-none-eabi-objcopy  -O binary  proto-altsdr.elf  "proto-altsdr.bin"
arm-none-eabi-size   proto-altsdr.elf 
   text	   data	    bss	    dec	    hex	filename
  11656	     20	   1756	  13432	   3478	proto-altsdr.elf
Finished building: default.size.stdout
Finished building: proto-altsdr.bin
 
 
Finished building: proto-altsdr.list
 
17:04:37 **** Incremental Build of configuration Debug for project proto-altsdr ****
make -j4 all 
arm-none-eabi-size   proto-altsdr.elf 
   text	   data	    bss	    dec	    hex	filename
  11656	     20	   1756	  13432	   3478	proto-altsdr.elf
Finished building: default.size.stdout
 
17:06:58 **** Build of configuration Debug for project CORDIC_Sin_DMA ****
make -j4 all 
arm-none-eabi-gcc "/home/lucag/STM32CubeIDE/workspace_1.5.0/CORDIC_Sin_DMA/Drivers/STM32G4xx_HAL_Driver/Src/stm32g4xx_hal.c" -mcpu=cortex-m4 -std=gnu11 -g3 -DUSE_HAL_DRIVER -DSTM32G474xx -DUSE_NUCLEO_64 -DDEBUG -c -I../../Drivers/CMSIS/Device/ST/STM32G4xx/Include -I../../Drivers/STM32G4xx_HAL_Driver/Inc/Legacy -I../../Inc -I../../Drivers/STM32G4xx_HAL_Driver/Inc -I../../Drivers/BSP/STM32G4xx_Nucleo -I../../Drivers/CMSIS/Include -O0 -ffunction-sections -fdata-sections -Wall -fstack-usage -MMD -MP -MF"Drivers/STM32G4xx_HAL_Driver/stm32g4xx_hal.d" -MT"Drivers/STM32G4xx_HAL_Driver/stm32g4xx_hal.o" --specs=nano.specs -mfpu=fpv4-sp-d16 -mfloat-abi=hard -mthumb -o "Drivers/STM32G4xx_HAL_Driver/stm32g4xx_hal.o"
arm-none-eabi-gcc "/home/lucag/STM32CubeIDE/workspace_1.5.0/CORDIC_Sin_DMA/Drivers/STM32G4xx_HAL_Driver/Src/stm32g4xx_hal_cordic.c" -mcpu=cortex-m4 -std=gnu11 -g3 -DUSE_HAL_DRIVER -DSTM32G474xx -DUSE_NUCLEO_64 -DDEBUG -c -I../../Drivers/CMSIS/Device/ST/STM32G4xx/Include -I../../Drivers/STM32G4xx_HAL_Driver/Inc/Legacy -I../../Inc -I../../Drivers/STM32G4xx_HAL_Driver/Inc -I../../Drivers/BSP/STM32G4xx_Nucleo -I../../Drivers/CMSIS/Include -O0 -ffunction-sections -fdata-sections -Wall -fstack-usage -MMD -MP -MF"Drivers/STM32G4xx_HAL_Driver/stm32g4xx_hal_cordic.d" -MT"Drivers/STM32G4xx_HAL_Driver/stm32g4xx_hal_cordic.o" --specs=nano.specs -mfpu=fpv4-sp-d16 -mfloat-abi=hard -mthumb -o "Drivers/STM32G4xx_HAL_Driver/stm32g4xx_hal_cordic.o"
arm-none-eabi-gcc "/home/lucag/STM32CubeIDE/workspace_1.5.0/CORDIC_Sin_DMA/Drivers/STM32G4xx_HAL_Driver/Src/stm32g4xx_hal_cortex.c" -mcpu=cortex-m4 -std=gnu11 -g3 -DUSE_HAL_DRIVER -DSTM32G474xx -DUSE_NUCLEO_64 -DDEBUG -c -I../../Drivers/CMSIS/Device/ST/STM32G4xx/Include -I../../Drivers/STM32G4xx_HAL_Driver/Inc/Legacy -I../../Inc -I../../Drivers/STM32G4xx_HAL_Driver/Inc -I../../Drivers/BSP/STM32G4xx_Nucleo -I../../Drivers/CMSIS/Include -O0 -ffunction-sections -fdata-sections -Wall -fstack-usage -MMD -MP -MF"Drivers/STM32G4xx_HAL_Driver/stm32g4xx_hal_cortex.d" -MT"Drivers/STM32G4xx_HAL_Driver/stm32g4xx_hal_cortex.o" --specs=nano.specs -mfpu=fpv4-sp-d16 -mfloat-abi=hard -mthumb -o "Drivers/STM32G4xx_HAL_Driver/stm32g4xx_hal_cortex.o"
arm-none-eabi-gcc "/home/lucag/STM32CubeIDE/workspace_1.5.0/CORDIC_Sin_DMA/Drivers/STM32G4xx_HAL_Driver/Src/stm32g4xx_hal_dma.c" -mcpu=cortex-m4 -std=gnu11 -g3 -DUSE_HAL_DRIVER -DSTM32G474xx -DUSE_NUCLEO_64 -DDEBUG -c -I../../Drivers/CMSIS/Device/ST/STM32G4xx/Include -I../../Drivers/STM32G4xx_HAL_Driver/Inc/Legacy -I../../Inc -I../../Drivers/STM32G4xx_HAL_Driver/Inc -I../../Drivers/BSP/STM32G4xx_Nucleo -I../../Drivers/CMSIS/Include -O0 -ffunction-sections -fdata-sections -Wall -fstack-usage -MMD -MP -MF"Drivers/STM32G4xx_HAL_Driver/stm32g4xx_hal_dma.d" -MT"Drivers/STM32G4xx_HAL_Driver/stm32g4xx_hal_dma.o" --specs=nano.specs -mfpu=fpv4-sp-d16 -mfloat-abi=hard -mthumb -o "Drivers/STM32G4xx_HAL_Driver/stm32g4xx_hal_dma.o"
arm-none-eabi-gcc "/home/lucag/STM32CubeIDE/workspace_1.5.0/CORDIC_Sin_DMA/Drivers/STM32G4xx_HAL_Driver/Src/stm32g4xx_hal_dma_ex.c" -mcpu=cortex-m4 -std=gnu11 -g3 -DUSE_HAL_DRIVER -DSTM32G474xx -DUSE_NUCLEO_64 -DDEBUG -c -I../../Drivers/CMSIS/Device/ST/STM32G4xx/Include -I../../Drivers/STM32G4xx_HAL_Driver/Inc/Legacy -I../../Inc -I../../Drivers/STM32G4xx_HAL_Driver/Inc -I../../Drivers/BSP/STM32G4xx_Nucleo -I../../Drivers/CMSIS/Include -O0 -ffunction-sections -fdata-sections -Wall -fstack-usage -MMD -MP -MF"Drivers/STM32G4xx_HAL_Driver/stm32g4xx_hal_dma_ex.d" -MT"Drivers/STM32G4xx_HAL_Driver/stm32g4xx_hal_dma_ex.o" --specs=nano.specs -mfpu=fpv4-sp-d16 -mfloat-abi=hard -mthumb -o "Drivers/STM32G4xx_HAL_Driver/stm32g4xx_hal_dma_ex.o"
arm-none-eabi-gcc "/home/lucag/STM32CubeIDE/workspace_1.5.0/CORDIC_Sin_DMA/Drivers/STM32G4xx_HAL_Driver/Src/stm32g4xx_hal_exti.c" -mcpu=cortex-m4 -std=gnu11 -g3 -DUSE_HAL_DRIVER -DSTM32G474xx -DUSE_NUCLEO_64 -DDEBUG -c -I../../Drivers/CMSIS/Device/ST/STM32G4xx/Include -I../../Drivers/STM32G4xx_HAL_Driver/Inc/Legacy -I../../Inc -I../../Drivers/STM32G4xx_HAL_Driver/Inc -I../../Drivers/BSP/STM32G4xx_Nucleo -I../../Drivers/CMSIS/Include -O0 -ffunction-sections -fdata-sections -Wall -fstack-usage -MMD -MP -MF"Drivers/STM32G4xx_HAL_Driver/stm32g4xx_hal_exti.d" -MT"Drivers/STM32G4xx_HAL_Driver/stm32g4xx_hal_exti.o" --specs=nano.specs -mfpu=fpv4-sp-d16 -mfloat-abi=hard -mthumb -o "Drivers/STM32G4xx_HAL_Driver/stm32g4xx_hal_exti.o"
arm-none-eabi-gcc "/home/lucag/STM32CubeIDE/workspace_1.5.0/CORDIC_Sin_DMA/Drivers/STM32G4xx_HAL_Driver/Src/stm32g4xx_hal_flash.c" -mcpu=cortex-m4 -std=gnu11 -g3 -DUSE_HAL_DRIVER -DSTM32G474xx -DUSE_NUCLEO_64 -DDEBUG -c -I../../Drivers/CMSIS/Device/ST/STM32G4xx/Include -I../../Drivers/STM32G4xx_HAL_Driver/Inc/Legacy -I../../Inc -I../../Drivers/STM32G4xx_HAL_Driver/Inc -I../../Drivers/BSP/STM32G4xx_Nucleo -I../../Drivers/CMSIS/Include -O0 -ffunction-sections -fdata-sections -Wall -fstack-usage -MMD -MP -MF"Drivers/STM32G4xx_HAL_Driver/stm32g4xx_hal_flash.d" -MT"Drivers/STM32G4xx_HAL_Driver/stm32g4xx_hal_flash.o" --specs=nano.specs -mfpu=fpv4-sp-d16 -mfloat-abi=hard -mthumb -o "Drivers/STM32G4xx_HAL_Driver/stm32g4xx_hal_flash.o"
arm-none-eabi-gcc "/home/lucag/STM32CubeIDE/workspace_1.5.0/CORDIC_Sin_DMA/Drivers/STM32G4xx_HAL_Driver/Src/stm32g4xx_hal_flash_ex.c" -mcpu=cortex-m4 -std=gnu11 -g3 -DUSE_HAL_DRIVER -DSTM32G474xx -DUSE_NUCLEO_64 -DDEBUG -c -I../../Drivers/CMSIS/Device/ST/STM32G4xx/Include -I../../Drivers/STM32G4xx_HAL_Driver/Inc/Legacy -I../../Inc -I../../Drivers/STM32G4xx_HAL_Driver/Inc -I../../Drivers/BSP/STM32G4xx_Nucleo -I../../Drivers/CMSIS/Include -O0 -ffunction-sections -fdata-sections -Wall -fstack-usage -MMD -MP -MF"Drivers/STM32G4xx_HAL_Driver/stm32g4xx_hal_flash_ex.d" -MT"Drivers/STM32G4xx_HAL_Driver/stm32g4xx_hal_flash_ex.o" --specs=nano.specs -mfpu=fpv4-sp-d16 -mfloat-abi=hard -mthumb -o "Drivers/STM32G4xx_HAL_Driver/stm32g4xx_hal_flash_ex.o"
arm-none-eabi-gcc "/home/lucag/STM32CubeIDE/workspace_1.5.0/CORDIC_Sin_DMA/Drivers/STM32G4xx_HAL_Driver/Src/stm32g4xx_hal_flash_ramfunc.c" -mcpu=cortex-m4 -std=gnu11 -g3 -DUSE_HAL_DRIVER -DSTM32G474xx -DUSE_NUCLEO_64 -DDEBUG -c -I../../Drivers/CMSIS/Device/ST/STM32G4xx/Include -I../../Drivers/STM32G4xx_HAL_Driver/Inc/Legacy -I../../Inc -I../../Drivers/STM32G4xx_HAL_Driver/Inc -I../../Drivers/BSP/STM32G4xx_Nucleo -I../../Drivers/CMSIS/Include -O0 -ffunction-sections -fdata-sections -Wall -fstack-usage -MMD -MP -MF"Drivers/STM32G4xx_HAL_Driver/stm32g4xx_hal_flash_ramfunc.d" -MT"Drivers/STM32G4xx_HAL_Driver/stm32g4xx_hal_flash_ramfunc.o" --specs=nano.specs -mfpu=fpv4-sp-d16 -mfloat-abi=hard -mthumb -o "Drivers/STM32G4xx_HAL_Driver/stm32g4xx_hal_flash_ramfunc.o"
arm-none-eabi-gcc "/home/lucag/STM32CubeIDE/workspace_1.5.0/CORDIC_Sin_DMA/Drivers/STM32G4xx_HAL_Driver/Src/stm32g4xx_hal_gpio.c" -mcpu=cortex-m4 -std=gnu11 -g3 -DUSE_HAL_DRIVER -DSTM32G474xx -DUSE_NUCLEO_64 -DDEBUG -c -I../../Drivers/CMSIS/Device/ST/STM32G4xx/Include -I../../Drivers/STM32G4xx_HAL_Driver/Inc/Legacy -I../../Inc -I../../Drivers/STM32G4xx_HAL_Driver/Inc -I../../Drivers/BSP/STM32G4xx_Nucleo -I../../Drivers/CMSIS/Include -O0 -ffunction-sections -fdata-sections -Wall -fstack-usage -MMD -MP -MF"Drivers/STM32G4xx_HAL_Driver/stm32g4xx_hal_gpio.d" -MT"Drivers/STM32G4xx_HAL_Driver/stm32g4xx_hal_gpio.o" --specs=nano.specs -mfpu=fpv4-sp-d16 -mfloat-abi=hard -mthumb -o "Drivers/STM32G4xx_HAL_Driver/stm32g4xx_hal_gpio.o"
arm-none-eabi-gcc "/home/lucag/STM32CubeIDE/workspace_1.5.0/CORDIC_Sin_DMA/Drivers/STM32G4xx_HAL_Driver/Src/stm32g4xx_hal_pwr.c" -mcpu=cortex-m4 -std=gnu11 -g3 -DUSE_HAL_DRIVER -DSTM32G474xx -DUSE_NUCLEO_64 -DDEBUG -c -I../../Drivers/CMSIS/Device/ST/STM32G4xx/Include -I../../Drivers/STM32G4xx_HAL_Driver/Inc/Legacy -I../../Inc -I../../Drivers/STM32G4xx_HAL_Driver/Inc -I../../Drivers/BSP/STM32G4xx_Nucleo -I../../Drivers/CMSIS/Include -O0 -ffunction-sections -fdata-sections -Wall -fstack-usage -MMD -MP -MF"Drivers/STM32G4xx_HAL_Driver/stm32g4xx_hal_pwr.d" -MT"Drivers/STM32G4xx_HAL_Driver/stm32g4xx_hal_pwr.o" --specs=nano.specs -mfpu=fpv4-sp-d16 -mfloat-abi=hard -mthumb -o "Drivers/STM32G4xx_HAL_Driver/stm32g4xx_hal_pwr.o"
arm-none-eabi-gcc "/home/lucag/STM32CubeIDE/workspace_1.5.0/CORDIC_Sin_DMA/Drivers/STM32G4xx_HAL_Driver/Src/stm32g4xx_hal_pwr_ex.c" -mcpu=cortex-m4 -std=gnu11 -g3 -DUSE_HAL_DRIVER -DSTM32G474xx -DUSE_NUCLEO_64 -DDEBUG -c -I../../Drivers/CMSIS/Device/ST/STM32G4xx/Include -I../../Drivers/STM32G4xx_HAL_Driver/Inc/Legacy -I../../Inc -I../../Drivers/STM32G4xx_HAL_Driver/Inc -I../../Drivers/BSP/STM32G4xx_Nucleo -I../../Drivers/CMSIS/Include -O0 -ffunction-sections -fdata-sections -Wall -fstack-usage -MMD -MP -MF"Drivers/STM32G4xx_HAL_Driver/stm32g4xx_hal_pwr_ex.d" -MT"Drivers/STM32G4xx_HAL_Driver/stm32g4xx_hal_pwr_ex.o" --specs=nano.specs -mfpu=fpv4-sp-d16 -mfloat-abi=hard -mthumb -o "Drivers/STM32G4xx_HAL_Driver/stm32g4xx_hal_pwr_ex.o"
arm-none-eabi-gcc "/home/lucag/STM32CubeIDE/workspace_1.5.0/CORDIC_Sin_DMA/Drivers/STM32G4xx_HAL_Driver/Src/stm32g4xx_hal_rcc.c" -mcpu=cortex-m4 -std=gnu11 -g3 -DUSE_HAL_DRIVER -DSTM32G474xx -DUSE_NUCLEO_64 -DDEBUG -c -I../../Drivers/CMSIS/Device/ST/STM32G4xx/Include -I../../Drivers/STM32G4xx_HAL_Driver/Inc/Legacy -I../../Inc -I../../Drivers/STM32G4xx_HAL_Driver/Inc -I../../Drivers/BSP/STM32G4xx_Nucleo -I../../Drivers/CMSIS/Include -O0 -ffunction-sections -fdata-sections -Wall -fstack-usage -MMD -MP -MF"Drivers/STM32G4xx_HAL_Driver/stm32g4xx_hal_rcc.d" -MT"Drivers/STM32G4xx_HAL_Driver/stm32g4xx_hal_rcc.o" --specs=nano.specs -mfpu=fpv4-sp-d16 -mfloat-abi=hard -mthumb -o "Drivers/STM32G4xx_HAL_Driver/stm32g4xx_hal_rcc.o"
arm-none-eabi-gcc "/home/lucag/STM32CubeIDE/workspace_1.5.0/CORDIC_Sin_DMA/Drivers/STM32G4xx_HAL_Driver/Src/stm32g4xx_hal_rcc_ex.c" -mcpu=cortex-m4 -std=gnu11 -g3 -DUSE_HAL_DRIVER -DSTM32G474xx -DUSE_NUCLEO_64 -DDEBUG -c -I../../Drivers/CMSIS/Device/ST/STM32G4xx/Include -I../../Drivers/STM32G4xx_HAL_Driver/Inc/Legacy -I../../Inc -I../../Drivers/STM32G4xx_HAL_Driver/Inc -I../../Drivers/BSP/STM32G4xx_Nucleo -I../../Drivers/CMSIS/Include -O0 -ffunction-sections -fdata-sections -Wall -fstack-usage -MMD -MP -MF"Drivers/STM32G4xx_HAL_Driver/stm32g4xx_hal_rcc_ex.d" -MT"Drivers/STM32G4xx_HAL_Driver/stm32g4xx_hal_rcc_ex.o" --specs=nano.specs -mfpu=fpv4-sp-d16 -mfloat-abi=hard -mthumb -o "Drivers/STM32G4xx_HAL_Driver/stm32g4xx_hal_rcc_ex.o"
arm-none-eabi-gcc "/home/lucag/STM32CubeIDE/workspace_1.5.0/CORDIC_Sin_DMA/Drivers/STM32G4xx_HAL_Driver/Src/stm32g4xx_hal_tim.c" -mcpu=cortex-m4 -std=gnu11 -g3 -DUSE_HAL_DRIVER -DSTM32G474xx -DUSE_NUCLEO_64 -DDEBUG -c -I../../Drivers/CMSIS/Device/ST/STM32G4xx/Include -I../../Drivers/STM32G4xx_HAL_Driver/Inc/Legacy -I../../Inc -I../../Drivers/STM32G4xx_HAL_Driver/Inc -I../../Drivers/BSP/STM32G4xx_Nucleo -I../../Drivers/CMSIS/Include -O0 -ffunction-sections -fdata-sections -Wall -fstack-usage -MMD -MP -MF"Drivers/STM32G4xx_HAL_Driver/stm32g4xx_hal_tim.d" -MT"Drivers/STM32G4xx_HAL_Driver/stm32g4xx_hal_tim.o" --specs=nano.specs -mfpu=fpv4-sp-d16 -mfloat-abi=hard -mthumb -o "Drivers/STM32G4xx_HAL_Driver/stm32g4xx_hal_tim.o"
arm-none-eabi-gcc "/home/lucag/STM32CubeIDE/workspace_1.5.0/CORDIC_Sin_DMA/Drivers/STM32G4xx_HAL_Driver/Src/stm32g4xx_hal_tim_ex.c" -mcpu=cortex-m4 -std=gnu11 -g3 -DUSE_HAL_DRIVER -DSTM32G474xx -DUSE_NUCLEO_64 -DDEBUG -c -I../../Drivers/CMSIS/Device/ST/STM32G4xx/Include -I../../Drivers/STM32G4xx_HAL_Driver/Inc/Legacy -I../../Inc -I../../Drivers/STM32G4xx_HAL_Driver/Inc -I../../Drivers/BSP/STM32G4xx_Nucleo -I../../Drivers/CMSIS/Include -O0 -ffunction-sections -fdata-sections -Wall -fstack-usage -MMD -MP -MF"Drivers/STM32G4xx_HAL_Driver/stm32g4xx_hal_tim_ex.d" -MT"Drivers/STM32G4xx_HAL_Driver/stm32g4xx_hal_tim_ex.o" --specs=nano.specs -mfpu=fpv4-sp-d16 -mfloat-abi=hard -mthumb -o "Drivers/STM32G4xx_HAL_Driver/stm32g4xx_hal_tim_ex.o"
arm-none-eabi-gcc "/home/lucag/STM32CubeIDE/workspace_1.5.0/CORDIC_Sin_DMA/Drivers/STM32G4xx_HAL_Driver/Src/stm32g4xx_hal_uart.c" -mcpu=cortex-m4 -std=gnu11 -g3 -DUSE_HAL_DRIVER -DSTM32G474xx -DUSE_NUCLEO_64 -DDEBUG -c -I../../Drivers/CMSIS/Device/ST/STM32G4xx/Include -I../../Drivers/STM32G4xx_HAL_Driver/Inc/Legacy -I../../Inc -I../../Drivers/STM32G4xx_HAL_Driver/Inc -I../../Drivers/BSP/STM32G4xx_Nucleo -I../../Drivers/CMSIS/Include -O0 -ffunction-sections -fdata-sections -Wall -fstack-usage -MMD -MP -MF"Drivers/STM32G4xx_HAL_Driver/stm32g4xx_hal_uart.d" -MT"Drivers/STM32G4xx_HAL_Driver/stm32g4xx_hal_uart.o" --specs=nano.specs -mfpu=fpv4-sp-d16 -mfloat-abi=hard -mthumb -o "Drivers/STM32G4xx_HAL_Driver/stm32g4xx_hal_uart.o"
arm-none-eabi-gcc "/home/lucag/STM32CubeIDE/workspace_1.5.0/CORDIC_Sin_DMA/Drivers/STM32G4xx_HAL_Driver/Src/stm32g4xx_hal_uart_ex.c" -mcpu=cortex-m4 -std=gnu11 -g3 -DUSE_HAL_DRIVER -DSTM32G474xx -DUSE_NUCLEO_64 -DDEBUG -c -I../../Drivers/CMSIS/Device/ST/STM32G4xx/Include -I../../Drivers/STM32G4xx_HAL_Driver/Inc/Legacy -I../../Inc -I../../Drivers/STM32G4xx_HAL_Driver/Inc -I../../Drivers/BSP/STM32G4xx_Nucleo -I../../Drivers/CMSIS/Include -O0 -ffunction-sections -fdata-sections -Wall -fstack-usage -MMD -MP -MF"Drivers/STM32G4xx_HAL_Driver/stm32g4xx_hal_uart_ex.d" -MT"Drivers/STM32G4xx_HAL_Driver/stm32g4xx_hal_uart_ex.o" --specs=nano.specs -mfpu=fpv4-sp-d16 -mfloat-abi=hard -mthumb -o "Drivers/STM32G4xx_HAL_Driver/stm32g4xx_hal_uart_ex.o"
arm-none-eabi-gcc "/home/lucag/STM32CubeIDE/workspace_1.5.0/CORDIC_Sin_DMA/Drivers/STM32G4xx_HAL_Driver/Src/stm32g4xx_ll_pwr.c" -mcpu=cortex-m4 -std=gnu11 -g3 -DUSE_HAL_DRIVER -DSTM32G474xx -DUSE_NUCLEO_64 -DDEBUG -c -I../../Drivers/CMSIS/Device/ST/STM32G4xx/Include -I../../Drivers/STM32G4xx_HAL_Driver/Inc/Legacy -I../../Inc -I../../Drivers/STM32G4xx_HAL_Driver/Inc -I../../Drivers/BSP/STM32G4xx_Nucleo -I../../Drivers/CMSIS/Include -O0 -ffunction-sections -fdata-sections -Wall -fstack-usage -MMD -MP -MF"Drivers/STM32G4xx_HAL_Driver/stm32g4xx_ll_pwr.d" -MT"Drivers/STM32G4xx_HAL_Driver/stm32g4xx_ll_pwr.o" --specs=nano.specs -mfpu=fpv4-sp-d16 -mfloat-abi=hard -mthumb -o "Drivers/STM32G4xx_HAL_Driver/stm32g4xx_ll_pwr.o"
arm-none-eabi-gcc "/home/lucag/STM32CubeIDE/workspace_1.5.0/CORDIC_Sin_DMA/Src/system_stm32g4xx.c" -mcpu=cortex-m4 -std=gnu11 -g3 -DUSE_HAL_DRIVER -DSTM32G474xx -DUSE_NUCLEO_64 -DDEBUG -c -I../../Drivers/CMSIS/Device/ST/STM32G4xx/Include -I../../Drivers/STM32G4xx_HAL_Driver/Inc/Legacy -I../../Inc -I../../Drivers/STM32G4xx_HAL_Driver/Inc -I../../Drivers/BSP/STM32G4xx_Nucleo -I../../Drivers/CMSIS/Include -O0 -ffunction-sections -fdata-sections -Wall -fstack-usage -MMD -MP -MF"Drivers/CMSIS/system_stm32g4xx.d" -MT"Drivers/CMSIS/system_stm32g4xx.o" --specs=nano.specs -mfpu=fpv4-sp-d16 -mfloat-abi=hard -mthumb -o "Drivers/CMSIS/system_stm32g4xx.o"
arm-none-eabi-gcc "/home/lucag/STM32CubeIDE/workspace_1.5.0/CORDIC_Sin_DMA/Drivers/BSP/STM32G4xx_Nucleo/stm32g4xx_nucleo.c" -mcpu=cortex-m4 -std=gnu11 -g3 -DUSE_HAL_DRIVER -DSTM32G474xx -DUSE_NUCLEO_64 -DDEBUG -c -I../../Drivers/CMSIS/Device/ST/STM32G4xx/Include -I../../Drivers/STM32G4xx_HAL_Driver/Inc/Legacy -I../../Inc -I../../Drivers/STM32G4xx_HAL_Driver/Inc -I../../Drivers/BSP/STM32G4xx_Nucleo -I../../Drivers/CMSIS/Include -O0 -ffunction-sections -fdata-sections -Wall -fstack-usage -MMD -MP -MF"Drivers/BSP/STM32G4xx_Nucleo/stm32g4xx_nucleo.d" -MT"Drivers/BSP/STM32G4xx_Nucleo/stm32g4xx_nucleo.o" --specs=nano.specs -mfpu=fpv4-sp-d16 -mfloat-abi=hard -mthumb -o "Drivers/BSP/STM32G4xx_Nucleo/stm32g4xx_nucleo.o"
arm-none-eabi-gcc "/home/lucag/STM32CubeIDE/workspace_1.5.0/CORDIC_Sin_DMA/Src/main.c" -mcpu=cortex-m4 -std=gnu11 -g3 -DUSE_HAL_DRIVER -DSTM32G474xx -DUSE_NUCLEO_64 -DDEBUG -c -I../../Drivers/CMSIS/Device/ST/STM32G4xx/Include -I../../Drivers/STM32G4xx_HAL_Driver/Inc/Legacy -I../../Inc -I../../Drivers/STM32G4xx_HAL_Driver/Inc -I../../Drivers/BSP/STM32G4xx_Nucleo -I../../Drivers/CMSIS/Include -O0 -ffunction-sections -fdata-sections -Wall -fstack-usage -MMD -MP -MF"Application/User/main.d" -MT"Application/User/main.o" --specs=nano.specs -mfpu=fpv4-sp-d16 -mfloat-abi=hard -mthumb -o "Application/User/main.o"
arm-none-eabi-gcc "/home/lucag/STM32CubeIDE/workspace_1.5.0/CORDIC_Sin_DMA/Src/stm32g4xx_hal_msp.c" -mcpu=cortex-m4 -std=gnu11 -g3 -DUSE_HAL_DRIVER -DSTM32G474xx -DUSE_NUCLEO_64 -DDEBUG -c -I../../Drivers/CMSIS/Device/ST/STM32G4xx/Include -I../../Drivers/STM32G4xx_HAL_Driver/Inc/Legacy -I../../Inc -I../../Drivers/STM32G4xx_HAL_Driver/Inc -I../../Drivers/BSP/STM32G4xx_Nucleo -I../../Drivers/CMSIS/Include -O0 -ffunction-sections -fdata-sections -Wall -fstack-usage -MMD -MP -MF"Application/User/stm32g4xx_hal_msp.d" -MT"Application/User/stm32g4xx_hal_msp.o" --specs=nano.specs -mfpu=fpv4-sp-d16 -mfloat-abi=hard -mthumb -o "Application/User/stm32g4xx_hal_msp.o"
arm-none-eabi-gcc "/home/lucag/STM32CubeIDE/workspace_1.5.0/CORDIC_Sin_DMA/Src/stm32g4xx_it.c" -mcpu=cortex-m4 -std=gnu11 -g3 -DUSE_HAL_DRIVER -DSTM32G474xx -DUSE_NUCLEO_64 -DDEBUG -c -I../../Drivers/CMSIS/Device/ST/STM32G4xx/Include -I../../Drivers/STM32G4xx_HAL_Driver/Inc/Legacy -I../../Inc -I../../Drivers/STM32G4xx_HAL_Driver/Inc -I../../Drivers/BSP/STM32G4xx_Nucleo -I../../Drivers/CMSIS/Include -O0 -ffunction-sections -fdata-sections -Wall -fstack-usage -MMD -MP -MF"Application/User/stm32g4xx_it.d" -MT"Application/User/stm32g4xx_it.o" --specs=nano.specs -mfpu=fpv4-sp-d16 -mfloat-abi=hard -mthumb -o "Application/User/stm32g4xx_it.o"
arm-none-eabi-gcc "../Application/User/syscalls.c" -mcpu=cortex-m4 -std=gnu11 -g3 -DUSE_HAL_DRIVER -DSTM32G474xx -DUSE_NUCLEO_64 -DDEBUG -c -I../../Drivers/CMSIS/Device/ST/STM32G4xx/Include -I../../Drivers/STM32G4xx_HAL_Driver/Inc/Legacy -I../../Inc -I../../Drivers/STM32G4xx_HAL_Driver/Inc -I../../Drivers/BSP/STM32G4xx_Nucleo -I../../Drivers/CMSIS/Include -O0 -ffunction-sections -fdata-sections -Wall -fstack-usage -MMD -MP -MF"Application/User/syscalls.d" -MT"Application/User/syscalls.o" --specs=nano.specs -mfpu=fpv4-sp-d16 -mfloat-abi=hard -mthumb -o "Application/User/syscalls.o"
arm-none-eabi-gcc "../Application/User/sysmem.c" -mcpu=cortex-m4 -std=gnu11 -g3 -DUSE_HAL_DRIVER -DSTM32G474xx -DUSE_NUCLEO_64 -DDEBUG -c -I../../Drivers/CMSIS/Device/ST/STM32G4xx/Include -I../../Drivers/STM32G4xx_HAL_Driver/Inc/Legacy -I../../Inc -I../../Drivers/STM32G4xx_HAL_Driver/Inc -I../../Drivers/BSP/STM32G4xx_Nucleo -I../../Drivers/CMSIS/Include -O0 -ffunction-sections -fdata-sections -Wall -fstack-usage -MMD -MP -MF"Application/User/sysmem.d" -MT"Application/User/sysmem.o" --specs=nano.specs -mfpu=fpv4-sp-d16 -mfloat-abi=hard -mthumb -o "Application/User/sysmem.o"
arm-none-eabi-gcc -mcpu=cortex-m4 -g3 -c -x assembler-with-cpp -MMD -MP -MF"Application/Startup/startup_stm32g474retx.d" -MT"Application/Startup/startup_stm32g474retx.o" --specs=nano.specs -mfpu=fpv4-sp-d16 -mfloat-abi=hard -mthumb -o "Application/Startup/startup_stm32g474retx.o" "../Application/Startup/startup_stm32g474retx.s"
arm-none-eabi-gcc -o "CORDIC_Sin_DMA.elf" @"objects.list"   -mcpu=cortex-m4 -T"/home/lucag/STM32CubeIDE/workspace_1.5.0/CORDIC_Sin_DMA/STM32CubeIDE/STM32G474RETX_FLASH.ld" --specs=nosys.specs -Wl,-Map="CORDIC_Sin_DMA.map" -Wl,--gc-sections -static --specs=nano.specs -mfpu=fpv4-sp-d16 -mfloat-abi=hard -mthumb -Wl,--start-group -lc -lm -Wl,--end-group
Finished building target: CORDIC_Sin_DMA.elf
 
arm-none-eabi-size   CORDIC_Sin_DMA.elf 
arm-none-eabi-objdump -h -S  CORDIC_Sin_DMA.elf  > "CORDIC_Sin_DMA.list"
arm-none-eabi-objcopy  -O binary  CORDIC_Sin_DMA.elf  "CORDIC_Sin_DMA.bin"
   text	   data	    bss	    dec	    hex	filename
   8788	    536	   2088	  11412	   2c94	CORDIC_Sin_DMA.elf
Finished building: default.size.stdout
 
Finished building: CORDIC_Sin_DMA.bin
 
Finished building: CORDIC_Sin_DMA.list
 
17:07:05 **** Incremental Build of configuration Debug for project CORDIC_Sin_DMA ****
make -j4 all 
arm-none-eabi-size   CORDIC_Sin_DMA.elf 
   text	   data	    bss	    dec	    hex	filename
   8788	    536	   2088	  11412	   2c94	CORDIC_Sin_DMA.elf
Finished building: default.size.stdout
 
17:17:53 **** Incremental Build of configuration Debug for project CORDIC_Sin_DMA ****
make -j4 all 
arm-none-eabi-size   CORDIC_Sin_DMA.elf 
   text	   data	    bss	    dec	    hex	filename
   8788	    536	   2088	  11412	   2c94	CORDIC_Sin_DMA.elf
Finished building: default.size.stdout
 
17:19:15 **** Incremental Build of configuration Debug for project CORDIC_Sin_DMA ****
make -j4 all 
arm-none-eabi-size   CORDIC_Sin_DMA.elf 
   text	   data	    bss	    dec	    hex	filename
   8788	    536	   2088	  11412	   2c94	CORDIC_Sin_DMA.elf
Finished building: default.size.stdout
 
10:59:03 **** Incremental Build of configuration Debug for project proto-altsdr ****
make -j4 all 
arm-none-eabi-size   proto-altsdr.elf 
   text	   data	    bss	    dec	    hex	filename
  11656	     20	   1756	  13432	   3478	proto-altsdr.elf
Finished building: default.size.stdout
 
11:19:10 **** Build of configuration Debug for project altsdr-DAC_WRITE ****
make -j4 all 
arm-none-eabi-gcc "/home/lucag/STM32Cube/Repository/STM32Cube_FW_G4_V1.3.0/Drivers/STM32G4xx_HAL_Driver/Src/stm32g4xx_hal.c" -mcpu=cortex-m4 -std=gnu11 -g3 -DUSE_HAL_DRIVER -DSTM32G474xx -DDEBUG -c -I../Core/Inc -I/home/lucag/STM32Cube/Repository/STM32Cube_FW_G4_V1.3.0/Drivers/STM32G4xx_HAL_Driver/Inc -I/home/lucag/STM32Cube/Repository/STM32Cube_FW_G4_V1.3.0/Drivers/STM32G4xx_HAL_Driver/Inc/Legacy -I/home/lucag/STM32Cube/Repository/STM32Cube_FW_G4_V1.3.0/Drivers/CMSIS/Device/ST/STM32G4xx/Include -I/home/lucag/STM32Cube/Repository/STM32Cube_FW_G4_V1.3.0/Drivers/CMSIS/Include -O0 -ffunction-sections -fdata-sections -Wall -fstack-usage -MMD -MP -MF"Drivers/STM32G4xx_HAL_Driver/stm32g4xx_hal.d" -MT"Drivers/STM32G4xx_HAL_Driver/stm32g4xx_hal.o" --specs=nano.specs -mfpu=fpv4-sp-d16 -mfloat-abi=hard -mthumb -o "Drivers/STM32G4xx_HAL_Driver/stm32g4xx_hal.o"
arm-none-eabi-gcc "/home/lucag/STM32Cube/Repository/STM32Cube_FW_G4_V1.3.0/Drivers/STM32G4xx_HAL_Driver/Src/stm32g4xx_hal_cortex.c" -mcpu=cortex-m4 -std=gnu11 -g3 -DUSE_HAL_DRIVER -DSTM32G474xx -DDEBUG -c -I../Core/Inc -I/home/lucag/STM32Cube/Repository/STM32Cube_FW_G4_V1.3.0/Drivers/STM32G4xx_HAL_Driver/Inc -I/home/lucag/STM32Cube/Repository/STM32Cube_FW_G4_V1.3.0/Drivers/STM32G4xx_HAL_Driver/Inc/Legacy -I/home/lucag/STM32Cube/Repository/STM32Cube_FW_G4_V1.3.0/Drivers/CMSIS/Device/ST/STM32G4xx/Include -I/home/lucag/STM32Cube/Repository/STM32Cube_FW_G4_V1.3.0/Drivers/CMSIS/Include -O0 -ffunction-sections -fdata-sections -Wall -fstack-usage -MMD -MP -MF"Drivers/STM32G4xx_HAL_Driver/stm32g4xx_hal_cortex.d" -MT"Drivers/STM32G4xx_HAL_Driver/stm32g4xx_hal_cortex.o" --specs=nano.specs -mfpu=fpv4-sp-d16 -mfloat-abi=hard -mthumb -o "Drivers/STM32G4xx_HAL_Driver/stm32g4xx_hal_cortex.o"
arm-none-eabi-gcc "/home/lucag/STM32Cube/Repository/STM32Cube_FW_G4_V1.3.0/Drivers/STM32G4xx_HAL_Driver/Src/stm32g4xx_hal_dac.c" -mcpu=cortex-m4 -std=gnu11 -g3 -DUSE_HAL_DRIVER -DSTM32G474xx -DDEBUG -c -I../Core/Inc -I/home/lucag/STM32Cube/Repository/STM32Cube_FW_G4_V1.3.0/Drivers/STM32G4xx_HAL_Driver/Inc -I/home/lucag/STM32Cube/Repository/STM32Cube_FW_G4_V1.3.0/Drivers/STM32G4xx_HAL_Driver/Inc/Legacy -I/home/lucag/STM32Cube/Repository/STM32Cube_FW_G4_V1.3.0/Drivers/CMSIS/Device/ST/STM32G4xx/Include -I/home/lucag/STM32Cube/Repository/STM32Cube_FW_G4_V1.3.0/Drivers/CMSIS/Include -O0 -ffunction-sections -fdata-sections -Wall -fstack-usage -MMD -MP -MF"Drivers/STM32G4xx_HAL_Driver/stm32g4xx_hal_dac.d" -MT"Drivers/STM32G4xx_HAL_Driver/stm32g4xx_hal_dac.o" --specs=nano.specs -mfpu=fpv4-sp-d16 -mfloat-abi=hard -mthumb -o "Drivers/STM32G4xx_HAL_Driver/stm32g4xx_hal_dac.o"
arm-none-eabi-gcc "/home/lucag/STM32Cube/Repository/STM32Cube_FW_G4_V1.3.0/Drivers/STM32G4xx_HAL_Driver/Src/stm32g4xx_hal_dac_ex.c" -mcpu=cortex-m4 -std=gnu11 -g3 -DUSE_HAL_DRIVER -DSTM32G474xx -DDEBUG -c -I../Core/Inc -I/home/lucag/STM32Cube/Repository/STM32Cube_FW_G4_V1.3.0/Drivers/STM32G4xx_HAL_Driver/Inc -I/home/lucag/STM32Cube/Repository/STM32Cube_FW_G4_V1.3.0/Drivers/STM32G4xx_HAL_Driver/Inc/Legacy -I/home/lucag/STM32Cube/Repository/STM32Cube_FW_G4_V1.3.0/Drivers/CMSIS/Device/ST/STM32G4xx/Include -I/home/lucag/STM32Cube/Repository/STM32Cube_FW_G4_V1.3.0/Drivers/CMSIS/Include -O0 -ffunction-sections -fdata-sections -Wall -fstack-usage -MMD -MP -MF"Drivers/STM32G4xx_HAL_Driver/stm32g4xx_hal_dac_ex.d" -MT"Drivers/STM32G4xx_HAL_Driver/stm32g4xx_hal_dac_ex.o" --specs=nano.specs -mfpu=fpv4-sp-d16 -mfloat-abi=hard -mthumb -o "Drivers/STM32G4xx_HAL_Driver/stm32g4xx_hal_dac_ex.o"
arm-none-eabi-gcc "/home/lucag/STM32Cube/Repository/STM32Cube_FW_G4_V1.3.0/Drivers/STM32G4xx_HAL_Driver/Src/stm32g4xx_hal_dma.c" -mcpu=cortex-m4 -std=gnu11 -g3 -DUSE_HAL_DRIVER -DSTM32G474xx -DDEBUG -c -I../Core/Inc -I/home/lucag/STM32Cube/Repository/STM32Cube_FW_G4_V1.3.0/Drivers/STM32G4xx_HAL_Driver/Inc -I/home/lucag/STM32Cube/Repository/STM32Cube_FW_G4_V1.3.0/Drivers/STM32G4xx_HAL_Driver/Inc/Legacy -I/home/lucag/STM32Cube/Repository/STM32Cube_FW_G4_V1.3.0/Drivers/CMSIS/Device/ST/STM32G4xx/Include -I/home/lucag/STM32Cube/Repository/STM32Cube_FW_G4_V1.3.0/Drivers/CMSIS/Include -O0 -ffunction-sections -fdata-sections -Wall -fstack-usage -MMD -MP -MF"Drivers/STM32G4xx_HAL_Driver/stm32g4xx_hal_dma.d" -MT"Drivers/STM32G4xx_HAL_Driver/stm32g4xx_hal_dma.o" --specs=nano.specs -mfpu=fpv4-sp-d16 -mfloat-abi=hard -mthumb -o "Drivers/STM32G4xx_HAL_Driver/stm32g4xx_hal_dma.o"
arm-none-eabi-gcc "/home/lucag/STM32Cube/Repository/STM32Cube_FW_G4_V1.3.0/Drivers/STM32G4xx_HAL_Driver/Src/stm32g4xx_hal_dma_ex.c" -mcpu=cortex-m4 -std=gnu11 -g3 -DUSE_HAL_DRIVER -DSTM32G474xx -DDEBUG -c -I../Core/Inc -I/home/lucag/STM32Cube/Repository/STM32Cube_FW_G4_V1.3.0/Drivers/STM32G4xx_HAL_Driver/Inc -I/home/lucag/STM32Cube/Repository/STM32Cube_FW_G4_V1.3.0/Drivers/STM32G4xx_HAL_Driver/Inc/Legacy -I/home/lucag/STM32Cube/Repository/STM32Cube_FW_G4_V1.3.0/Drivers/CMSIS/Device/ST/STM32G4xx/Include -I/home/lucag/STM32Cube/Repository/STM32Cube_FW_G4_V1.3.0/Drivers/CMSIS/Include -O0 -ffunction-sections -fdata-sections -Wall -fstack-usage -MMD -MP -MF"Drivers/STM32G4xx_HAL_Driver/stm32g4xx_hal_dma_ex.d" -MT"Drivers/STM32G4xx_HAL_Driver/stm32g4xx_hal_dma_ex.o" --specs=nano.specs -mfpu=fpv4-sp-d16 -mfloat-abi=hard -mthumb -o "Drivers/STM32G4xx_HAL_Driver/stm32g4xx_hal_dma_ex.o"
arm-none-eabi-gcc "/home/lucag/STM32Cube/Repository/STM32Cube_FW_G4_V1.3.0/Drivers/STM32G4xx_HAL_Driver/Src/stm32g4xx_hal_exti.c" -mcpu=cortex-m4 -std=gnu11 -g3 -DUSE_HAL_DRIVER -DSTM32G474xx -DDEBUG -c -I../Core/Inc -I/home/lucag/STM32Cube/Repository/STM32Cube_FW_G4_V1.3.0/Drivers/STM32G4xx_HAL_Driver/Inc -I/home/lucag/STM32Cube/Repository/STM32Cube_FW_G4_V1.3.0/Drivers/STM32G4xx_HAL_Driver/Inc/Legacy -I/home/lucag/STM32Cube/Repository/STM32Cube_FW_G4_V1.3.0/Drivers/CMSIS/Device/ST/STM32G4xx/Include -I/home/lucag/STM32Cube/Repository/STM32Cube_FW_G4_V1.3.0/Drivers/CMSIS/Include -O0 -ffunction-sections -fdata-sections -Wall -fstack-usage -MMD -MP -MF"Drivers/STM32G4xx_HAL_Driver/stm32g4xx_hal_exti.d" -MT"Drivers/STM32G4xx_HAL_Driver/stm32g4xx_hal_exti.o" --specs=nano.specs -mfpu=fpv4-sp-d16 -mfloat-abi=hard -mthumb -o "Drivers/STM32G4xx_HAL_Driver/stm32g4xx_hal_exti.o"
arm-none-eabi-gcc "/home/lucag/STM32Cube/Repository/STM32Cube_FW_G4_V1.3.0/Drivers/STM32G4xx_HAL_Driver/Src/stm32g4xx_hal_flash.c" -mcpu=cortex-m4 -std=gnu11 -g3 -DUSE_HAL_DRIVER -DSTM32G474xx -DDEBUG -c -I../Core/Inc -I/home/lucag/STM32Cube/Repository/STM32Cube_FW_G4_V1.3.0/Drivers/STM32G4xx_HAL_Driver/Inc -I/home/lucag/STM32Cube/Repository/STM32Cube_FW_G4_V1.3.0/Drivers/STM32G4xx_HAL_Driver/Inc/Legacy -I/home/lucag/STM32Cube/Repository/STM32Cube_FW_G4_V1.3.0/Drivers/CMSIS/Device/ST/STM32G4xx/Include -I/home/lucag/STM32Cube/Repository/STM32Cube_FW_G4_V1.3.0/Drivers/CMSIS/Include -O0 -ffunction-sections -fdata-sections -Wall -fstack-usage -MMD -MP -MF"Drivers/STM32G4xx_HAL_Driver/stm32g4xx_hal_flash.d" -MT"Drivers/STM32G4xx_HAL_Driver/stm32g4xx_hal_flash.o" --specs=nano.specs -mfpu=fpv4-sp-d16 -mfloat-abi=hard -mthumb -o "Drivers/STM32G4xx_HAL_Driver/stm32g4xx_hal_flash.o"
arm-none-eabi-gcc "/home/lucag/STM32Cube/Repository/STM32Cube_FW_G4_V1.3.0/Drivers/STM32G4xx_HAL_Driver/Src/stm32g4xx_hal_flash_ex.c" -mcpu=cortex-m4 -std=gnu11 -g3 -DUSE_HAL_DRIVER -DSTM32G474xx -DDEBUG -c -I../Core/Inc -I/home/lucag/STM32Cube/Repository/STM32Cube_FW_G4_V1.3.0/Drivers/STM32G4xx_HAL_Driver/Inc -I/home/lucag/STM32Cube/Repository/STM32Cube_FW_G4_V1.3.0/Drivers/STM32G4xx_HAL_Driver/Inc/Legacy -I/home/lucag/STM32Cube/Repository/STM32Cube_FW_G4_V1.3.0/Drivers/CMSIS/Device/ST/STM32G4xx/Include -I/home/lucag/STM32Cube/Repository/STM32Cube_FW_G4_V1.3.0/Drivers/CMSIS/Include -O0 -ffunction-sections -fdata-sections -Wall -fstack-usage -MMD -MP -MF"Drivers/STM32G4xx_HAL_Driver/stm32g4xx_hal_flash_ex.d" -MT"Drivers/STM32G4xx_HAL_Driver/stm32g4xx_hal_flash_ex.o" --specs=nano.specs -mfpu=fpv4-sp-d16 -mfloat-abi=hard -mthumb -o "Drivers/STM32G4xx_HAL_Driver/stm32g4xx_hal_flash_ex.o"
arm-none-eabi-gcc "/home/lucag/STM32Cube/Repository/STM32Cube_FW_G4_V1.3.0/Drivers/STM32G4xx_HAL_Driver/Src/stm32g4xx_hal_flash_ramfunc.c" -mcpu=cortex-m4 -std=gnu11 -g3 -DUSE_HAL_DRIVER -DSTM32G474xx -DDEBUG -c -I../Core/Inc -I/home/lucag/STM32Cube/Repository/STM32Cube_FW_G4_V1.3.0/Drivers/STM32G4xx_HAL_Driver/Inc -I/home/lucag/STM32Cube/Repository/STM32Cube_FW_G4_V1.3.0/Drivers/STM32G4xx_HAL_Driver/Inc/Legacy -I/home/lucag/STM32Cube/Repository/STM32Cube_FW_G4_V1.3.0/Drivers/CMSIS/Device/ST/STM32G4xx/Include -I/home/lucag/STM32Cube/Repository/STM32Cube_FW_G4_V1.3.0/Drivers/CMSIS/Include -O0 -ffunction-sections -fdata-sections -Wall -fstack-usage -MMD -MP -MF"Drivers/STM32G4xx_HAL_Driver/stm32g4xx_hal_flash_ramfunc.d" -MT"Drivers/STM32G4xx_HAL_Driver/stm32g4xx_hal_flash_ramfunc.o" --specs=nano.specs -mfpu=fpv4-sp-d16 -mfloat-abi=hard -mthumb -o "Drivers/STM32G4xx_HAL_Driver/stm32g4xx_hal_flash_ramfunc.o"
arm-none-eabi-gcc "/home/lucag/STM32Cube/Repository/STM32Cube_FW_G4_V1.3.0/Drivers/STM32G4xx_HAL_Driver/Src/stm32g4xx_hal_gpio.c" -mcpu=cortex-m4 -std=gnu11 -g3 -DUSE_HAL_DRIVER -DSTM32G474xx -DDEBUG -c -I../Core/Inc -I/home/lucag/STM32Cube/Repository/STM32Cube_FW_G4_V1.3.0/Drivers/STM32G4xx_HAL_Driver/Inc -I/home/lucag/STM32Cube/Repository/STM32Cube_FW_G4_V1.3.0/Drivers/STM32G4xx_HAL_Driver/Inc/Legacy -I/home/lucag/STM32Cube/Repository/STM32Cube_FW_G4_V1.3.0/Drivers/CMSIS/Device/ST/STM32G4xx/Include -I/home/lucag/STM32Cube/Repository/STM32Cube_FW_G4_V1.3.0/Drivers/CMSIS/Include -O0 -ffunction-sections -fdata-sections -Wall -fstack-usage -MMD -MP -MF"Drivers/STM32G4xx_HAL_Driver/stm32g4xx_hal_gpio.d" -MT"Drivers/STM32G4xx_HAL_Driver/stm32g4xx_hal_gpio.o" --specs=nano.specs -mfpu=fpv4-sp-d16 -mfloat-abi=hard -mthumb -o "Drivers/STM32G4xx_HAL_Driver/stm32g4xx_hal_gpio.o"
arm-none-eabi-gcc "/home/lucag/STM32Cube/Repository/STM32Cube_FW_G4_V1.3.0/Drivers/STM32G4xx_HAL_Driver/Src/stm32g4xx_hal_pwr.c" -mcpu=cortex-m4 -std=gnu11 -g3 -DUSE_HAL_DRIVER -DSTM32G474xx -DDEBUG -c -I../Core/Inc -I/home/lucag/STM32Cube/Repository/STM32Cube_FW_G4_V1.3.0/Drivers/STM32G4xx_HAL_Driver/Inc -I/home/lucag/STM32Cube/Repository/STM32Cube_FW_G4_V1.3.0/Drivers/STM32G4xx_HAL_Driver/Inc/Legacy -I/home/lucag/STM32Cube/Repository/STM32Cube_FW_G4_V1.3.0/Drivers/CMSIS/Device/ST/STM32G4xx/Include -I/home/lucag/STM32Cube/Repository/STM32Cube_FW_G4_V1.3.0/Drivers/CMSIS/Include -O0 -ffunction-sections -fdata-sections -Wall -fstack-usage -MMD -MP -MF"Drivers/STM32G4xx_HAL_Driver/stm32g4xx_hal_pwr.d" -MT"Drivers/STM32G4xx_HAL_Driver/stm32g4xx_hal_pwr.o" --specs=nano.specs -mfpu=fpv4-sp-d16 -mfloat-abi=hard -mthumb -o "Drivers/STM32G4xx_HAL_Driver/stm32g4xx_hal_pwr.o"
arm-none-eabi-gcc "/home/lucag/STM32Cube/Repository/STM32Cube_FW_G4_V1.3.0/Drivers/STM32G4xx_HAL_Driver/Src/stm32g4xx_hal_pwr_ex.c" -mcpu=cortex-m4 -std=gnu11 -g3 -DUSE_HAL_DRIVER -DSTM32G474xx -DDEBUG -c -I../Core/Inc -I/home/lucag/STM32Cube/Repository/STM32Cube_FW_G4_V1.3.0/Drivers/STM32G4xx_HAL_Driver/Inc -I/home/lucag/STM32Cube/Repository/STM32Cube_FW_G4_V1.3.0/Drivers/STM32G4xx_HAL_Driver/Inc/Legacy -I/home/lucag/STM32Cube/Repository/STM32Cube_FW_G4_V1.3.0/Drivers/CMSIS/Device/ST/STM32G4xx/Include -I/home/lucag/STM32Cube/Repository/STM32Cube_FW_G4_V1.3.0/Drivers/CMSIS/Include -O0 -ffunction-sections -fdata-sections -Wall -fstack-usage -MMD -MP -MF"Drivers/STM32G4xx_HAL_Driver/stm32g4xx_hal_pwr_ex.d" -MT"Drivers/STM32G4xx_HAL_Driver/stm32g4xx_hal_pwr_ex.o" --specs=nano.specs -mfpu=fpv4-sp-d16 -mfloat-abi=hard -mthumb -o "Drivers/STM32G4xx_HAL_Driver/stm32g4xx_hal_pwr_ex.o"
arm-none-eabi-gcc "/home/lucag/STM32Cube/Repository/STM32Cube_FW_G4_V1.3.0/Drivers/STM32G4xx_HAL_Driver/Src/stm32g4xx_hal_rcc.c" -mcpu=cortex-m4 -std=gnu11 -g3 -DUSE_HAL_DRIVER -DSTM32G474xx -DDEBUG -c -I../Core/Inc -I/home/lucag/STM32Cube/Repository/STM32Cube_FW_G4_V1.3.0/Drivers/STM32G4xx_HAL_Driver/Inc -I/home/lucag/STM32Cube/Repository/STM32Cube_FW_G4_V1.3.0/Drivers/STM32G4xx_HAL_Driver/Inc/Legacy -I/home/lucag/STM32Cube/Repository/STM32Cube_FW_G4_V1.3.0/Drivers/CMSIS/Device/ST/STM32G4xx/Include -I/home/lucag/STM32Cube/Repository/STM32Cube_FW_G4_V1.3.0/Drivers/CMSIS/Include -O0 -ffunction-sections -fdata-sections -Wall -fstack-usage -MMD -MP -MF"Drivers/STM32G4xx_HAL_Driver/stm32g4xx_hal_rcc.d" -MT"Drivers/STM32G4xx_HAL_Driver/stm32g4xx_hal_rcc.o" --specs=nano.specs -mfpu=fpv4-sp-d16 -mfloat-abi=hard -mthumb -o "Drivers/STM32G4xx_HAL_Driver/stm32g4xx_hal_rcc.o"
arm-none-eabi-gcc "/home/lucag/STM32Cube/Repository/STM32Cube_FW_G4_V1.3.0/Drivers/STM32G4xx_HAL_Driver/Src/stm32g4xx_hal_rcc_ex.c" -mcpu=cortex-m4 -std=gnu11 -g3 -DUSE_HAL_DRIVER -DSTM32G474xx -DDEBUG -c -I../Core/Inc -I/home/lucag/STM32Cube/Repository/STM32Cube_FW_G4_V1.3.0/Drivers/STM32G4xx_HAL_Driver/Inc -I/home/lucag/STM32Cube/Repository/STM32Cube_FW_G4_V1.3.0/Drivers/STM32G4xx_HAL_Driver/Inc/Legacy -I/home/lucag/STM32Cube/Repository/STM32Cube_FW_G4_V1.3.0/Drivers/CMSIS/Device/ST/STM32G4xx/Include -I/home/lucag/STM32Cube/Repository/STM32Cube_FW_G4_V1.3.0/Drivers/CMSIS/Include -O0 -ffunction-sections -fdata-sections -Wall -fstack-usage -MMD -MP -MF"Drivers/STM32G4xx_HAL_Driver/stm32g4xx_hal_rcc_ex.d" -MT"Drivers/STM32G4xx_HAL_Driver/stm32g4xx_hal_rcc_ex.o" --specs=nano.specs -mfpu=fpv4-sp-d16 -mfloat-abi=hard -mthumb -o "Drivers/STM32G4xx_HAL_Driver/stm32g4xx_hal_rcc_ex.o"
arm-none-eabi-gcc "/home/lucag/STM32Cube/Repository/STM32Cube_FW_G4_V1.3.0/Drivers/STM32G4xx_HAL_Driver/Src/stm32g4xx_hal_tim.c" -mcpu=cortex-m4 -std=gnu11 -g3 -DUSE_HAL_DRIVER -DSTM32G474xx -DDEBUG -c -I../Core/Inc -I/home/lucag/STM32Cube/Repository/STM32Cube_FW_G4_V1.3.0/Drivers/STM32G4xx_HAL_Driver/Inc -I/home/lucag/STM32Cube/Repository/STM32Cube_FW_G4_V1.3.0/Drivers/STM32G4xx_HAL_Driver/Inc/Legacy -I/home/lucag/STM32Cube/Repository/STM32Cube_FW_G4_V1.3.0/Drivers/CMSIS/Device/ST/STM32G4xx/Include -I/home/lucag/STM32Cube/Repository/STM32Cube_FW_G4_V1.3.0/Drivers/CMSIS/Include -O0 -ffunction-sections -fdata-sections -Wall -fstack-usage -MMD -MP -MF"Drivers/STM32G4xx_HAL_Driver/stm32g4xx_hal_tim.d" -MT"Drivers/STM32G4xx_HAL_Driver/stm32g4xx_hal_tim.o" --specs=nano.specs -mfpu=fpv4-sp-d16 -mfloat-abi=hard -mthumb -o "Drivers/STM32G4xx_HAL_Driver/stm32g4xx_hal_tim.o"
arm-none-eabi-gcc "/home/lucag/STM32Cube/Repository/STM32Cube_FW_G4_V1.3.0/Drivers/STM32G4xx_HAL_Driver/Src/stm32g4xx_hal_tim_ex.c" -mcpu=cortex-m4 -std=gnu11 -g3 -DUSE_HAL_DRIVER -DSTM32G474xx -DDEBUG -c -I../Core/Inc -I/home/lucag/STM32Cube/Repository/STM32Cube_FW_G4_V1.3.0/Drivers/STM32G4xx_HAL_Driver/Inc -I/home/lucag/STM32Cube/Repository/STM32Cube_FW_G4_V1.3.0/Drivers/STM32G4xx_HAL_Driver/Inc/Legacy -I/home/lucag/STM32Cube/Repository/STM32Cube_FW_G4_V1.3.0/Drivers/CMSIS/Device/ST/STM32G4xx/Include -I/home/lucag/STM32Cube/Repository/STM32Cube_FW_G4_V1.3.0/Drivers/CMSIS/Include -O0 -ffunction-sections -fdata-sections -Wall -fstack-usage -MMD -MP -MF"Drivers/STM32G4xx_HAL_Driver/stm32g4xx_hal_tim_ex.d" -MT"Drivers/STM32G4xx_HAL_Driver/stm32g4xx_hal_tim_ex.o" --specs=nano.specs -mfpu=fpv4-sp-d16 -mfloat-abi=hard -mthumb -o "Drivers/STM32G4xx_HAL_Driver/stm32g4xx_hal_tim_ex.o"
arm-none-eabi-gcc "/home/lucag/STM32Cube/Repository/STM32Cube_FW_G4_V1.3.0/Drivers/STM32G4xx_HAL_Driver/Src/stm32g4xx_hal_uart.c" -mcpu=cortex-m4 -std=gnu11 -g3 -DUSE_HAL_DRIVER -DSTM32G474xx -DDEBUG -c -I../Core/Inc -I/home/lucag/STM32Cube/Repository/STM32Cube_FW_G4_V1.3.0/Drivers/STM32G4xx_HAL_Driver/Inc -I/home/lucag/STM32Cube/Repository/STM32Cube_FW_G4_V1.3.0/Drivers/STM32G4xx_HAL_Driver/Inc/Legacy -I/home/lucag/STM32Cube/Repository/STM32Cube_FW_G4_V1.3.0/Drivers/CMSIS/Device/ST/STM32G4xx/Include -I/home/lucag/STM32Cube/Repository/STM32Cube_FW_G4_V1.3.0/Drivers/CMSIS/Include -O0 -ffunction-sections -fdata-sections -Wall -fstack-usage -MMD -MP -MF"Drivers/STM32G4xx_HAL_Driver/stm32g4xx_hal_uart.d" -MT"Drivers/STM32G4xx_HAL_Driver/stm32g4xx_hal_uart.o" --specs=nano.specs -mfpu=fpv4-sp-d16 -mfloat-abi=hard -mthumb -o "Drivers/STM32G4xx_HAL_Driver/stm32g4xx_hal_uart.o"
arm-none-eabi-gcc "/home/lucag/STM32Cube/Repository/STM32Cube_FW_G4_V1.3.0/Drivers/STM32G4xx_HAL_Driver/Src/stm32g4xx_hal_uart_ex.c" -mcpu=cortex-m4 -std=gnu11 -g3 -DUSE_HAL_DRIVER -DSTM32G474xx -DDEBUG -c -I../Core/Inc -I/home/lucag/STM32Cube/Repository/STM32Cube_FW_G4_V1.3.0/Drivers/STM32G4xx_HAL_Driver/Inc -I/home/lucag/STM32Cube/Repository/STM32Cube_FW_G4_V1.3.0/Drivers/STM32G4xx_HAL_Driver/Inc/Legacy -I/home/lucag/STM32Cube/Repository/STM32Cube_FW_G4_V1.3.0/Drivers/CMSIS/Device/ST/STM32G4xx/Include -I/home/lucag/STM32Cube/Repository/STM32Cube_FW_G4_V1.3.0/Drivers/CMSIS/Include -O0 -ffunction-sections -fdata-sections -Wall -fstack-usage -MMD -MP -MF"Drivers/STM32G4xx_HAL_Driver/stm32g4xx_hal_uart_ex.d" -MT"Drivers/STM32G4xx_HAL_Driver/stm32g4xx_hal_uart_ex.o" --specs=nano.specs -mfpu=fpv4-sp-d16 -mfloat-abi=hard -mthumb -o "Drivers/STM32G4xx_HAL_Driver/stm32g4xx_hal_uart_ex.o"
arm-none-eabi-gcc -mcpu=cortex-m4 -g3 -c -x assembler-with-cpp -MMD -MP -MF"Core/Startup/startup_stm32g474retx.d" -MT"Core/Startup/startup_stm32g474retx.o" --specs=nano.specs -mfpu=fpv4-sp-d16 -mfloat-abi=hard -mthumb -o "Core/Startup/startup_stm32g474retx.o" "../Core/Startup/startup_stm32g474retx.s"
arm-none-eabi-gcc "../Core/Src/main.c" -mcpu=cortex-m4 -std=gnu11 -g3 -DUSE_HAL_DRIVER -DSTM32G474xx -DDEBUG -c -I../Core/Inc -I/home/lucag/STM32Cube/Repository/STM32Cube_FW_G4_V1.3.0/Drivers/STM32G4xx_HAL_Driver/Inc -I/home/lucag/STM32Cube/Repository/STM32Cube_FW_G4_V1.3.0/Drivers/STM32G4xx_HAL_Driver/Inc/Legacy -I/home/lucag/STM32Cube/Repository/STM32Cube_FW_G4_V1.3.0/Drivers/CMSIS/Device/ST/STM32G4xx/Include -I/home/lucag/STM32Cube/Repository/STM32Cube_FW_G4_V1.3.0/Drivers/CMSIS/Include -O0 -ffunction-sections -fdata-sections -Wall -fstack-usage -MMD -MP -MF"Core/Src/main.d" -MT"Core/Src/main.o" --specs=nano.specs -mfpu=fpv4-sp-d16 -mfloat-abi=hard -mthumb -o "Core/Src/main.o"
arm-none-eabi-gcc "../Core/Src/stm32g4xx_hal_msp.c" -mcpu=cortex-m4 -std=gnu11 -g3 -DUSE_HAL_DRIVER -DSTM32G474xx -DDEBUG -c -I../Core/Inc -I/home/lucag/STM32Cube/Repository/STM32Cube_FW_G4_V1.3.0/Drivers/STM32G4xx_HAL_Driver/Inc -I/home/lucag/STM32Cube/Repository/STM32Cube_FW_G4_V1.3.0/Drivers/STM32G4xx_HAL_Driver/Inc/Legacy -I/home/lucag/STM32Cube/Repository/STM32Cube_FW_G4_V1.3.0/Drivers/CMSIS/Device/ST/STM32G4xx/Include -I/home/lucag/STM32Cube/Repository/STM32Cube_FW_G4_V1.3.0/Drivers/CMSIS/Include -O0 -ffunction-sections -fdata-sections -Wall -fstack-usage -MMD -MP -MF"Core/Src/stm32g4xx_hal_msp.d" -MT"Core/Src/stm32g4xx_hal_msp.o" --specs=nano.specs -mfpu=fpv4-sp-d16 -mfloat-abi=hard -mthumb -o "Core/Src/stm32g4xx_hal_msp.o"
arm-none-eabi-gcc "../Core/Src/stm32g4xx_it.c" -mcpu=cortex-m4 -std=gnu11 -g3 -DUSE_HAL_DRIVER -DSTM32G474xx -DDEBUG -c -I../Core/Inc -I/home/lucag/STM32Cube/Repository/STM32Cube_FW_G4_V1.3.0/Drivers/STM32G4xx_HAL_Driver/Inc -I/home/lucag/STM32Cube/Repository/STM32Cube_FW_G4_V1.3.0/Drivers/STM32G4xx_HAL_Driver/Inc/Legacy -I/home/lucag/STM32Cube/Repository/STM32Cube_FW_G4_V1.3.0/Drivers/CMSIS/Device/ST/STM32G4xx/Include -I/home/lucag/STM32Cube/Repository/STM32Cube_FW_G4_V1.3.0/Drivers/CMSIS/Include -O0 -ffunction-sections -fdata-sections -Wall -fstack-usage -MMD -MP -MF"Core/Src/stm32g4xx_it.d" -MT"Core/Src/stm32g4xx_it.o" --specs=nano.specs -mfpu=fpv4-sp-d16 -mfloat-abi=hard -mthumb -o "Core/Src/stm32g4xx_it.o"
arm-none-eabi-gcc "../Core/Src/syscalls.c" -mcpu=cortex-m4 -std=gnu11 -g3 -DUSE_HAL_DRIVER -DSTM32G474xx -DDEBUG -c -I../Core/Inc -I/home/lucag/STM32Cube/Repository/STM32Cube_FW_G4_V1.3.0/Drivers/STM32G4xx_HAL_Driver/Inc -I/home/lucag/STM32Cube/Repository/STM32Cube_FW_G4_V1.3.0/Drivers/STM32G4xx_HAL_Driver/Inc/Legacy -I/home/lucag/STM32Cube/Repository/STM32Cube_FW_G4_V1.3.0/Drivers/CMSIS/Device/ST/STM32G4xx/Include -I/home/lucag/STM32Cube/Repository/STM32Cube_FW_G4_V1.3.0/Drivers/CMSIS/Include -O0 -ffunction-sections -fdata-sections -Wall -fstack-usage -MMD -MP -MF"Core/Src/syscalls.d" -MT"Core/Src/syscalls.o" --specs=nano.specs -mfpu=fpv4-sp-d16 -mfloat-abi=hard -mthumb -o "Core/Src/syscalls.o"
arm-none-eabi-gcc "../Core/Src/sysmem.c" -mcpu=cortex-m4 -std=gnu11 -g3 -DUSE_HAL_DRIVER -DSTM32G474xx -DDEBUG -c -I../Core/Inc -I/home/lucag/STM32Cube/Repository/STM32Cube_FW_G4_V1.3.0/Drivers/STM32G4xx_HAL_Driver/Inc -I/home/lucag/STM32Cube/Repository/STM32Cube_FW_G4_V1.3.0/Drivers/STM32G4xx_HAL_Driver/Inc/Legacy -I/home/lucag/STM32Cube/Repository/STM32Cube_FW_G4_V1.3.0/Drivers/CMSIS/Device/ST/STM32G4xx/Include -I/home/lucag/STM32Cube/Repository/STM32Cube_FW_G4_V1.3.0/Drivers/CMSIS/Include -O0 -ffunction-sections -fdata-sections -Wall -fstack-usage -MMD -MP -MF"Core/Src/sysmem.d" -MT"Core/Src/sysmem.o" --specs=nano.specs -mfpu=fpv4-sp-d16 -mfloat-abi=hard -mthumb -o "Core/Src/sysmem.o"
arm-none-eabi-gcc "../Core/Src/system_stm32g4xx.c" -mcpu=cortex-m4 -std=gnu11 -g3 -DUSE_HAL_DRIVER -DSTM32G474xx -DDEBUG -c -I../Core/Inc -I/home/lucag/STM32Cube/Repository/STM32Cube_FW_G4_V1.3.0/Drivers/STM32G4xx_HAL_Driver/Inc -I/home/lucag/STM32Cube/Repository/STM32Cube_FW_G4_V1.3.0/Drivers/STM32G4xx_HAL_Driver/Inc/Legacy -I/home/lucag/STM32Cube/Repository/STM32Cube_FW_G4_V1.3.0/Drivers/CMSIS/Device/ST/STM32G4xx/Include -I/home/lucag/STM32Cube/Repository/STM32Cube_FW_G4_V1.3.0/Drivers/CMSIS/Include -O0 -ffunction-sections -fdata-sections -Wall -fstack-usage -MMD -MP -MF"Core/Src/system_stm32g4xx.d" -MT"Core/Src/system_stm32g4xx.o" --specs=nano.specs -mfpu=fpv4-sp-d16 -mfloat-abi=hard -mthumb -o "Core/Src/system_stm32g4xx.o"
arm-none-eabi-gcc -o "altsdr-DAC_WRITE.elf" @"objects.list"   -mcpu=cortex-m4 -T"/home/lucag/STM32CubeIDE/workspace_1.5.0/altsdr-DAC_WRITE/STM32G474RETX_FLASH.ld" --specs=nosys.specs -Wl,-Map="altsdr-DAC_WRITE.map" -Wl,--gc-sections -static --specs=nano.specs -mfpu=fpv4-sp-d16 -mfloat-abi=hard -mthumb -Wl,--start-group -lc -lm -Wl,--end-group
Finished building target: altsdr-DAC_WRITE.elf
 
arm-none-eabi-size   altsdr-DAC_WRITE.elf 
arm-none-eabi-objdump -h -S  altsdr-DAC_WRITE.elf  > "altsdr-DAC_WRITE.list"
arm-none-eabi-objcopy  -O binary  altsdr-DAC_WRITE.elf  "altsdr-DAC_WRITE.bin"
   text	   data	    bss	    dec	    hex	filename
  12600	     20	   1732	  14352	   3810	altsdr-DAC_WRITE.elf
Finished building: default.size.stdout
 
Finished building: altsdr-DAC_WRITE.bin
 
Finished building: altsdr-DAC_WRITE.list
 
11:19:26 **** Incremental Build of configuration Debug for project altsdr-DAC_WRITE ****
make -j4 all 
arm-none-eabi-size   altsdr-DAC_WRITE.elf 
   text	   data	    bss	    dec	    hex	filename
  12600	     20	   1732	  14352	   3810	altsdr-DAC_WRITE.elf
Finished building: default.size.stdout
 
11:30:37 **** Incremental Build of configuration Debug for project altsdr-DAC_WRITE ****
make -j4 all 
arm-none-eabi-gcc "../Core/Src/main.c" -mcpu=cortex-m4 -std=gnu11 -g3 -DUSE_HAL_DRIVER -DSTM32G474xx -DDEBUG -c -I../Core/Inc -I/home/lucag/STM32Cube/Repository/STM32Cube_FW_G4_V1.3.0/Drivers/STM32G4xx_HAL_Driver/Inc -I/home/lucag/STM32Cube/Repository/STM32Cube_FW_G4_V1.3.0/Drivers/STM32G4xx_HAL_Driver/Inc/Legacy -I/home/lucag/STM32Cube/Repository/STM32Cube_FW_G4_V1.3.0/Drivers/CMSIS/Device/ST/STM32G4xx/Include -I/home/lucag/STM32Cube/Repository/STM32Cube_FW_G4_V1.3.0/Drivers/CMSIS/Include -O0 -ffunction-sections -fdata-sections -Wall -fstack-usage -MMD -MP -MF"Core/Src/main.d" -MT"Core/Src/main.o" --specs=nano.specs -mfpu=fpv4-sp-d16 -mfloat-abi=hard -mthumb -o "Core/Src/main.o"
../Core/Src/main.c: In function 'main':
../Core/Src/main.c:106:19: error: 'loopcounter' undeclared (first use in this function)
    HAL_Delay (1 + loopcounter);
                   ^~~~~~~~~~~
../Core/Src/main.c:106:19: note: each undeclared identifier is reported only once for each function it appears in
make: *** [Core/Src/subdir.mk:33: Core/Src/main.o] Error 1
"make -j4 all" terminated with exit code 2. Build might be incomplete.
11:31:04 **** Incremental Build of configuration Debug for project altsdr-DAC_WRITE ****
make -j4 all 
arm-none-eabi-gcc "../Core/Src/main.c" -mcpu=cortex-m4 -std=gnu11 -g3 -DUSE_HAL_DRIVER -DSTM32G474xx -DDEBUG -c -I../Core/Inc -I/home/lucag/STM32Cube/Repository/STM32Cube_FW_G4_V1.3.0/Drivers/STM32G4xx_HAL_Driver/Inc -I/home/lucag/STM32Cube/Repository/STM32Cube_FW_G4_V1.3.0/Drivers/STM32G4xx_HAL_Driver/Inc/Legacy -I/home/lucag/STM32Cube/Repository/STM32Cube_FW_G4_V1.3.0/Drivers/CMSIS/Device/ST/STM32G4xx/Include -I/home/lucag/STM32Cube/Repository/STM32Cube_FW_G4_V1.3.0/Drivers/CMSIS/Include -O0 -ffunction-sections -fdata-sections -Wall -fstack-usage -MMD -MP -MF"Core/Src/main.d" -MT"Core/Src/main.o" --specs=nano.specs -mfpu=fpv4-sp-d16 -mfloat-abi=hard -mthumb -o "Core/Src/main.o"
arm-none-eabi-gcc -o "altsdr-DAC_WRITE.elf" @"objects.list"   -mcpu=cortex-m4 -T"/home/lucag/STM32CubeIDE/workspace_1.5.0/altsdr-DAC_WRITE/STM32G474RETX_FLASH.ld" --specs=nosys.specs -Wl,-Map="altsdr-DAC_WRITE.map" -Wl,--gc-sections -static --specs=nano.specs -mfpu=fpv4-sp-d16 -mfloat-abi=hard -mthumb -Wl,--start-group -lc -lm -Wl,--end-group
Finished building target: altsdr-DAC_WRITE.elf
 
arm-none-eabi-objdump -h -S  altsdr-DAC_WRITE.elf  > "altsdr-DAC_WRITE.list"
arm-none-eabi-objcopy  -O binary  altsdr-DAC_WRITE.elf  "altsdr-DAC_WRITE.bin"
arm-none-eabi-size   altsdr-DAC_WRITE.elf 
   text	   data	    bss	    dec	    hex	filename
  12604	     20	   1732	  14356	   3814	altsdr-DAC_WRITE.elf
Finished building: default.size.stdout
 
Finished building: altsdr-DAC_WRITE.bin
 
Finished building: altsdr-DAC_WRITE.list
 
11:31:56 **** Incremental Build of configuration Debug for project altsdr-DAC_WRITE ****
make -j4 all 
arm-none-eabi-gcc "../Core/Src/main.c" -mcpu=cortex-m4 -std=gnu11 -g3 -DUSE_HAL_DRIVER -DSTM32G474xx -DDEBUG -c -I../Core/Inc -I/home/lucag/STM32Cube/Repository/STM32Cube_FW_G4_V1.3.0/Drivers/STM32G4xx_HAL_Driver/Inc -I/home/lucag/STM32Cube/Repository/STM32Cube_FW_G4_V1.3.0/Drivers/STM32G4xx_HAL_Driver/Inc/Legacy -I/home/lucag/STM32Cube/Repository/STM32Cube_FW_G4_V1.3.0/Drivers/CMSIS/Device/ST/STM32G4xx/Include -I/home/lucag/STM32Cube/Repository/STM32Cube_FW_G4_V1.3.0/Drivers/CMSIS/Include -O0 -ffunction-sections -fdata-sections -Wall -fstack-usage -MMD -MP -MF"Core/Src/main.d" -MT"Core/Src/main.o" --specs=nano.specs -mfpu=fpv4-sp-d16 -mfloat-abi=hard -mthumb -o "Core/Src/main.o"
arm-none-eabi-gcc -o "altsdr-DAC_WRITE.elf" @"objects.list"   -mcpu=cortex-m4 -T"/home/lucag/STM32CubeIDE/workspace_1.5.0/altsdr-DAC_WRITE/STM32G474RETX_FLASH.ld" --specs=nosys.specs -Wl,-Map="altsdr-DAC_WRITE.map" -Wl,--gc-sections -static --specs=nano.specs -mfpu=fpv4-sp-d16 -mfloat-abi=hard -mthumb -Wl,--start-group -lc -lm -Wl,--end-group
Finished building target: altsdr-DAC_WRITE.elf
 
arm-none-eabi-objdump -h -S  altsdr-DAC_WRITE.elf  > "altsdr-DAC_WRITE.list"
arm-none-eabi-objcopy  -O binary  altsdr-DAC_WRITE.elf  "altsdr-DAC_WRITE.bin"
arm-none-eabi-size   altsdr-DAC_WRITE.elf 
   text	   data	    bss	    dec	    hex	filename
  12604	     20	   1732	  14356	   3814	altsdr-DAC_WRITE.elf
Finished building: default.size.stdout
 
Finished building: altsdr-DAC_WRITE.bin
 
Finished building: altsdr-DAC_WRITE.list
 
11:33:20 **** Incremental Build of configuration Debug for project altsdr-DAC_WRITE ****
make -j4 all 
arm-none-eabi-gcc "../Core/Src/main.c" -mcpu=cortex-m4 -std=gnu11 -g3 -DUSE_HAL_DRIVER -DSTM32G474xx -DDEBUG -c -I../Core/Inc -I/home/lucag/STM32Cube/Repository/STM32Cube_FW_G4_V1.3.0/Drivers/STM32G4xx_HAL_Driver/Inc -I/home/lucag/STM32Cube/Repository/STM32Cube_FW_G4_V1.3.0/Drivers/STM32G4xx_HAL_Driver/Inc/Legacy -I/home/lucag/STM32Cube/Repository/STM32Cube_FW_G4_V1.3.0/Drivers/CMSIS/Device/ST/STM32G4xx/Include -I/home/lucag/STM32Cube/Repository/STM32Cube_FW_G4_V1.3.0/Drivers/CMSIS/Include -O0 -ffunction-sections -fdata-sections -Wall -fstack-usage -MMD -MP -MF"Core/Src/main.d" -MT"Core/Src/main.o" --specs=nano.specs -mfpu=fpv4-sp-d16 -mfloat-abi=hard -mthumb -o "Core/Src/main.o"
../Core/Src/main.c: In function 'main':
../Core/Src/main.c:72:14: warning: unused variable 'DAC_OUT' [-Wunused-variable]
     uint32_t DAC_OUT[4] = {0, 1241, 2482, 3723};
              ^~~~~~~
arm-none-eabi-gcc -o "altsdr-DAC_WRITE.elf" @"objects.list"   -mcpu=cortex-m4 -T"/home/lucag/STM32CubeIDE/workspace_1.5.0/altsdr-DAC_WRITE/STM32G474RETX_FLASH.ld" --specs=nosys.specs -Wl,-Map="altsdr-DAC_WRITE.map" -Wl,--gc-sections -static --specs=nano.specs -mfpu=fpv4-sp-d16 -mfloat-abi=hard -mthumb -Wl,--start-group -lc -lm -Wl,--end-group
Finished building target: altsdr-DAC_WRITE.elf
 
arm-none-eabi-objdump -h -S  altsdr-DAC_WRITE.elf  > "altsdr-DAC_WRITE.list"
arm-none-eabi-objcopy  -O binary  altsdr-DAC_WRITE.elf  "altsdr-DAC_WRITE.bin"
arm-none-eabi-size   altsdr-DAC_WRITE.elf 
   text	   data	    bss	    dec	    hex	filename
  12592	     20	   1732	  14344	   3808	altsdr-DAC_WRITE.elf
Finished building: default.size.stdout
 
Finished building: altsdr-DAC_WRITE.bin
 
Finished building: altsdr-DAC_WRITE.list
 
11:46:26 **** Incremental Build of configuration Debug for project altsdr-DAC_WRITE ****
make -j4 all 
arm-none-eabi-gcc "../Core/Src/main.c" -mcpu=cortex-m4 -std=gnu11 -g3 -DUSE_HAL_DRIVER -DSTM32G474xx -DDEBUG -c -I../Core/Inc -I/home/lucag/STM32Cube/Repository/STM32Cube_FW_G4_V1.3.0/Drivers/STM32G4xx_HAL_Driver/Inc -I/home/lucag/STM32Cube/Repository/STM32Cube_FW_G4_V1.3.0/Drivers/STM32G4xx_HAL_Driver/Inc/Legacy -I/home/lucag/STM32Cube/Repository/STM32Cube_FW_G4_V1.3.0/Drivers/CMSIS/Device/ST/STM32G4xx/Include -I/home/lucag/STM32Cube/Repository/STM32Cube_FW_G4_V1.3.0/Drivers/CMSIS/Include -O0 -ffunction-sections -fdata-sections -Wall -fstack-usage -MMD -MP -MF"Core/Src/main.d" -MT"Core/Src/main.o" --specs=nano.specs -mfpu=fpv4-sp-d16 -mfloat-abi=hard -mthumb -o "Core/Src/main.o"
arm-none-eabi-gcc -o "altsdr-DAC_WRITE.elf" @"objects.list"   -mcpu=cortex-m4 -T"/home/lucag/STM32CubeIDE/workspace_1.5.0/altsdr-DAC_WRITE/STM32G474RETX_FLASH.ld" --specs=nosys.specs -Wl,-Map="altsdr-DAC_WRITE.map" -Wl,--gc-sections -static --specs=nano.specs -mfpu=fpv4-sp-d16 -mfloat-abi=hard -mthumb -Wl,--start-group -lc -lm -Wl,--end-group
Finished building target: altsdr-DAC_WRITE.elf
 
arm-none-eabi-objdump -h -S  altsdr-DAC_WRITE.elf  > "altsdr-DAC_WRITE.list"
arm-none-eabi-objcopy  -O binary  altsdr-DAC_WRITE.elf  "altsdr-DAC_WRITE.bin"
arm-none-eabi-size   altsdr-DAC_WRITE.elf 
   text	   data	    bss	    dec	    hex	filename
  12604	     20	   1732	  14356	   3814	altsdr-DAC_WRITE.elf
Finished building: default.size.stdout
 
Finished building: altsdr-DAC_WRITE.bin
 
Finished building: altsdr-DAC_WRITE.list
 
11:56:29 **** Incremental Build of configuration Debug for project altsdr-DAC_WRITE ****
make -j4 all 
arm-none-eabi-gcc "../Core/Src/main.c" -mcpu=cortex-m4 -std=gnu11 -g3 -DUSE_HAL_DRIVER -DSTM32G474xx -DDEBUG -c -I../Core/Inc -I/home/lucag/STM32Cube/Repository/STM32Cube_FW_G4_V1.3.0/Drivers/STM32G4xx_HAL_Driver/Inc -I/home/lucag/STM32Cube/Repository/STM32Cube_FW_G4_V1.3.0/Drivers/STM32G4xx_HAL_Driver/Inc/Legacy -I/home/lucag/STM32Cube/Repository/STM32Cube_FW_G4_V1.3.0/Drivers/CMSIS/Device/ST/STM32G4xx/Include -I/home/lucag/STM32Cube/Repository/STM32Cube_FW_G4_V1.3.0/Drivers/CMSIS/Include -O0 -ffunction-sections -fdata-sections -Wall -fstack-usage -MMD -MP -MF"Core/Src/main.d" -MT"Core/Src/main.o" --specs=nano.specs -mfpu=fpv4-sp-d16 -mfloat-abi=hard -mthumb -o "Core/Src/main.o"
../Core/Src/main.c: In function 'main':
../Core/Src/main.c:104:4: error: 'var' undeclared (first use in this function); did you mean 'char'?
    var = val*(4096)/3.3;
    ^~~
    char
../Core/Src/main.c:104:4: note: each undeclared identifier is reported only once for each function it appears in
../Core/Src/main.c:104:10: error: 'val' undeclared (first use in this function); did you mean 'var'?
    var = val*(4096)/3.3;
          ^~~
          var
../Core/Src/main.c:105:22: error: 'hdac' undeclared (first use in this function); did you mean 'hdac2'?
    HAL_DAC_SetValue(&hdac, DAC_CHANNEL_2,
                      ^~~~
                      hdac2
../Core/Src/main.c:109:8: error: 'value' undeclared (first use in this function); did you mean 'val'?
    if (value>3) value=0.2;
        ^~~~~
        val
../Core/Src/main.c:73:13: warning: unused variable 'i' [-Wunused-variable]
     uint8_t i = 0;
             ^
../Core/Src/main.c:72:14: warning: unused variable 'DAC_OUT' [-Wunused-variable]
     uint32_t DAC_OUT[4] = {0, 1241, 2482, 3723};
              ^~~~~~~
make: *** [Core/Src/subdir.mk:33: Core/Src/main.o] Error 1
"make -j4 all" terminated with exit code 2. Build might be incomplete.
11:57:24 **** Incremental Build of configuration Debug for project altsdr-DAC_WRITE ****
make -j4 all 
arm-none-eabi-gcc "../Core/Src/main.c" -mcpu=cortex-m4 -std=gnu11 -g3 -DUSE_HAL_DRIVER -DSTM32G474xx -DDEBUG -c -I../Core/Inc -I/home/lucag/STM32Cube/Repository/STM32Cube_FW_G4_V1.3.0/Drivers/STM32G4xx_HAL_Driver/Inc -I/home/lucag/STM32Cube/Repository/STM32Cube_FW_G4_V1.3.0/Drivers/STM32G4xx_HAL_Driver/Inc/Legacy -I/home/lucag/STM32Cube/Repository/STM32Cube_FW_G4_V1.3.0/Drivers/CMSIS/Device/ST/STM32G4xx/Include -I/home/lucag/STM32Cube/Repository/STM32Cube_FW_G4_V1.3.0/Drivers/CMSIS/Include -O0 -ffunction-sections -fdata-sections -Wall -fstack-usage -MMD -MP -MF"Core/Src/main.d" -MT"Core/Src/main.o" --specs=nano.specs -mfpu=fpv4-sp-d16 -mfloat-abi=hard -mthumb -o "Core/Src/main.o"
../Core/Src/main.c: In function 'main':
../Core/Src/main.c:103:4: error: 'var' undeclared (first use in this function); did you mean 'char'?
    var = val*(4096)/3.3;
    ^~~
    char
../Core/Src/main.c:103:4: note: each undeclared identifier is reported only once for each function it appears in
../Core/Src/main.c:103:10: error: 'val' undeclared (first use in this function); did you mean 'var'?
    var = val*(4096)/3.3;
          ^~~
          var
../Core/Src/main.c:108:8: error: 'value' undeclared (first use in this function); did you mean 'val'?
    if (value>3) value=0.2;
        ^~~~~
        val
make: *** [Core/Src/subdir.mk:33: Core/Src/main.o] Error 1
"make -j4 all" terminated with exit code 2. Build might be incomplete.
11:59:38 **** Incremental Build of configuration Debug for project altsdr-DAC_WRITE ****
make -j4 all 
arm-none-eabi-gcc "../Core/Src/main.c" -mcpu=cortex-m4 -std=gnu11 -g3 -DUSE_HAL_DRIVER -DSTM32G474xx -DDEBUG -c -I../Core/Inc -I/home/lucag/STM32Cube/Repository/STM32Cube_FW_G4_V1.3.0/Drivers/STM32G4xx_HAL_Driver/Inc -I/home/lucag/STM32Cube/Repository/STM32Cube_FW_G4_V1.3.0/Drivers/STM32G4xx_HAL_Driver/Inc/Legacy -I/home/lucag/STM32Cube/Repository/STM32Cube_FW_G4_V1.3.0/Drivers/CMSIS/Device/ST/STM32G4xx/Include -I/home/lucag/STM32Cube/Repository/STM32Cube_FW_G4_V1.3.0/Drivers/CMSIS/Include -O0 -ffunction-sections -fdata-sections -Wall -fstack-usage -MMD -MP -MF"Core/Src/main.d" -MT"Core/Src/main.o" --specs=nano.specs -mfpu=fpv4-sp-d16 -mfloat-abi=hard -mthumb -o "Core/Src/main.o"
../Core/Src/main.c:64:16: error: initializer element is not constant
 uint32_t var = (uint32_t)(val*4096)/3.3;
                ^
../Core/Src/main.c: In function 'main':
../Core/Src/main.c:111:8: error: 'value' undeclared (first use in this function); did you mean 'val'?
    if (value>3) value=0.2;
        ^~~~~
        val
../Core/Src/main.c:111:8: note: each undeclared identifier is reported only once for each function it appears in
make: *** [Core/Src/subdir.mk:33: Core/Src/main.o] Error 1
"make -j4 all" terminated with exit code 2. Build might be incomplete.
12:01:01 **** Incremental Build of configuration Debug for project altsdr-DAC_WRITE ****
make -j4 all 
arm-none-eabi-gcc "../Core/Src/main.c" -mcpu=cortex-m4 -std=gnu11 -g3 -DUSE_HAL_DRIVER -DSTM32G474xx -DDEBUG -c -I../Core/Inc -I/home/lucag/STM32Cube/Repository/STM32Cube_FW_G4_V1.3.0/Drivers/STM32G4xx_HAL_Driver/Inc -I/home/lucag/STM32Cube/Repository/STM32Cube_FW_G4_V1.3.0/Drivers/STM32G4xx_HAL_Driver/Inc/Legacy -I/home/lucag/STM32Cube/Repository/STM32Cube_FW_G4_V1.3.0/Drivers/CMSIS/Device/ST/STM32G4xx/Include -I/home/lucag/STM32Cube/Repository/STM32Cube_FW_G4_V1.3.0/Drivers/CMSIS/Include -O0 -ffunction-sections -fdata-sections -Wall -fstack-usage -MMD -MP -MF"Core/Src/main.d" -MT"Core/Src/main.o" --specs=nano.specs -mfpu=fpv4-sp-d16 -mfloat-abi=hard -mthumb -o "Core/Src/main.o"
../Core/Src/main.c:64:16: error: initializer element is not constant
 uint32_t var = (uint32_t)(val*4096)/3.3;
                ^
make: *** [Core/Src/subdir.mk:33: Core/Src/main.o] Error 1
"make -j4 all" terminated with exit code 2. Build might be incomplete.
12:01:29 **** Incremental Build of configuration Debug for project altsdr-DAC_WRITE ****
make -j4 all 
arm-none-eabi-gcc "../Core/Src/main.c" -mcpu=cortex-m4 -std=gnu11 -g3 -DUSE_HAL_DRIVER -DSTM32G474xx -DDEBUG -c -I../Core/Inc -I/home/lucag/STM32Cube/Repository/STM32Cube_FW_G4_V1.3.0/Drivers/STM32G4xx_HAL_Driver/Inc -I/home/lucag/STM32Cube/Repository/STM32Cube_FW_G4_V1.3.0/Drivers/STM32G4xx_HAL_Driver/Inc/Legacy -I/home/lucag/STM32Cube/Repository/STM32Cube_FW_G4_V1.3.0/Drivers/CMSIS/Device/ST/STM32G4xx/Include -I/home/lucag/STM32Cube/Repository/STM32Cube_FW_G4_V1.3.0/Drivers/CMSIS/Include -O0 -ffunction-sections -fdata-sections -Wall -fstack-usage -MMD -MP -MF"Core/Src/main.d" -MT"Core/Src/main.o" --specs=nano.specs -mfpu=fpv4-sp-d16 -mfloat-abi=hard -mthumb -o "Core/Src/main.o"
arm-none-eabi-gcc -o "altsdr-DAC_WRITE.elf" @"objects.list"   -mcpu=cortex-m4 -T"/home/lucag/STM32CubeIDE/workspace_1.5.0/altsdr-DAC_WRITE/STM32G474RETX_FLASH.ld" --specs=nosys.specs -Wl,-Map="altsdr-DAC_WRITE.map" -Wl,--gc-sections -static --specs=nano.specs -mfpu=fpv4-sp-d16 -mfloat-abi=hard -mthumb -Wl,--start-group -lc -lm -Wl,--end-group
Finished building target: altsdr-DAC_WRITE.elf
 
arm-none-eabi-objdump -h -S  altsdr-DAC_WRITE.elf  > "altsdr-DAC_WRITE.list"
arm-none-eabi-objcopy  -O binary  altsdr-DAC_WRITE.elf  "altsdr-DAC_WRITE.bin"
arm-none-eabi-size   altsdr-DAC_WRITE.elf 
   text	   data	    bss	    dec	    hex	filename
  14784	     24	   1736	  16544	   40a0	altsdr-DAC_WRITE.elf
Finished building: default.size.stdout
 
Finished building: altsdr-DAC_WRITE.bin
 
Finished building: altsdr-DAC_WRITE.list
 
12:05:56 **** Incremental Build of configuration Debug for project altsdr-DAC_WRITE ****
make -j4 all 
arm-none-eabi-gcc "/home/lucag/STM32Cube/Repository/STM32Cube_FW_G4_V1.3.0/Drivers/STM32G4xx_HAL_Driver/Src/stm32g4xx_hal.c" -mcpu=cortex-m4 -std=gnu11 -g3 -DUSE_HAL_DRIVER -DSTM32G474xx -DDEBUG -c -I../Core/Inc -I/home/lucag/STM32Cube/Repository/STM32Cube_FW_G4_V1.3.0/Drivers/STM32G4xx_HAL_Driver/Inc -I/home/lucag/STM32Cube/Repository/STM32Cube_FW_G4_V1.3.0/Drivers/STM32G4xx_HAL_Driver/Inc/Legacy -I/home/lucag/STM32Cube/Repository/STM32Cube_FW_G4_V1.3.0/Drivers/CMSIS/Device/ST/STM32G4xx/Include -I/home/lucag/STM32Cube/Repository/STM32Cube_FW_G4_V1.3.0/Drivers/CMSIS/Include -O0 -ffunction-sections -fdata-sections -Wall -fstack-usage -MMD -MP -MF"Drivers/STM32G4xx_HAL_Driver/stm32g4xx_hal.d" -MT"Drivers/STM32G4xx_HAL_Driver/stm32g4xx_hal.o" --specs=nano.specs -mfpu=fpv4-sp-d16 -mfloat-abi=hard -mthumb -o "Drivers/STM32G4xx_HAL_Driver/stm32g4xx_hal.o"
arm-none-eabi-gcc "/home/lucag/STM32Cube/Repository/STM32Cube_FW_G4_V1.3.0/Drivers/STM32G4xx_HAL_Driver/Src/stm32g4xx_hal_cortex.c" -mcpu=cortex-m4 -std=gnu11 -g3 -DUSE_HAL_DRIVER -DSTM32G474xx -DDEBUG -c -I../Core/Inc -I/home/lucag/STM32Cube/Repository/STM32Cube_FW_G4_V1.3.0/Drivers/STM32G4xx_HAL_Driver/Inc -I/home/lucag/STM32Cube/Repository/STM32Cube_FW_G4_V1.3.0/Drivers/STM32G4xx_HAL_Driver/Inc/Legacy -I/home/lucag/STM32Cube/Repository/STM32Cube_FW_G4_V1.3.0/Drivers/CMSIS/Device/ST/STM32G4xx/Include -I/home/lucag/STM32Cube/Repository/STM32Cube_FW_G4_V1.3.0/Drivers/CMSIS/Include -O0 -ffunction-sections -fdata-sections -Wall -fstack-usage -MMD -MP -MF"Drivers/STM32G4xx_HAL_Driver/stm32g4xx_hal_cortex.d" -MT"Drivers/STM32G4xx_HAL_Driver/stm32g4xx_hal_cortex.o" --specs=nano.specs -mfpu=fpv4-sp-d16 -mfloat-abi=hard -mthumb -o "Drivers/STM32G4xx_HAL_Driver/stm32g4xx_hal_cortex.o"
arm-none-eabi-gcc "/home/lucag/STM32Cube/Repository/STM32Cube_FW_G4_V1.3.0/Drivers/STM32G4xx_HAL_Driver/Src/stm32g4xx_hal_dac.c" -mcpu=cortex-m4 -std=gnu11 -g3 -DUSE_HAL_DRIVER -DSTM32G474xx -DDEBUG -c -I../Core/Inc -I/home/lucag/STM32Cube/Repository/STM32Cube_FW_G4_V1.3.0/Drivers/STM32G4xx_HAL_Driver/Inc -I/home/lucag/STM32Cube/Repository/STM32Cube_FW_G4_V1.3.0/Drivers/STM32G4xx_HAL_Driver/Inc/Legacy -I/home/lucag/STM32Cube/Repository/STM32Cube_FW_G4_V1.3.0/Drivers/CMSIS/Device/ST/STM32G4xx/Include -I/home/lucag/STM32Cube/Repository/STM32Cube_FW_G4_V1.3.0/Drivers/CMSIS/Include -O0 -ffunction-sections -fdata-sections -Wall -fstack-usage -MMD -MP -MF"Drivers/STM32G4xx_HAL_Driver/stm32g4xx_hal_dac.d" -MT"Drivers/STM32G4xx_HAL_Driver/stm32g4xx_hal_dac.o" --specs=nano.specs -mfpu=fpv4-sp-d16 -mfloat-abi=hard -mthumb -o "Drivers/STM32G4xx_HAL_Driver/stm32g4xx_hal_dac.o"
arm-none-eabi-gcc "/home/lucag/STM32Cube/Repository/STM32Cube_FW_G4_V1.3.0/Drivers/STM32G4xx_HAL_Driver/Src/stm32g4xx_hal_dac_ex.c" -mcpu=cortex-m4 -std=gnu11 -g3 -DUSE_HAL_DRIVER -DSTM32G474xx -DDEBUG -c -I../Core/Inc -I/home/lucag/STM32Cube/Repository/STM32Cube_FW_G4_V1.3.0/Drivers/STM32G4xx_HAL_Driver/Inc -I/home/lucag/STM32Cube/Repository/STM32Cube_FW_G4_V1.3.0/Drivers/STM32G4xx_HAL_Driver/Inc/Legacy -I/home/lucag/STM32Cube/Repository/STM32Cube_FW_G4_V1.3.0/Drivers/CMSIS/Device/ST/STM32G4xx/Include -I/home/lucag/STM32Cube/Repository/STM32Cube_FW_G4_V1.3.0/Drivers/CMSIS/Include -O0 -ffunction-sections -fdata-sections -Wall -fstack-usage -MMD -MP -MF"Drivers/STM32G4xx_HAL_Driver/stm32g4xx_hal_dac_ex.d" -MT"Drivers/STM32G4xx_HAL_Driver/stm32g4xx_hal_dac_ex.o" --specs=nano.specs -mfpu=fpv4-sp-d16 -mfloat-abi=hard -mthumb -o "Drivers/STM32G4xx_HAL_Driver/stm32g4xx_hal_dac_ex.o"
[...]
../Core/Src/main.c: In function 'main':
../Core/Src/main.c:209:34: error: expected expression before '/' token
    sinewaveout[i] = sinewave[i]; / 10
                                  ^
make: *** [Core/Src/subdir.mk:33: Core/Src/main.o] Error 1
"make -j4 all" terminated with exit code 2. Build might be incomplete.
10:07:46 **** Incremental Build of configuration Debug for project pls-work ****
make -j4 all 
arm-none-eabi-gcc "../Core/Src/main.c" -mcpu=cortex-m4 -std=gnu11 -g3 -DUSE_HAL_DRIVER -DSTM32G474xx -DDEBUG -c -I../Core/Inc -I../Drivers/STM32G4xx_HAL_Driver/Inc -I../Drivers/STM32G4xx_HAL_Driver/Inc/Legacy -I../Drivers/CMSIS/Device/ST/STM32G4xx/Include -I../Drivers/CMSIS/Include -O0 -ffunction-sections -fdata-sections -Wall -fstack-usage -MMD -MP -MF"Core/Src/main.d" -MT"Core/Src/main.o" --specs=nano.specs -mfpu=fpv4-sp-d16 -mfloat-abi=hard -mthumb -o "Core/Src/main.o"
../Core/Src/main.c:62:392: warning: excess elements in array initializer
   49,53,57,61,66,70,75,80,85,90,95,101,106,112,118,124,130,136,142,149,156,162,169,176,184,191,198,206,214,222,229,238,246,254,262,271,280,288,297,306,315,325,334,343,353,363,372,382,392,402,412,422,433,443,454,464,475,486,496,507,518,529,540,552,563,574,586,597,609,620,632,644,655,667,679,691,703,715,727,739,751,764,776,788,800,813,825,837,850,862,875,887,900,912,925,937,950,962,975,987,1000,};
                                                                                                                                                                                                                                                                                                                                                                                                        ^~~~
../Core/Src/main.c:62:392: note: (near initialization for 'sinewave')
../Core/Src/main.c:66:193: warning: excess elements in array initializer
   49,57,66,75,85,95,106,118,130,142,156,169,184,198,214,229,246,262,280,297,315,334,353,372,392,412,433,454,475,496,518,540,563,586,609,632,655,679,703,727,751,776,800,825,850,875,900,925,950,975,1000,};
                                                                                                                                                                                                 ^~~
../Core/Src/main.c:66:193: note: (near initialization for 'sinewave2')
../Core/Src/main.c:66:197: warning: excess elements in array initializer
   49,57,66,75,85,95,106,118,130,142,156,169,184,198,214,229,246,262,280,297,315,334,353,372,392,412,433,454,475,496,518,540,563,586,609,632,655,679,703,727,751,776,800,825,850,875,900,925,950,975,1000,};
                                                                                                                                                                                                     ^~~~
../Core/Src/main.c:66:197: note: (near initialization for 'sinewave2')
arm-none-eabi-gcc -o "pls-work.elf" @"objects.list"   -mcpu=cortex-m4 -T"/home/lucag/STM32CubeIDE/workspace_1.5.0/pls-work/STM32G474RETX_FLASH.ld" --specs=nosys.specs -Wl,-Map="pls-work.map" -Wl,--gc-sections -static --specs=nano.specs -mfpu=fpv4-sp-d16 -mfloat-abi=hard -mthumb -Wl,--start-group -lc -lm -Wl,--end-group
Finished building target: pls-work.elf
 
arm-none-eabi-objdump -h -S  pls-work.elf  > "pls-work.list"
arm-none-eabi-objcopy  -O binary  pls-work.elf  "pls-work.bin"
arm-none-eabi-size   pls-work.elf 
   text	   data	    bss	    dec	    hex	filename
  12908	   1020	   2900	  16828	   41bc	pls-work.elf
Finished building: default.size.stdout
 
Finished building: pls-work.bin
 
Finished building: pls-work.list
 
10:08:08 **** Incremental Build of configuration Debug for project pls-work ****
make -j4 all 
arm-none-eabi-gcc "../Core/Src/main.c" -mcpu=cortex-m4 -std=gnu11 -g3 -DUSE_HAL_DRIVER -DSTM32G474xx -DDEBUG -c -I../Core/Inc -I../Drivers/STM32G4xx_HAL_Driver/Inc -I../Drivers/STM32G4xx_HAL_Driver/Inc/Legacy -I../Drivers/CMSIS/Device/ST/STM32G4xx/Include -I../Drivers/CMSIS/Include -O0 -ffunction-sections -fdata-sections -Wall -fstack-usage -MMD -MP -MF"Core/Src/main.d" -MT"Core/Src/main.o" --specs=nano.specs -mfpu=fpv4-sp-d16 -mfloat-abi=hard -mthumb -o "Core/Src/main.o"
../Core/Src/main.c:62:392: warning: excess elements in array initializer
   49,53,57,61,66,70,75,80,85,90,95,101,106,112,118,124,130,136,142,149,156,162,169,176,184,191,198,206,214,222,229,238,246,254,262,271,280,288,297,306,315,325,334,343,353,363,372,382,392,402,412,422,433,443,454,464,475,486,496,507,518,529,540,552,563,574,586,597,609,620,632,644,655,667,679,691,703,715,727,739,751,764,776,788,800,813,825,837,850,862,875,887,900,912,925,937,950,962,975,987,1000,};
                                                                                                                                                                                                                                                                                                                                                                                                        ^~~~
../Core/Src/main.c:62:392: note: (near initialization for 'sinewave')
../Core/Src/main.c:66:193: warning: excess elements in array initializer
   49,57,66,75,85,95,106,118,130,142,156,169,184,198,214,229,246,262,280,297,315,334,353,372,392,412,433,454,475,496,518,540,563,586,609,632,655,679,703,727,751,776,800,825,850,875,900,925,950,975,1000,};
                                                                                                                                                                                                 ^~~
../Core/Src/main.c:66:193: note: (near initialization for 'sinewave2')
../Core/Src/main.c:66:197: warning: excess elements in array initializer
   49,57,66,75,85,95,106,118,130,142,156,169,184,198,214,229,246,262,280,297,315,334,353,372,392,412,433,454,475,496,518,540,563,586,609,632,655,679,703,727,751,776,800,825,850,875,900,925,950,975,1000,};
                                                                                                                                                                                                     ^~~~
../Core/Src/main.c:66:197: note: (near initialization for 'sinewave2')
arm-none-eabi-gcc -o "pls-work.elf" @"objects.list"   -mcpu=cortex-m4 -T"/home/lucag/STM32CubeIDE/workspace_1.5.0/pls-work/STM32G474RETX_FLASH.ld" --specs=nosys.specs -Wl,-Map="pls-work.map" -Wl,--gc-sections -static --specs=nano.specs -mfpu=fpv4-sp-d16 -mfloat-abi=hard -mthumb -Wl,--start-group -lc -lm -Wl,--end-group
Finished building target: pls-work.elf
 
arm-none-eabi-objdump -h -S  pls-work.elf  > "pls-work.list"
arm-none-eabi-objcopy  -O binary  pls-work.elf  "pls-work.bin"
arm-none-eabi-size   pls-work.elf 
   text	   data	    bss	    dec	    hex	filename
  12900	   1020	   2900	  16820	   41b4	pls-work.elf
Finished building: default.size.stdout
 
Finished building: pls-work.bin
 
Finished building: pls-work.list
 
10:21:13 **** Incremental Build of configuration Debug for project pls-work ****
make -j4 all 
arm-none-eabi-gcc "../Core/Src/main.c" -mcpu=cortex-m4 -std=gnu11 -g3 -DUSE_HAL_DRIVER -DSTM32G474xx -DDEBUG -c -I../Core/Inc -I../Drivers/STM32G4xx_HAL_Driver/Inc -I../Drivers/STM32G4xx_HAL_Driver/Inc/Legacy -I../Drivers/CMSIS/Device/ST/STM32G4xx/Include -I../Drivers/CMSIS/Include -O0 -ffunction-sections -fdata-sections -Wall -fstack-usage -MMD -MP -MF"Core/Src/main.d" -MT"Core/Src/main.o" --specs=nano.specs -mfpu=fpv4-sp-d16 -mfloat-abi=hard -mthumb -o "Core/Src/main.o"
../Core/Src/main.c:62:392: warning: excess elements in array initializer
   49,53,57,61,66,70,75,80,85,90,95,101,106,112,118,124,130,136,142,149,156,162,169,176,184,191,198,206,214,222,229,238,246,254,262,271,280,288,297,306,315,325,334,343,353,363,372,382,392,402,412,422,433,443,454,464,475,486,496,507,518,529,540,552,563,574,586,597,609,620,632,644,655,667,679,691,703,715,727,739,751,764,776,788,800,813,825,837,850,862,875,887,900,912,925,937,950,962,975,987,1000,};
                                                                                                                                                                                                                                                                                                                                                                                                        ^~~~
../Core/Src/main.c:62:392: note: (near initialization for 'sinewave')
../Core/Src/main.c:66:193: warning: excess elements in array initializer
   49,57,66,75,85,95,106,118,130,142,156,169,184,198,214,229,246,262,280,297,315,334,353,372,392,412,433,454,475,496,518,540,563,586,609,632,655,679,703,727,751,776,800,825,850,875,900,925,950,975,1000,};
                                                                                                                                                                                                 ^~~
../Core/Src/main.c:66:193: note: (near initialization for 'sinewave2')
../Core/Src/main.c:66:197: warning: excess elements in array initializer
   49,57,66,75,85,95,106,118,130,142,156,169,184,198,214,229,246,262,280,297,315,334,353,372,392,412,433,454,475,496,518,540,563,586,609,632,655,679,703,727,751,776,800,825,850,875,900,925,950,975,1000,};
                                                                                                                                                                                                     ^~~~
../Core/Src/main.c:66:197: note: (near initialization for 'sinewave2')
arm-none-eabi-gcc -o "pls-work.elf" @"objects.list"   -mcpu=cortex-m4 -T"/home/lucag/STM32CubeIDE/workspace_1.5.0/pls-work/STM32G474RETX_FLASH.ld" --specs=nosys.specs -Wl,-Map="pls-work.map" -Wl,--gc-sections -static --specs=nano.specs -mfpu=fpv4-sp-d16 -mfloat-abi=hard -mthumb -Wl,--start-group -lc -lm -Wl,--end-group
Finished building target: pls-work.elf
 
arm-none-eabi-objdump -h -S  pls-work.elf  > "pls-work.list"
arm-none-eabi-objcopy  -O binary  pls-work.elf  "pls-work.bin"
arm-none-eabi-size   pls-work.elf 
   text	   data	    bss	    dec	    hex	filename
  12896	   1020	   2900	  16816	   41b0	pls-work.elf
Finished building: default.size.stdout
 
Finished building: pls-work.bin
 
Finished building: pls-work.list
 
13:58:25 **** Build of configuration Debug for project pls-work ****
make -j4 all 
arm-none-eabi-size   pls-work.elf 
   text	   data	    bss	    dec	    hex	filename
  12896	   1020	   2900	  16816	   41b0	pls-work.elf
Finished building: default.size.stdout
 
13:58:37 **** Incremental Build of configuration Debug for project pls-work ****
make -j4 all 
arm-none-eabi-size   pls-work.elf 
   text	   data	    bss	    dec	    hex	filename
  12896	   1020	   2900	  16816	   41b0	pls-work.elf
Finished building: default.size.stdout
 
14:01:52 **** Incremental Build of configuration Debug for project pls-work ****
make -j4 all 
arm-none-eabi-size   pls-work.elf 
   text	   data	    bss	    dec	    hex	filename
  12896	   1020	   2900	  16816	   41b0	pls-work.elf
Finished building: default.size.stdout
 
14:06:32 **** Incremental Build of configuration Debug for project pls-work ****
make -j4 all 
arm-none-eabi-size   pls-work.elf 
   text	   data	    bss	    dec	    hex	filename
  12896	   1020	   2900	  16816	   41b0	pls-work.elf
Finished building: default.size.stdout
 
14:06:40 **** Incremental Build of configuration Debug for project pls-work ****
make -j4 all 
arm-none-eabi-size   pls-work.elf 
   text	   data	    bss	    dec	    hex	filename
  12896	   1020	   2900	  16816	   41b0	pls-work.elf
Finished building: default.size.stdout
 
14:12:14 **** Incremental Build of configuration Debug for project pls-work ****
make -j4 all 
arm-none-eabi-size   pls-work.elf 
   text	   data	    bss	    dec	    hex	filename
  12896	   1020	   2900	  16816	   41b0	pls-work.elf
Finished building: default.size.stdout
 
14:30:26 **** Incremental Build of configuration Debug for project pls-work ****
make -j4 all 
arm-none-eabi-size   pls-work.elf 
   text	   data	    bss	    dec	    hex	filename
  12896	   1020	   2900	  16816	   41b0	pls-work.elf
Finished building: default.size.stdout
 
14:36:33 **** Incremental Build of configuration Debug for project pls-work ****
make -j4 all 
arm-none-eabi-size   pls-work.elf 
   text	   data	    bss	    dec	    hex	filename
  12896	   1020	   2900	  16816	   41b0	pls-work.elf
Finished building: default.size.stdout
 
14:36:45 **** Incremental Build of configuration Debug for project pls-work ****
make -j4 all 
arm-none-eabi-size   pls-work.elf 
   text	   data	    bss	    dec	    hex	filename
  12896	   1020	   2900	  16816	   41b0	pls-work.elf
Finished building: default.size.stdout
 
14:37:04 **** Incremental Build of configuration Debug for project pls-work ****
make -j4 all 
arm-none-eabi-size   pls-work.elf 
   text	   data	    bss	    dec	    hex	filename
  12896	   1020	   2900	  16816	   41b0	pls-work.elf
Finished building: default.size.stdout
 
14:37:11 **** Incremental Build of configuration Debug for project pls-work ****
make -j4 all 
arm-none-eabi-size   pls-work.elf 
   text	   data	    bss	    dec	    hex	filename
  12896	   1020	   2900	  16816	   41b0	pls-work.elf
Finished building: default.size.stdout
 
14:37:55 **** Incremental Build of configuration Debug for project pls-work ****
make -j4 all 
arm-none-eabi-size   pls-work.elf 
   text	   data	    bss	    dec	    hex	filename
  12896	   1020	   2900	  16816	   41b0	pls-work.elf
Finished building: default.size.stdout
 
14:37:58 **** Incremental Build of configuration Debug for project pls-work ****
make -j4 all 
arm-none-eabi-size   pls-work.elf 
   text	   data	    bss	    dec	    hex	filename
  12896	   1020	   2900	  16816	   41b0	pls-work.elf
Finished building: default.size.stdout
 
14:38:02 **** Incremental Build of configuration Debug for project pls-work ****
make -j4 all 
arm-none-eabi-size   pls-work.elf 
   text	   data	    bss	    dec	    hex	filename
  12896	   1020	   2900	  16816	   41b0	pls-work.elf
Finished building: default.size.stdout
 
14:38:16 **** Incremental Build of configuration Debug for project pls-work ****
make -j4 all 
arm-none-eabi-size   pls-work.elf 
   text	   data	    bss	    dec	    hex	filename
  12896	   1020	   2900	  16816	   41b0	pls-work.elf
Finished building: default.size.stdout
 
14:38:18 **** Incremental Build of configuration Debug for project pls-work ****
make -j4 all 
arm-none-eabi-size   pls-work.elf 
   text	   data	    bss	    dec	    hex	filename
  12896	   1020	   2900	  16816	   41b0	pls-work.elf
Finished building: default.size.stdout
 
14:38:42 **** Incremental Build of configuration Debug for project pls-work ****
make -j4 all 
arm-none-eabi-size   pls-work.elf 
   text	   data	    bss	    dec	    hex	filename
  12896	   1020	   2900	  16816	   41b0	pls-work.elf
Finished building: default.size.stdout
 
14:39:06 **** Incremental Build of configuration Debug for project pls-work ****
make -j4 all 
arm-none-eabi-gcc "../Core/Src/main.c" -mcpu=cortex-m4 -std=gnu11 -g3 -DUSE_HAL_DRIVER -DSTM32G474xx -DDEBUG -c -I../Core/Inc -I../Drivers/STM32G4xx_HAL_Driver/Inc -I../Drivers/STM32G4xx_HAL_Driver/Inc/Legacy -I../Drivers/CMSIS/Device/ST/STM32G4xx/Include -I../Drivers/CMSIS/Include -O0 -ffunction-sections -fdata-sections -Wall -fstack-usage -MMD -MP -MF"Core/Src/main.d" -MT"Core/Src/main.o" --specs=nano.specs -mfpu=fpv4-sp-d16 -mfloat-abi=hard -mthumb -o "Core/Src/main.o"
../Core/Src/main.c:62:392: warning: excess elements in array initializer
   49,53,57,61,66,70,75,80,85,90,95,101,106,112,118,124,130,136,142,149,156,162,169,176,184,191,198,206,214,222,229,238,246,254,262,271,280,288,297,306,315,325,334,343,353,363,372,382,392,402,412,422,433,443,454,464,475,486,496,507,518,529,540,552,563,574,586,597,609,620,632,644,655,667,679,691,703,715,727,739,751,764,776,788,800,813,825,837,850,862,875,887,900,912,925,937,950,962,975,987,1000,};
                                                                                                                                                                                                                                                                                                                                                                                                        ^~~~
../Core/Src/main.c:62:392: note: (near initialization for 'sinewave')
../Core/Src/main.c:66:193: warning: excess elements in array initializer
   49,57,66,75,85,95,106,118,130,142,156,169,184,198,214,229,246,262,280,297,315,334,353,372,392,412,433,454,475,496,518,540,563,586,609,632,655,679,703,727,751,776,800,825,850,875,900,925,950,975,1000,};
                                                                                                                                                                                                 ^~~
../Core/Src/main.c:66:193: note: (near initialization for 'sinewave2')
../Core/Src/main.c:66:197: warning: excess elements in array initializer
   49,57,66,75,85,95,106,118,130,142,156,169,184,198,214,229,246,262,280,297,315,334,353,372,392,412,433,454,475,496,518,540,563,586,609,632,655,679,703,727,751,776,800,825,850,875,900,925,950,975,1000,};
                                                                                                                                                                                                     ^~~~
../Core/Src/main.c:66:197: note: (near initialization for 'sinewave2')
arm-none-eabi-gcc -o "pls-work.elf" @"objects.list"   -mcpu=cortex-m4 -T"/home/lucag/Documents/GitHub/altsdr/uC software/workspace_1.5.0/pls-work/STM32G474RETX_FLASH.ld" --specs=nosys.specs -Wl,-Map="pls-work.map" -Wl,--gc-sections -static --specs=nano.specs -mfpu=fpv4-sp-d16 -mfloat-abi=hard -mthumb -Wl,--start-group -lc -lm -Wl,--end-group
Finished building target: pls-work.elf
 
arm-none-eabi-objdump -h -S  pls-work.elf  > "pls-work.list"
arm-none-eabi-objcopy  -O binary  pls-work.elf  "pls-work.bin"
arm-none-eabi-size   pls-work.elf 
   text	   data	    bss	    dec	    hex	filename
  12896	   1020	   2900	  16816	   41b0	pls-work.elf
Finished building: default.size.stdout
 
Finished building: pls-work.bin
 
Finished building: pls-work.list
 
15:01:03 **** Incremental Build of configuration Debug for project pls-work ****
make -j4 all 
arm-none-eabi-size   pls-work.elf 
   text	   data	    bss	    dec	    hex	filename
  12896	   1020	   2900	  16816	   41b0	pls-work.elf
Finished building: default.size.stdout
 
15:01:34 **** Incremental Build of configuration Debug for project pls-work ****
make -j4 all 
arm-none-eabi-size   pls-work.elf 
   text	   data	    bss	    dec	    hex	filename
  12896	   1020	   2900	  16816	   41b0	pls-work.elf
Finished building: default.size.stdout
 
15:01:35 **** Incremental Build of configuration Debug for project pls-work ****
make -j4 all 
arm-none-eabi-size   pls-work.elf 
   text	   data	    bss	    dec	    hex	filename
  12896	   1020	   2900	  16816	   41b0	pls-work.elf
Finished building: default.size.stdout
 
15:02:11 **** Incremental Build of configuration Debug for project pls-work ****
make -j4 all 
arm-none-eabi-size   pls-work.elf 
   text	   data	    bss	    dec	    hex	filename
  12896	   1020	   2900	  16816	   41b0	pls-work.elf
Finished building: default.size.stdout
 
17:01:36 **** Incremental Build of configuration Debug for project pls-work ****
make -j4 all 
arm-none-eabi-size   pls-work.elf 
   text	   data	    bss	    dec	    hex	filename
  12896	   1020	   2900	  16816	   41b0	pls-work.elf
Finished building: default.size.stdout
 
17:07:31 **** Incremental Build of configuration Debug for project pls-work ****
make -j4 all 
arm-none-eabi-size   pls-work.elf 
   text	   data	    bss	    dec	    hex	filename
  12896	   1020	   2900	  16816	   41b0	pls-work.elf
Finished building: default.size.stdout
 
