Archive member included to satisfy reference by file (symbol)

/opt/st/stm32cubeide_1.5.0/plugins/com.st.stm32cube.ide.mcu.externaltools.gnu-tools-for-stm32.7-2018-q2-update.linux64_1.5.0.202011040924/tools/bin/../lib/gcc/arm-none-eabi/7.3.1/../../../../arm-none-eabi/lib/thumb/v7e-m/fpv4-sp/hard/libc_nano.a(lib_a-errno.o)
                              Core/Src/syscalls.o (__errno)
/opt/st/stm32cubeide_1.5.0/plugins/com.st.stm32cube.ide.mcu.externaltools.gnu-tools-for-stm32.7-2018-q2-update.linux64_1.5.0.202011040924/tools/bin/../lib/gcc/arm-none-eabi/7.3.1/../../../../arm-none-eabi/lib/thumb/v7e-m/fpv4-sp/hard/libc_nano.a(lib_a-exit.o)
                              /opt/st/stm32cubeide_1.5.0/plugins/com.st.stm32cube.ide.mcu.externaltools.gnu-tools-for-stm32.7-2018-q2-update.linux64_1.5.0.202011040924/tools/bin/../lib/gcc/arm-none-eabi/7.3.1/../../../../arm-none-eabi/lib/thumb/v7e-m/fpv4-sp/hard/crt0.o (exit)
/opt/st/stm32cubeide_1.5.0/plugins/com.st.stm32cube.ide.mcu.externaltools.gnu-tools-for-stm32.7-2018-q2-update.linux64_1.5.0.202011040924/tools/bin/../lib/gcc/arm-none-eabi/7.3.1/../../../../arm-none-eabi/lib/thumb/v7e-m/fpv4-sp/hard/libc_nano.a(lib_a-impure.o)
                              /opt/st/stm32cubeide_1.5.0/plugins/com.st.stm32cube.ide.mcu.externaltools.gnu-tools-for-stm32.7-2018-q2-update.linux64_1.5.0.202011040924/tools/bin/../lib/gcc/arm-none-eabi/7.3.1/../../../../arm-none-eabi/lib/thumb/v7e-m/fpv4-sp/hard/libc_nano.a(lib_a-exit.o) (_global_impure_ptr)
/opt/st/stm32cubeide_1.5.0/plugins/com.st.stm32cube.ide.mcu.externaltools.gnu-tools-for-stm32.7-2018-q2-update.linux64_1.5.0.202011040924/tools/bin/../lib/gcc/arm-none-eabi/7.3.1/../../../../arm-none-eabi/lib/thumb/v7e-m/fpv4-sp/hard/libc_nano.a(lib_a-init.o)
                              /opt/st/stm32cubeide_1.5.0/plugins/com.st.stm32cube.ide.mcu.externaltools.gnu-tools-for-stm32.7-2018-q2-update.linux64_1.5.0.202011040924/tools/bin/../lib/gcc/arm-none-eabi/7.3.1/../../../../arm-none-eabi/lib/thumb/v7e-m/fpv4-sp/hard/crt0.o (__libc_init_array)
/opt/st/stm32cubeide_1.5.0/plugins/com.st.stm32cube.ide.mcu.externaltools.gnu-tools-for-stm32.7-2018-q2-update.linux64_1.5.0.202011040924/tools/bin/../lib/gcc/arm-none-eabi/7.3.1/../../../../arm-none-eabi/lib/thumb/v7e-m/fpv4-sp/hard/libc_nano.a(lib_a-memset.o)
                              /opt/st/stm32cubeide_1.5.0/plugins/com.st.stm32cube.ide.mcu.externaltools.gnu-tools-for-stm32.7-2018-q2-update.linux64_1.5.0.202011040924/tools/bin/../lib/gcc/arm-none-eabi/7.3.1/../../../../arm-none-eabi/lib/thumb/v7e-m/fpv4-sp/hard/crt0.o (memset)
/opt/st/stm32cubeide_1.5.0/plugins/com.st.stm32cube.ide.mcu.externaltools.gnu-tools-for-stm32.7-2018-q2-update.linux64_1.5.0.202011040924/tools/bin/../lib/gcc/arm-none-eabi/7.3.1/thumb/v7e-m/fpv4-sp/hard/libgcc.a(_aeabi_uldivmod.o)
                              Drivers/STM32G4xx_HAL_Driver/Src/stm32g4xx_hal_uart.o (__aeabi_uldivmod)
/opt/st/stm32cubeide_1.5.0/plugins/com.st.stm32cube.ide.mcu.externaltools.gnu-tools-for-stm32.7-2018-q2-update.linux64_1.5.0.202011040924/tools/bin/../lib/gcc/arm-none-eabi/7.3.1/thumb/v7e-m/fpv4-sp/hard/libgcc.a(_udivmoddi4.o)
                              /opt/st/stm32cubeide_1.5.0/plugins/com.st.stm32cube.ide.mcu.externaltools.gnu-tools-for-stm32.7-2018-q2-update.linux64_1.5.0.202011040924/tools/bin/../lib/gcc/arm-none-eabi/7.3.1/thumb/v7e-m/fpv4-sp/hard/libgcc.a(_aeabi_uldivmod.o) (__udivmoddi4)
/opt/st/stm32cubeide_1.5.0/plugins/com.st.stm32cube.ide.mcu.externaltools.gnu-tools-for-stm32.7-2018-q2-update.linux64_1.5.0.202011040924/tools/bin/../lib/gcc/arm-none-eabi/7.3.1/thumb/v7e-m/fpv4-sp/hard/libgcc.a(_dvmd_tls.o)
                              /opt/st/stm32cubeide_1.5.0/plugins/com.st.stm32cube.ide.mcu.externaltools.gnu-tools-for-stm32.7-2018-q2-update.linux64_1.5.0.202011040924/tools/bin/../lib/gcc/arm-none-eabi/7.3.1/thumb/v7e-m/fpv4-sp/hard/libgcc.a(_aeabi_uldivmod.o) (__aeabi_ldiv0)

Allocating common symbols
Common symbol       size              file

uwTick              0x4               Drivers/STM32G4xx_HAL_Driver/Src/stm32g4xx_hal.o
hlpuart1            0x8c              Core/Src/main.o
hcordic             0x28              Core/Src/main.o

Discarded input sections

 .text          0x0000000000000000        0x0 /opt/st/stm32cubeide_1.5.0/plugins/com.st.stm32cube.ide.mcu.externaltools.gnu-tools-for-stm32.7-2018-q2-update.linux64_1.5.0.202011040924/tools/bin/../lib/gcc/arm-none-eabi/7.3.1/thumb/v7e-m/fpv4-sp/hard/crti.o
 .data          0x0000000000000000        0x0 /opt/st/stm32cubeide_1.5.0/plugins/com.st.stm32cube.ide.mcu.externaltools.gnu-tools-for-stm32.7-2018-q2-update.linux64_1.5.0.202011040924/tools/bin/../lib/gcc/arm-none-eabi/7.3.1/thumb/v7e-m/fpv4-sp/hard/crti.o
 .bss           0x0000000000000000        0x0 /opt/st/stm32cubeide_1.5.0/plugins/com.st.stm32cube.ide.mcu.externaltools.gnu-tools-for-stm32.7-2018-q2-update.linux64_1.5.0.202011040924/tools/bin/../lib/gcc/arm-none-eabi/7.3.1/thumb/v7e-m/fpv4-sp/hard/crti.o
[...]
Memory Configuration

Name             Origin             Length             Attributes
RAM              0x0000000020000000 0x0000000000020000 xrw
FLASH            0x0000000008000000 0x0000000000080000 xr
*default*        0x0000000000000000 0xffffffffffffffff

Linker script and memory map

LOAD /opt/st/stm32cubeide_1.5.0/plugins/com.st.stm32cube.ide.mcu.externaltools.gnu-tools-for-stm32.7-2018-q2-update.linux64_1.5.0.202011040924/tools/bin/../lib/gcc/arm-none-eabi/7.3.1/thumb/v7e-m/fpv4-sp/hard/crti.o
LOAD /opt/st/stm32cubeide_1.5.0/plugins/com.st.stm32cube.ide.mcu.externaltools.gnu-tools-for-stm32.7-2018-q2-update.linux64_1.5.0.202011040924/tools/bin/../lib/gcc/arm-none-eabi/7.3.1/thumb/v7e-m/fpv4-sp/hard/crtbegin.o
LOAD /opt/st/stm32cubeide_1.5.0/plugins/com.st.stm32cube.ide.mcu.externaltools.gnu-tools-for-stm32.7-2018-q2-update.linux64_1.5.0.202011040924/tools/bin/../lib/gcc/arm-none-eabi/7.3.1/../../../../arm-none-eabi/lib/thumb/v7e-m/fpv4-sp/hard/crt0.o
LOAD Core/Src/main.o
LOAD Core/Src/stm32g4xx_hal_msp.o
LOAD Core/Src/stm32g4xx_it.o
LOAD Core/Src/syscalls.o
LOAD Core/Src/sysmem.o
LOAD Core/Src/system_stm32g4xx.o
LOAD Core/Startup/startup_stm32g474retx.o
LOAD Drivers/STM32G4xx_HAL_Driver/Src/stm32g4xx_hal.o
LOAD Drivers/STM32G4xx_HAL_Driver/Src/stm32g4xx_hal_cordic.o
LOAD Drivers/STM32G4xx_HAL_Driver/Src/stm32g4xx_hal_cortex.o
LOAD Drivers/STM32G4xx_HAL_Driver/Src/stm32g4xx_hal_dma.o
LOAD Drivers/STM32G4xx_HAL_Driver/Src/stm32g4xx_hal_dma_ex.o
LOAD Drivers/STM32G4xx_HAL_Driver/Src/stm32g4xx_hal_exti.o
LOAD Drivers/STM32G4xx_HAL_Driver/Src/stm32g4xx_hal_flash.o
LOAD Drivers/STM32G4xx_HAL_Driver/Src/stm32g4xx_hal_flash_ex.o
LOAD Drivers/STM32G4xx_HAL_Driver/Src/stm32g4xx_hal_flash_ramfunc.o
LOAD Drivers/STM32G4xx_HAL_Driver/Src/stm32g4xx_hal_gpio.o
LOAD Drivers/STM32G4xx_HAL_Driver/Src/stm32g4xx_hal_pwr.o
LOAD Drivers/STM32G4xx_HAL_Driver/Src/stm32g4xx_hal_pwr_ex.o
LOAD Drivers/STM32G4xx_HAL_Driver/Src/stm32g4xx_hal_rcc.o
LOAD Drivers/STM32G4xx_HAL_Driver/Src/stm32g4xx_hal_rcc_ex.o
LOAD Drivers/STM32G4xx_HAL_Driver/Src/stm32g4xx_hal_tim.o
LOAD Drivers/STM32G4xx_HAL_Driver/Src/stm32g4xx_hal_tim_ex.o
LOAD Drivers/STM32G4xx_HAL_Driver/Src/stm32g4xx_hal_uart.o
LOAD Drivers/STM32G4xx_HAL_Driver/Src/stm32g4xx_hal_uart_ex.o
START GROUP
LOAD /opt/st/stm32cubeide_1.5.0/plugins/com.st.stm32cube.ide.mcu.externaltools.gnu-tools-for-stm32.7-2018-q2-update.linux64_1.5.0.202011040924/tools/bin/../lib/gcc/arm-none-eabi/7.3.1/../../../../arm-none-eabi/lib/thumb/v7e-m/fpv4-sp/hard/libstdc++_nano.a
LOAD /opt/st/stm32cubeide_1.5.0/plugins/com.st.stm32cube.ide.mcu.externaltools.gnu-tools-for-stm32.7-2018-q2-update.linux64_1.5.0.202011040924/tools/bin/../lib/gcc/arm-none-eabi/7.3.1/../../../../arm-none-eabi/lib/thumb/v7e-m/fpv4-sp/hard/libsupc++_nano.a
END GROUP
LOAD /opt/st/stm32cubeide_1.5.0/plugins/com.st.stm32cube.ide.mcu.externaltools.gnu-tools-for-stm32.7-2018-q2-update.linux64_1.5.0.202011040924/tools/bin/../lib/gcc/arm-none-eabi/7.3.1/../../../../arm-none-eabi/lib/thumb/v7e-m/fpv4-sp/hard/libstdc++_nano.a
LOAD /opt/st/stm32cubeide_1.5.0/plugins/com.st.stm32cube.ide.mcu.externaltools.gnu-tools-for-stm32.7-2018-q2-update.linux64_1.5.0.202011040924/tools/bin/../lib/gcc/arm-none-eabi/7.3.1/../../../../arm-none-eabi/lib/thumb/v7e-m/fpv4-sp/hard/libm.a
LOAD /opt/st/stm32cubeide_1.5.0/plugins/com.st.stm32cube.ide.mcu.externaltools.gnu-tools-for-stm32.7-2018-q2-update.linux64_1.5.0.202011040924/tools/bin/../lib/gcc/arm-none-eabi/7.3.1/../../../../arm-none-eabi/lib/thumb/v7e-m/fpv4-sp/hard/libc_nano.a
START GROUP
LOAD /opt/st/stm32cubeide_1.5.0/plugins/com.st.stm32cube.ide.mcu.externaltools.gnu-tools-for-stm32.7-2018-q2-update.linux64_1.5.0.202011040924/tools/bin/../lib/gcc/arm-none-eabi/7.3.1/thumb/v7e-m/fpv4-sp/hard/libgcc.a
LOAD /opt/st/stm32cubeide_1.5.0/plugins/com.st.stm32cube.ide.mcu.externaltools.gnu-tools-for-stm32.7-2018-q2-update.linux64_1.5.0.202011040924/tools/bin/../lib/gcc/arm-none-eabi/7.3.1/../../../../arm-none-eabi/lib/thumb/v7e-m/fpv4-sp/hard/libc_nano.a
END GROUP
START GROUP
LOAD /opt/st/stm32cubeide_1.5.0/plugins/com.st.stm32cube.ide.mcu.externaltools.gnu-tools-for-stm32.7-2018-q2-update.linux64_1.5.0.202011040924/tools/bin/../lib/gcc/arm-none-eabi/7.3.1/thumb/v7e-m/fpv4-sp/hard/libgcc.a
LOAD /opt/st/stm32cubeide_1.5.0/plugins/com.st.stm32cube.ide.mcu.externaltools.gnu-tools-for-stm32.7-2018-q2-update.linux64_1.5.0.202011040924/tools/bin/../lib/gcc/arm-none-eabi/7.3.1/../../../../arm-none-eabi/lib/thumb/v7e-m/fpv4-sp/hard/libc_nano.a
LOAD /opt/st/stm32cubeide_1.5.0/plugins/com.st.stm32cube.ide.mcu.externaltools.gnu-tools-for-stm32.7-2018-q2-update.linux64_1.5.0.202011040924/tools/bin/../lib/gcc/arm-none-eabi/7.3.1/../../../../arm-none-eabi/lib/thumb/v7e-m/fpv4-sp/hard/libnosys.a
END GROUP
START GROUP
LOAD /opt/st/stm32cubeide_1.5.0/plugins/com.st.stm32cube.ide.mcu.externaltools.gnu-tools-for-stm32.7-2018-q2-update.linux64_1.5.0.202011040924/tools/bin/../lib/gcc/arm-none-eabi/7.3.1/thumb/v7e-m/fpv4-sp/hard/libgcc.a
LOAD /opt/st/stm32cubeide_1.5.0/plugins/com.st.stm32cube.ide.mcu.externaltools.gnu-tools-for-stm32.7-2018-q2-update.linux64_1.5.0.202011040924/tools/bin/../lib/gcc/arm-none-eabi/7.3.1/../../../../arm-none-eabi/lib/thumb/v7e-m/fpv4-sp/hard/libc_nano.a
LOAD /opt/st/stm32cubeide_1.5.0/plugins/com.st.stm32cube.ide.mcu.externaltools.gnu-tools-for-stm32.7-2018-q2-update.linux64_1.5.0.202011040924/tools/bin/../lib/gcc/arm-none-eabi/7.3.1/../../../../arm-none-eabi/lib/thumb/v7e-m/fpv4-sp/hard/libnosys.a
END GROUP
LOAD /opt/st/stm32cubeide_1.5.0/plugins/com.st.stm32cube.ide.mcu.externaltools.gnu-tools-for-stm32.7-2018-q2-update.linux64_1.5.0.202011040924/tools/bin/../lib/gcc/arm-none-eabi/7.3.1/thumb/v7e-m/fpv4-sp/hard/crtend.o
LOAD /opt/st/stm32cubeide_1.5.0/plugins/com.st.stm32cube.ide.mcu.externaltools.gnu-tools-for-stm32.7-2018-q2-update.linux64_1.5.0.202011040924/tools/bin/../lib/gcc/arm-none-eabi/7.3.1/thumb/v7e-m/fpv4-sp/hard/crtn.o
                0x0000000020020000                _estack = (ORIGIN (RAM) + LENGTH (RAM))
                0x0000000000000200                _Min_Heap_Size = 0x200
                0x0000000000000400                _Min_Stack_Size = 0x400

.isr_vector     0x0000000008000000      0x1d8
                0x0000000008000000                . = ALIGN (0x4)
 *(.isr_vector)
 .isr_vector    0x0000000008000000      0x1d8 Core/Startup/startup_stm32g474retx.o
                0x0000000008000000                g_pfnVectors
                0x00000000080001d8                . = ALIGN (0x4)

.text           0x00000000080001d8     0x2b68
                0x00000000080001d8                . = ALIGN (0x4)
 *(.text)
 .text          0x00000000080001d8       0x40 /opt/st/stm32cubeide_1.5.0/plugins/com.st.stm32cube.ide.mcu.externaltools.gnu-tools-for-stm32.7-2018-q2-update.linux64_1.5.0.202011040924/tools/bin/../lib/gcc/arm-none-eabi/7.3.1/thumb/v7e-m/fpv4-sp/hard/crtbegin.o
 .text          0x0000000008000218       0x30 /opt/st/stm32cubeide_1.5.0/plugins/com.st.stm32cube.ide.mcu.externaltools.gnu-tools-for-stm32.7-2018-q2-update.linux64_1.5.0.202011040924/tools/bin/../lib/gcc/arm-none-eabi/7.3.1/thumb/v7e-m/fpv4-sp/hard/libgcc.a(_aeabi_uldivmod.o)
                0x0000000008000218                __aeabi_uldivmod
 .text          0x0000000008000248      0x2cc /opt/st/stm32cubeide_1.5.0/plugins/com.st.stm32cube.ide.mcu.externaltools.gnu-tools-for-stm32.7-2018-q2-update.linux64_1.5.0.202011040924/tools/bin/../lib/gcc/arm-none-eabi/7.3.1/thumb/v7e-m/fpv4-sp/hard/libgcc.a(_udivmoddi4.o)
                0x0000000008000248                __udivmoddi4
 .text          0x0000000008000514        0x4 /opt/st/stm32cubeide_1.5.0/plugins/com.st.stm32cube.ide.mcu.externaltools.gnu-tools-for-stm32.7-2018-q2-update.linux64_1.5.0.202011040924/tools/bin/../lib/gcc/arm-none-eabi/7.3.1/thumb/v7e-m/fpv4-sp/hard/libgcc.a(_dvmd_tls.o)
                0x0000000008000514                __aeabi_ldiv0
                0x0000000008000514                __aeabi_idiv0
 *(.text*)
 .text.main     0x0000000008000518       0x40 Core/Src/main.o
                0x0000000008000518                main
 .text.SystemClock_Config
                0x0000000008000558       0xce Core/Src/main.o
                0x0000000008000558                SystemClock_Config
 *fill*         0x0000000008000626        0x2 
 .text.MX_CORDIC_Init
                0x0000000008000628       0x28 Core/Src/main.o
 .text.MX_LPUART1_UART_Init
                0x0000000008000650       0x94 Core/Src/main.o
 .text.MX_GPIO_Init
                0x00000000080006e4       0xe0 Core/Src/main.o
 .text.Error_Handler
                0x00000000080007c4        0x8 Core/Src/main.o
                0x00000000080007c4                Error_Handler
 .text.HAL_MspInit
                0x00000000080007cc       0x48 Core/Src/stm32g4xx_hal_msp.o
                0x00000000080007cc                HAL_MspInit
 .text.HAL_CORDIC_MspInit
                0x0000000008000814       0x40 Core/Src/stm32g4xx_hal_msp.o
                0x0000000008000814                HAL_CORDIC_MspInit
 .text.HAL_UART_MspInit
                0x0000000008000854       0x84 Core/Src/stm32g4xx_hal_msp.o
                0x0000000008000854                HAL_UART_MspInit
 .text.NMI_Handler
                0x00000000080008d8        0x6 Core/Src/stm32g4xx_it.o
                0x00000000080008d8                NMI_Handler
 .text.HardFault_Handler
                0x00000000080008de        0x6 Core/Src/stm32g4xx_it.o
                0x00000000080008de                HardFault_Handler
 .text.MemManage_Handler
                0x00000000080008e4        0x6 Core/Src/stm32g4xx_it.o
                0x00000000080008e4                MemManage_Handler
 .text.BusFault_Handler
                0x00000000080008ea        0x6 Core/Src/stm32g4xx_it.o
                0x00000000080008ea                BusFault_Handler
 .text.UsageFault_Handler
                0x00000000080008f0        0x6 Core/Src/stm32g4xx_it.o
                0x00000000080008f0                UsageFault_Handler
 .text.SVC_Handler
                0x00000000080008f6        0xe Core/Src/stm32g4xx_it.o
                0x00000000080008f6                SVC_Handler
 .text.DebugMon_Handler
                0x0000000008000904        0xe Core/Src/stm32g4xx_it.o
                0x0000000008000904                DebugMon_Handler
 .text.PendSV_Handler
                0x0000000008000912        0xe Core/Src/stm32g4xx_it.o
                0x0000000008000912                PendSV_Handler
 .text.SysTick_Handler
                0x0000000008000920        0xc Core/Src/stm32g4xx_it.o
                0x0000000008000920                SysTick_Handler
 .text.EXTI15_10_IRQHandler
                0x000000000800092c       0x10 Core/Src/stm32g4xx_it.o
                0x000000000800092c                EXTI15_10_IRQHandler
 .text.SystemInit
                0x000000000800093c       0x2c Core/Src/system_stm32g4xx.o
                0x000000000800093c                SystemInit
 .text.Reset_Handler
                0x0000000008000968       0x50 Core/Startup/startup_stm32g474retx.o
                0x0000000008000968                Reset_Handler
 .text.Default_Handler
                0x00000000080009b8        0x2 Core/Startup/startup_stm32g474retx.o
                0x00000000080009b8                RTC_Alarm_IRQHandler
                0x00000000080009b8                EXTI2_IRQHandler
                0x00000000080009b8                TIM8_TRG_COM_IRQHandler
                0x00000000080009b8                TIM8_CC_IRQHandler
                0x00000000080009b8                HRTIM1_Master_IRQHandler
                0x00000000080009b8                SPI4_IRQHandler
                0x00000000080009b8                FDCAN3_IT0_IRQHandler
                0x00000000080009b8                TIM1_CC_IRQHandler
                0x00000000080009b8                HRTIM1_FLT_IRQHandler
                0x00000000080009b8                HRTIM1_TIMF_IRQHandler
                0x00000000080009b8                USB_HP_IRQHandler
                0x00000000080009b8                CORDIC_IRQHandler
                0x00000000080009b8                HRTIM1_TIMD_IRQHandler
                0x00000000080009b8                DMA2_Channel8_IRQHandler
                0x00000000080009b8                EXTI3_IRQHandler
                0x00000000080009b8                I2C3_ER_IRQHandler
                0x00000000080009b8                EXTI0_IRQHandler
                0x00000000080009b8                I2C2_EV_IRQHandler
                0x00000000080009b8                FPU_IRQHandler
                0x00000000080009b8                FDCAN1_IT1_IRQHandler
                0x00000000080009b8                TIM1_UP_TIM16_IRQHandler
                0x00000000080009b8                ADC1_2_IRQHandler
                0x00000000080009b8                HRTIM1_TIME_IRQHandler
                0x00000000080009b8                SPI1_IRQHandler
                0x00000000080009b8                TIM6_DAC_IRQHandler
                0x00000000080009b8                HRTIM1_TIMC_IRQHandler
                0x00000000080009b8                TIM8_UP_IRQHandler
                0x00000000080009b8                DMA2_Channel2_IRQHandler
                0x00000000080009b8                DMA1_Channel4_IRQHandler
                0x00000000080009b8                TIM20_TRG_COM_IRQHandler
                0x00000000080009b8                USART3_IRQHandler
                0x00000000080009b8                DMA1_Channel7_IRQHandler
                0x00000000080009b8                UART5_IRQHandler
                0x00000000080009b8                ADC3_IRQHandler
                0x00000000080009b8                TIM4_IRQHandler
                0x00000000080009b8                DMA2_Channel1_IRQHandler
                0x00000000080009b8                QUADSPI_IRQHandler
                0x00000000080009b8                I2C1_EV_IRQHandler
                0x00000000080009b8                DMA1_Channel6_IRQHandler
                0x00000000080009b8                UART4_IRQHandler
                0x00000000080009b8                DMA2_Channel4_IRQHandler
                0x00000000080009b8                TIM3_IRQHandler
                0x00000000080009b8                RCC_IRQHandler
                0x00000000080009b8                TIM20_UP_IRQHandler
                0x00000000080009b8                DMA1_Channel1_IRQHandler
                0x00000000080009b8                Default_Handler
                0x00000000080009b8                DMA2_Channel7_IRQHandler
                0x00000000080009b8                RTC_TAMP_LSECSS_IRQHandler
                0x00000000080009b8                FMAC_IRQHandler
                0x00000000080009b8                DMA1_Channel8_IRQHandler
                0x00000000080009b8                HRTIM1_TIMA_IRQHandler
                0x00000000080009b8                TIM7_DAC_IRQHandler
                0x00000000080009b8                FDCAN3_IT1_IRQHandler
                0x00000000080009b8                TIM5_IRQHandler
                0x00000000080009b8                UCPD1_IRQHandler
                0x00000000080009b8                I2C3_EV_IRQHandler
                0x00000000080009b8                EXTI9_5_IRQHandler
                0x00000000080009b8                RTC_WKUP_IRQHandler
                0x00000000080009b8                PVD_PVM_IRQHandler
                0x00000000080009b8                SPI2_IRQHandler
                0x00000000080009b8                ADC5_IRQHandler
                0x00000000080009b8                DMA2_Channel5_IRQHandler
                0x00000000080009b8                CRS_IRQHandler
                0x00000000080009b8                DMA1_Channel5_IRQHandler
                0x00000000080009b8                USB_LP_IRQHandler
                0x00000000080009b8                EXTI4_IRQHandler
                0x00000000080009b8                RNG_IRQHandler
                0x00000000080009b8                HRTIM1_TIMB_IRQHandler
                0x00000000080009b8                TIM1_TRG_COM_TIM17_IRQHandler
                0x00000000080009b8                FDCAN2_IT1_IRQHandler
                0x00000000080009b8                DMA1_Channel3_IRQHandler
                0x00000000080009b8                ADC4_IRQHandler
                0x00000000080009b8                WWDG_IRQHandler
                0x00000000080009b8                I2C4_EV_IRQHandler
                0x00000000080009b8                FDCAN2_IT0_IRQHandler
                0x00000000080009b8                LPUART1_IRQHandler
                0x00000000080009b8                DMA2_Channel6_IRQHandler
                0x00000000080009b8                FDCAN1_IT0_IRQHandler
                0x00000000080009b8                TIM2_IRQHandler
                0x00000000080009b8                COMP7_IRQHandler
                0x00000000080009b8                COMP1_2_3_IRQHandler
                0x00000000080009b8                EXTI1_IRQHandler
                0x00000000080009b8                USART2_IRQHandler
                0x00000000080009b8                COMP4_5_6_IRQHandler
                0x00000000080009b8                TIM20_BRK_IRQHandler
                0x00000000080009b8                I2C2_ER_IRQHandler
                0x00000000080009b8                DMA1_Channel2_IRQHandler
                0x00000000080009b8                TIM8_BRK_IRQHandler
                0x00000000080009b8                FLASH_IRQHandler
                0x00000000080009b8                TIM20_CC_IRQHandler
                0x00000000080009b8                USART1_IRQHandler
                0x00000000080009b8                SPI3_IRQHandler
                0x00000000080009b8                I2C1_ER_IRQHandler
                0x00000000080009b8                FMC_IRQHandler
                0x00000000080009b8                LPTIM1_IRQHandler
                0x00000000080009b8                DMAMUX_OVR_IRQHandler
                0x00000000080009b8                I2C4_ER_IRQHandler
                0x00000000080009b8                USBWakeUp_IRQHandler
                0x00000000080009b8                SAI1_IRQHandler
                0x00000000080009b8                DMA2_Channel3_IRQHandler
                0x00000000080009b8                TIM1_BRK_TIM15_IRQHandler
 .text.HAL_Init
                0x00000000080009ba       0x30 Drivers/STM32G4xx_HAL_Driver/Src/stm32g4xx_hal.o
                0x00000000080009ba                HAL_Init
 *fill*         0x00000000080009ea        0x2 
 .text.HAL_InitTick
                0x00000000080009ec       0x74 Drivers/STM32G4xx_HAL_Driver/Src/stm32g4xx_hal.o
                0x00000000080009ec                HAL_InitTick
 .text.HAL_IncTick
                0x0000000008000a60       0x24 Drivers/STM32G4xx_HAL_Driver/Src/stm32g4xx_hal.o
                0x0000000008000a60                HAL_IncTick
 .text.HAL_GetTick
                0x0000000008000a84       0x18 Drivers/STM32G4xx_HAL_Driver/Src/stm32g4xx_hal.o
                0x0000000008000a84                HAL_GetTick
 .text.HAL_Delay
                0x0000000008000a9c       0x44 Drivers/STM32G4xx_HAL_Driver/Src/stm32g4xx_hal.o
                0x0000000008000a9c                HAL_Delay
 .text.HAL_CORDIC_Init
                0x0000000008000ae0       0x62 Drivers/STM32G4xx_HAL_Driver/Src/stm32g4xx_hal_cordic.o
                0x0000000008000ae0                HAL_CORDIC_Init
 *fill*         0x0000000008000b42        0x2 
 .text.__NVIC_SetPriorityGrouping
                0x0000000008000b44       0x48 Drivers/STM32G4xx_HAL_Driver/Src/stm32g4xx_hal_cortex.o
 .text.__NVIC_GetPriorityGrouping
                0x0000000008000b8c       0x1c Drivers/STM32G4xx_HAL_Driver/Src/stm32g4xx_hal_cortex.o
 .text.__NVIC_EnableIRQ
                0x0000000008000ba8       0x3c Drivers/STM32G4xx_HAL_Driver/Src/stm32g4xx_hal_cortex.o
 .text.__NVIC_SetPriority
                0x0000000008000be4       0x54 Drivers/STM32G4xx_HAL_Driver/Src/stm32g4xx_hal_cortex.o
 .text.NVIC_EncodePriority
                0x0000000008000c38       0x66 Drivers/STM32G4xx_HAL_Driver/Src/stm32g4xx_hal_cortex.o
 *fill*         0x0000000008000c9e        0x2 
 .text.SysTick_Config
                0x0000000008000ca0       0x44 Drivers/STM32G4xx_HAL_Driver/Src/stm32g4xx_hal_cortex.o
 .text.HAL_NVIC_SetPriorityGrouping
                0x0000000008000ce4       0x16 Drivers/STM32G4xx_HAL_Driver/Src/stm32g4xx_hal_cortex.o
                0x0000000008000ce4                HAL_NVIC_SetPriorityGrouping
 .text.HAL_NVIC_SetPriority
                0x0000000008000cfa       0x34 Drivers/STM32G4xx_HAL_Driver/Src/stm32g4xx_hal_cortex.o
                0x0000000008000cfa                HAL_NVIC_SetPriority
 .text.HAL_NVIC_EnableIRQ
                0x0000000008000d2e       0x1c Drivers/STM32G4xx_HAL_Driver/Src/stm32g4xx_hal_cortex.o
                0x0000000008000d2e                HAL_NVIC_EnableIRQ
 .text.HAL_SYSTICK_Config
                0x0000000008000d4a       0x18 Drivers/STM32G4xx_HAL_Driver/Src/stm32g4xx_hal_cortex.o
                0x0000000008000d4a                HAL_SYSTICK_Config
 *fill*         0x0000000008000d62        0x2 
 .text.HAL_GPIO_Init
                0x0000000008000d64      0x304 Drivers/STM32G4xx_HAL_Driver/Src/stm32g4xx_hal_gpio.o
                0x0000000008000d64                HAL_GPIO_Init
 .text.HAL_GPIO_WritePin
                0x0000000008001068       0x30 Drivers/STM32G4xx_HAL_Driver/Src/stm32g4xx_hal_gpio.o
                0x0000000008001068                HAL_GPIO_WritePin
 .text.HAL_GPIO_TogglePin
                0x0000000008001098       0x34 Drivers/STM32G4xx_HAL_Driver/Src/stm32g4xx_hal_gpio.o
                0x0000000008001098                HAL_GPIO_TogglePin
 .text.HAL_GPIO_EXTI_IRQHandler
                0x00000000080010cc       0x30 Drivers/STM32G4xx_HAL_Driver/Src/stm32g4xx_hal_gpio.o
                0x00000000080010cc                HAL_GPIO_EXTI_IRQHandler
 .text.HAL_GPIO_EXTI_Callback
                0x00000000080010fc       0x16 Drivers/STM32G4xx_HAL_Driver/Src/stm32g4xx_hal_gpio.o
                0x00000000080010fc                HAL_GPIO_EXTI_Callback
 *fill*         0x0000000008001112        0x2 
 .text.HAL_PWREx_ControlVoltageScaling
                0x0000000008001114      0x148 Drivers/STM32G4xx_HAL_Driver/Src/stm32g4xx_hal_pwr_ex.o
                0x0000000008001114                HAL_PWREx_ControlVoltageScaling
 .text.HAL_PWREx_DisableUCPDDeadBattery
                0x000000000800125c       0x20 Drivers/STM32G4xx_HAL_Driver/Src/stm32g4xx_hal_pwr_ex.o
                0x000000000800125c                HAL_PWREx_DisableUCPDDeadBattery
 .text.HAL_RCC_OscConfig
                0x000000000800127c      0x630 Drivers/STM32G4xx_HAL_Driver/Src/stm32g4xx_hal_rcc.o
                0x000000000800127c                HAL_RCC_OscConfig
 .text.HAL_RCC_ClockConfig
                0x00000000080018ac      0x278 Drivers/STM32G4xx_HAL_Driver/Src/stm32g4xx_hal_rcc.o
                0x00000000080018ac                HAL_RCC_ClockConfig
 .text.HAL_RCC_GetSysClockFreq
                0x0000000008001b24       0xc4 Drivers/STM32G4xx_HAL_Driver/Src/stm32g4xx_hal_rcc.o
                0x0000000008001b24                HAL_RCC_GetSysClockFreq
 .text.HAL_RCC_GetHCLKFreq
                0x0000000008001be8       0x18 Drivers/STM32G4xx_HAL_Driver/Src/stm32g4xx_hal_rcc.o
                0x0000000008001be8                HAL_RCC_GetHCLKFreq
 .text.HAL_RCC_GetPCLK1Freq
                0x0000000008001c00       0x2c Drivers/STM32G4xx_HAL_Driver/Src/stm32g4xx_hal_rcc.o
                0x0000000008001c00                HAL_RCC_GetPCLK1Freq
 .text.HAL_RCC_GetPCLK2Freq
                0x0000000008001c2c       0x2c Drivers/STM32G4xx_HAL_Driver/Src/stm32g4xx_hal_rcc.o
                0x0000000008001c2c                HAL_RCC_GetPCLK2Freq
 .text.RCC_GetSysClockFreqFromPLLSource
                0x0000000008001c58       0x8c Drivers/STM32G4xx_HAL_Driver/Src/stm32g4xx_hal_rcc.o
 .text.HAL_RCCEx_PeriphCLKConfig
                0x0000000008001ce4      0x498 Drivers/STM32G4xx_HAL_Driver/Src/stm32g4xx_hal_rcc_ex.o
                0x0000000008001ce4                HAL_RCCEx_PeriphCLKConfig
 .text.HAL_UART_Init
                0x000000000800217c       0xa0 Drivers/STM32G4xx_HAL_Driver/Src/stm32g4xx_hal_uart.o
                0x000000000800217c                HAL_UART_Init
 .text.UART_SetConfig
                0x000000000800221c      0x5a4 Drivers/STM32G4xx_HAL_Driver/Src/stm32g4xx_hal_uart.o
                0x000000000800221c                UART_SetConfig
 .text.UART_AdvFeatureConfig
                0x00000000080027c0      0x144 Drivers/STM32G4xx_HAL_Driver/Src/stm32g4xx_hal_uart.o
                0x00000000080027c0                UART_AdvFeatureConfig
 .text.UART_CheckIdleState
                0x0000000008002904       0x90 Drivers/STM32G4xx_HAL_Driver/Src/stm32g4xx_hal_uart.o
                0x0000000008002904                UART_CheckIdleState
 .text.UART_WaitOnFlagUntilTimeout
                0x0000000008002994      0x100 Drivers/STM32G4xx_HAL_Driver/Src/stm32g4xx_hal_uart.o
                0x0000000008002994                UART_WaitOnFlagUntilTimeout
 .text.HAL_UARTEx_DisableFifoMode
                0x0000000008002a94       0x72 Drivers/STM32G4xx_HAL_Driver/Src/stm32g4xx_hal_uart_ex.o
                0x0000000008002a94                HAL_UARTEx_DisableFifoMode
 .text.HAL_UARTEx_SetTxFifoThreshold
                0x0000000008002b06       0x7c Drivers/STM32G4xx_HAL_Driver/Src/stm32g4xx_hal_uart_ex.o
                0x0000000008002b06                HAL_UARTEx_SetTxFifoThreshold
 .text.HAL_UARTEx_SetRxFifoThreshold
                0x0000000008002b82       0x7c Drivers/STM32G4xx_HAL_Driver/Src/stm32g4xx_hal_uart_ex.o
                0x0000000008002b82                HAL_UARTEx_SetRxFifoThreshold
 *fill*         0x0000000008002bfe        0x2 
 .text.UARTEx_SetNbDataToProcess
                0x0000000008002c00       0xd0 Drivers/STM32G4xx_HAL_Driver/Src/stm32g4xx_hal_uart_ex.o
 .text.__libc_init_array
                0x0000000008002cd0       0x48 /opt/st/stm32cubeide_1.5.0/plugins/com.st.stm32cube.ide.mcu.externaltools.gnu-tools-for-stm32.7-2018-q2-update.linux64_1.5.0.202011040924/tools/bin/../lib/gcc/arm-none-eabi/7.3.1/../../../../arm-none-eabi/lib/thumb/v7e-m/fpv4-sp/hard/libc_nano.a(lib_a-init.o)
                0x0000000008002cd0                __libc_init_array
 .text.memset   0x0000000008002d18       0x10 /opt/st/stm32cubeide_1.5.0/plugins/com.st.stm32cube.ide.mcu.externaltools.gnu-tools-for-stm32.7-2018-q2-update.linux64_1.5.0.202011040924/tools/bin/../lib/gcc/arm-none-eabi/7.3.1/../../../../arm-none-eabi/lib/thumb/v7e-m/fpv4-sp/hard/libc_nano.a(lib_a-memset.o)
                0x0000000008002d18                memset
 *(.glue_7)
 .glue_7        0x0000000008002d28        0x0 linker stubs
 *(.glue_7t)
 .glue_7t       0x0000000008002d28        0x0 linker stubs
 *(.eh_frame)
 .eh_frame      0x0000000008002d28        0x0 /opt/st/stm32cubeide_1.5.0/plugins/com.st.stm32cube.ide.mcu.externaltools.gnu-tools-for-stm32.7-2018-q2-update.linux64_1.5.0.202011040924/tools/bin/../lib/gcc/arm-none-eabi/7.3.1/thumb/v7e-m/fpv4-sp/hard/crtbegin.o
 *(.init)
 .init          0x0000000008002d28        0x4 /opt/st/stm32cubeide_1.5.0/plugins/com.st.stm32cube.ide.mcu.externaltools.gnu-tools-for-stm32.7-2018-q2-update.linux64_1.5.0.202011040924/tools/bin/../lib/gcc/arm-none-eabi/7.3.1/thumb/v7e-m/fpv4-sp/hard/crti.o
                0x0000000008002d28                _init
 .init          0x0000000008002d2c        0x8 /opt/st/stm32cubeide_1.5.0/plugins/com.st.stm32cube.ide.mcu.externaltools.gnu-tools-for-stm32.7-2018-q2-update.linux64_1.5.0.202011040924/tools/bin/../lib/gcc/arm-none-eabi/7.3.1/thumb/v7e-m/fpv4-sp/hard/crtn.o
 *(.fini)
 .fini          0x0000000008002d34        0x4 /opt/st/stm32cubeide_1.5.0/plugins/com.st.stm32cube.ide.mcu.externaltools.gnu-tools-for-stm32.7-2018-q2-update.linux64_1.5.0.202011040924/tools/bin/../lib/gcc/arm-none-eabi/7.3.1/thumb/v7e-m/fpv4-sp/hard/crti.o
                0x0000000008002d34                _fini
 .fini          0x0000000008002d38        0x8 /opt/st/stm32cubeide_1.5.0/plugins/com.st.stm32cube.ide.mcu.externaltools.gnu-tools-for-stm32.7-2018-q2-update.linux64_1.5.0.202011040924/tools/bin/../lib/gcc/arm-none-eabi/7.3.1/thumb/v7e-m/fpv4-sp/hard/crtn.o
                0x0000000008002d40                . = ALIGN (0x4)
                0x0000000008002d40                _etext = .

.vfp11_veneer   0x0000000008002d40        0x0
 .vfp11_veneer  0x0000000008002d40        0x0 linker stubs

.v4_bx          0x0000000008002d40        0x0
 .v4_bx         0x0000000008002d40        0x0 linker stubs

.iplt           0x0000000008002d40        0x0
 .iplt          0x0000000008002d40        0x0 /opt/st/stm32cubeide_1.5.0/plugins/com.st.stm32cube.ide.mcu.externaltools.gnu-tools-for-stm32.7-2018-q2-update.linux64_1.5.0.202011040924/tools/bin/../lib/gcc/arm-none-eabi/7.3.1/thumb/v7e-m/fpv4-sp/hard/crtbegin.o

.rodata         0x0000000008002d40       0x40
                0x0000000008002d40                . = ALIGN (0x4)
 *(.rodata)
 .rodata        0x0000000008002d40       0x10 Drivers/STM32G4xx_HAL_Driver/Src/stm32g4xx_hal_uart_ex.o
 *(.rodata*)
 .rodata.AHBPrescTable
                0x0000000008002d50       0x10 Core/Src/system_stm32g4xx.o
                0x0000000008002d50                AHBPrescTable
 .rodata.APBPrescTable
                0x0000000008002d60        0x8 Core/Src/system_stm32g4xx.o
                0x0000000008002d60                APBPrescTable
 .rodata.UARTPrescTable
                0x0000000008002d68       0x18 Drivers/STM32G4xx_HAL_Driver/Src/stm32g4xx_hal_uart.o
                0x0000000008002d68                UARTPrescTable
                0x0000000008002d80                . = ALIGN (0x4)

.ARM.extab      0x0000000008002d80        0x0
                0x0000000008002d80                . = ALIGN (0x4)
 *(.ARM.extab* .gnu.linkonce.armextab.*)
                0x0000000008002d80                . = ALIGN (0x4)

.ARM            0x0000000008002d80        0x8
                0x0000000008002d80                . = ALIGN (0x4)
                0x0000000008002d80                __exidx_start = .
 *(.ARM.exidx*)
 .ARM.exidx     0x0000000008002d80        0x8 /opt/st/stm32cubeide_1.5.0/plugins/com.st.stm32cube.ide.mcu.externaltools.gnu-tools-for-stm32.7-2018-q2-update.linux64_1.5.0.202011040924/tools/bin/../lib/gcc/arm-none-eabi/7.3.1/thumb/v7e-m/fpv4-sp/hard/libgcc.a(_udivmoddi4.o)
                0x0000000008002d88                __exidx_end = .
                0x0000000008002d88                . = ALIGN (0x4)

.rel.dyn        0x0000000008002d88        0x0
 .rel.iplt      0x0000000008002d88        0x0 /opt/st/stm32cubeide_1.5.0/plugins/com.st.stm32cube.ide.mcu.externaltools.gnu-tools-for-stm32.7-2018-q2-update.linux64_1.5.0.202011040924/tools/bin/../lib/gcc/arm-none-eabi/7.3.1/thumb/v7e-m/fpv4-sp/hard/crtbegin.o

.preinit_array  0x0000000008002d88        0x0
                0x0000000008002d88                . = ALIGN (0x4)
                0x0000000008002d88                PROVIDE (__preinit_array_start = .)
 *(.preinit_array*)
                0x0000000008002d88                PROVIDE (__preinit_array_end = .)
                0x0000000008002d88                . = ALIGN (0x4)

.init_array     0x0000000008002d88        0x4
                0x0000000008002d88                . = ALIGN (0x4)
                0x0000000008002d88                PROVIDE (__init_array_start = .)
 *(SORT_BY_NAME(.init_array.*))
 *(.init_array*)
 .init_array    0x0000000008002d88        0x4 /opt/st/stm32cubeide_1.5.0/plugins/com.st.stm32cube.ide.mcu.externaltools.gnu-tools-for-stm32.7-2018-q2-update.linux64_1.5.0.202011040924/tools/bin/../lib/gcc/arm-none-eabi/7.3.1/thumb/v7e-m/fpv4-sp/hard/crtbegin.o
                0x0000000008002d8c                PROVIDE (__init_array_end = .)
                0x0000000008002d8c                . = ALIGN (0x4)

.fini_array     0x0000000008002d8c        0x4
                0x0000000008002d8c                . = ALIGN (0x4)
                [!provide]                        PROVIDE (__fini_array_start = .)
 *(SORT_BY_NAME(.fini_array.*))
 *(.fini_array*)
 .fini_array    0x0000000008002d8c        0x4 /opt/st/stm32cubeide_1.5.0/plugins/com.st.stm32cube.ide.mcu.externaltools.gnu-tools-for-stm32.7-2018-q2-update.linux64_1.5.0.202011040924/tools/bin/../lib/gcc/arm-none-eabi/7.3.1/thumb/v7e-m/fpv4-sp/hard/crtbegin.o
                [!provide]                        PROVIDE (__fini_array_end = .)
                0x0000000008002d90                . = ALIGN (0x4)
                0x0000000008002d90                _sidata = LOADADDR (.data)

.data           0x0000000020000000        0xc load address 0x0000000008002d90
                0x0000000020000000                . = ALIGN (0x4)
                0x0000000020000000                _sdata = .
 *(.data)
 *(.data*)
 .data.SystemCoreClock
                0x0000000020000000        0x4 Core/Src/system_stm32g4xx.o
                0x0000000020000000                SystemCoreClock
 .data.uwTickPrio
                0x0000000020000004        0x4 Drivers/STM32G4xx_HAL_Driver/Src/stm32g4xx_hal.o
                0x0000000020000004                uwTickPrio
 .data.uwTickFreq
                0x0000000020000008        0x4 Drivers/STM32G4xx_HAL_Driver/Src/stm32g4xx_hal.o
                0x0000000020000008                uwTickFreq
 *(.RamFunc)
 *(.RamFunc*)
                0x000000002000000c                . = ALIGN (0x4)
                0x000000002000000c                _edata = .

.igot.plt       0x000000002000000c        0x0 load address 0x0000000008002d9c
 .igot.plt      0x000000002000000c        0x0 /opt/st/stm32cubeide_1.5.0/plugins/com.st.stm32cube.ide.mcu.externaltools.gnu-tools-for-stm32.7-2018-q2-update.linux64_1.5.0.202011040924/tools/bin/../lib/gcc/arm-none-eabi/7.3.1/thumb/v7e-m/fpv4-sp/hard/crtbegin.o
                0x000000002000000c                . = ALIGN (0x4)

.bss            0x000000002000000c       0xd8 load address 0x0000000008002d9c
                0x000000002000000c                _sbss = .
                0x000000002000000c                __bss_start__ = _sbss
 *(.bss)
 .bss           0x000000002000000c       0x1c /opt/st/stm32cubeide_1.5.0/plugins/com.st.stm32cube.ide.mcu.externaltools.gnu-tools-for-stm32.7-2018-q2-update.linux64_1.5.0.202011040924/tools/bin/../lib/gcc/arm-none-eabi/7.3.1/thumb/v7e-m/fpv4-sp/hard/crtbegin.o
 *(.bss*)
 .bss.loopcounter
                0x0000000020000028        0x4 Core/Src/main.o
                0x0000000020000028                loopcounter
 *(COMMON)
 COMMON         0x000000002000002c       0xb4 Core/Src/main.o
                0x000000002000002c                hlpuart1
                0x00000000200000b8                hcordic
 COMMON         0x00000000200000e0        0x4 Drivers/STM32G4xx_HAL_Driver/Src/stm32g4xx_hal.o
                0x00000000200000e0                uwTick
                0x00000000200000e4                . = ALIGN (0x4)
                0x00000000200000e4                _ebss = .
                0x00000000200000e4                __bss_end__ = _ebss

._user_heap_stack
                0x00000000200000e4      0x604 load address 0x0000000008002d9c
                0x00000000200000e8                . = ALIGN (0x8)
 *fill*         0x00000000200000e4        0x4 
                [!provide]                        PROVIDE (end = .)
                0x00000000200000e8                PROVIDE (_end = .)
                0x00000000200002e8                . = (. + _Min_Heap_Size)
 *fill*         0x00000000200000e8      0x200 
                0x00000000200006e8                . = (. + _Min_Stack_Size)
 *fill*         0x00000000200002e8      0x400 
                0x00000000200006e8                . = ALIGN (0x8)

/DISCARD/
 libc.a(*)
 libm.a(*)
 libgcc.a(*)

.ARM.attributes
                0x0000000000000000       0x30
 *(.ARM.attributes)
 .ARM.attributes
                0x0000000000000000       0x22 /opt/st/stm32cubeide_1.5.0/plugins/com.st.stm32cube.ide.mcu.externaltools.gnu-tools-for-stm32.7-2018-q2-update.linux64_1.5.0.202011040924/tools/bin/../lib/gcc/arm-none-eabi/7.3.1/thumb/v7e-m/fpv4-sp/hard/crti.o
 .ARM.attributes
                0x0000000000000022       0x34 /opt/st/stm32cubeide_1.5.0/plugins/com.st.stm32cube.ide.mcu.externaltools.gnu-tools-for-stm32.7-2018-q2-update.linux64_1.5.0.202011040924/tools/bin/../lib/gcc/arm-none-eabi/7.3.1/thumb/v7e-m/fpv4-sp/hard/crtbegin.o
 .ARM.attributes
                0x0000000000000056       0x39 Core/Src/main.o
 .ARM.attributes
                0x000000000000008f       0x39 Core/Src/stm32g4xx_hal_msp.o
 .ARM.attributes
                0x00000000000000c8       0x39 Core/Src/stm32g4xx_it.o
 .ARM.attributes
                0x0000000000000101       0x39 Core/Src/system_stm32g4xx.o
 .ARM.attributes
                0x000000000000013a       0x21 Core/Startup/startup_stm32g474retx.o
 .ARM.attributes
                0x000000000000015b       0x39 Drivers/STM32G4xx_HAL_Driver/Src/stm32g4xx_hal.o
 .ARM.attributes
                0x0000000000000194       0x39 Drivers/STM32G4xx_HAL_Driver/Src/stm32g4xx_hal_cordic.o
 .ARM.attributes
                0x00000000000001cd       0x39 Drivers/STM32G4xx_HAL_Driver/Src/stm32g4xx_hal_cortex.o
 .ARM.attributes
                0x0000000000000206       0x39 Drivers/STM32G4xx_HAL_Driver/Src/stm32g4xx_hal_gpio.o
 .ARM.attributes
                0x000000000000023f       0x39 Drivers/STM32G4xx_HAL_Driver/Src/stm32g4xx_hal_pwr_ex.o
 .ARM.attributes
                0x0000000000000278       0x39 Drivers/STM32G4xx_HAL_Driver/Src/stm32g4xx_hal_rcc.o
 .ARM.attributes
                0x00000000000002b1       0x39 Drivers/STM32G4xx_HAL_Driver/Src/stm32g4xx_hal_rcc_ex.o
 .ARM.attributes
                0x00000000000002ea       0x39 Drivers/STM32G4xx_HAL_Driver/Src/stm32g4xx_hal_uart.o
 .ARM.attributes
                0x0000000000000323       0x39 Drivers/STM32G4xx_HAL_Driver/Src/stm32g4xx_hal_uart_ex.o
 .ARM.attributes
                0x000000000000035c       0x34 /opt/st/stm32cubeide_1.5.0/plugins/com.st.stm32cube.ide.mcu.externaltools.gnu-tools-for-stm32.7-2018-q2-update.linux64_1.5.0.202011040924/tools/bin/../lib/gcc/arm-none-eabi/7.3.1/../../../../arm-none-eabi/lib/thumb/v7e-m/fpv4-sp/hard/libc_nano.a(lib_a-init.o)
 .ARM.attributes
                0x0000000000000390       0x34 /opt/st/stm32cubeide_1.5.0/plugins/com.st.stm32cube.ide.mcu.externaltools.gnu-tools-for-stm32.7-2018-q2-update.linux64_1.5.0.202011040924/tools/bin/../lib/gcc/arm-none-eabi/7.3.1/../../../../arm-none-eabi/lib/thumb/v7e-m/fpv4-sp/hard/libc_nano.a(lib_a-memset.o)
 .ARM.attributes
                0x00000000000003c4       0x22 /opt/st/stm32cubeide_1.5.0/plugins/com.st.stm32cube.ide.mcu.externaltools.gnu-tools-for-stm32.7-2018-q2-update.linux64_1.5.0.202011040924/tools/bin/../lib/gcc/arm-none-eabi/7.3.1/thumb/v7e-m/fpv4-sp/hard/libgcc.a(_aeabi_uldivmod.o)
 .ARM.attributes
                0x00000000000003e6       0x34 /opt/st/stm32cubeide_1.5.0/plugins/com.st.stm32cube.ide.mcu.externaltools.gnu-tools-for-stm32.7-2018-q2-update.linux64_1.5.0.202011040924/tools/bin/../lib/gcc/arm-none-eabi/7.3.1/thumb/v7e-m/fpv4-sp/hard/libgcc.a(_udivmoddi4.o)
 .ARM.attributes
                0x000000000000041a       0x22 /opt/st/stm32cubeide_1.5.0/plugins/com.st.stm32cube.ide.mcu.externaltools.gnu-tools-for-stm32.7-2018-q2-update.linux64_1.5.0.202011040924/tools/bin/../lib/gcc/arm-none-eabi/7.3.1/thumb/v7e-m/fpv4-sp/hard/libgcc.a(_dvmd_tls.o)
 .ARM.attributes
                0x000000000000043c       0x22 /opt/st/stm32cubeide_1.5.0/plugins/com.st.stm32cube.ide.mcu.externaltools.gnu-tools-for-stm32.7-2018-q2-update.linux64_1.5.0.202011040924/tools/bin/../lib/gcc/arm-none-eabi/7.3.1/thumb/v7e-m/fpv4-sp/hard/crtn.o
OUTPUT(proto-altsdr.elf elf32-littlearm)

.debug_info     0x0000000000000000     0xab0d
 .debug_info    0x0000000000000000     0x135a Core/Src/main.o
 .debug_info    0x000000000000135a      0xe0b Core/Src/stm32g4xx_hal_msp.o
 .debug_info    0x0000000000002165      0x340 Core/Src/stm32g4xx_it.o
 .debug_info    0x00000000000024a5      0x6eb Core/Src/system_stm32g4xx.o
 .debug_info    0x0000000000002b90       0x22 Core/Startup/startup_stm32g474retx.o
 .debug_info    0x0000000000002bb2      0xca0 Drivers/STM32G4xx_HAL_Driver/Src/stm32g4xx_hal.o
 .debug_info    0x0000000000003852      0xc52 Drivers/STM32G4xx_HAL_Driver/Src/stm32g4xx_hal_cordic.o
 .debug_info    0x00000000000044a4      0xfb1 Drivers/STM32G4xx_HAL_Driver/Src/stm32g4xx_hal_cortex.o
 .debug_info    0x0000000000005455      0x99e Drivers/STM32G4xx_HAL_Driver/Src/stm32g4xx_hal_gpio.o
 .debug_info    0x0000000000005df3      0xad8 Drivers/STM32G4xx_HAL_Driver/Src/stm32g4xx_hal_pwr_ex.o
 .debug_info    0x00000000000068cb      0xd29 Drivers/STM32G4xx_HAL_Driver/Src/stm32g4xx_hal_rcc.o
 .debug_info    0x00000000000075f4      0xde8 Drivers/STM32G4xx_HAL_Driver/Src/stm32g4xx_hal_rcc_ex.o
 .debug_info    0x00000000000083dc     0x1a91 Drivers/STM32G4xx_HAL_Driver/Src/stm32g4xx_hal_uart.o
 .debug_info    0x0000000000009e6d      0xca0 Drivers/STM32G4xx_HAL_Driver/Src/stm32g4xx_hal_uart_ex.o

.debug_abbrev   0x0000000000000000     0x18d1
 .debug_abbrev  0x0000000000000000      0x20e Core/Src/main.o
 .debug_abbrev  0x000000000000020e      0x1a6 Core/Src/stm32g4xx_hal_msp.o
 .debug_abbrev  0x00000000000003b4       0xe2 Core/Src/stm32g4xx_it.o
 .debug_abbrev  0x0000000000000496      0x147 Core/Src/system_stm32g4xx.o
 .debug_abbrev  0x00000000000005dd       0x12 Core/Startup/startup_stm32g474retx.o
 .debug_abbrev  0x00000000000005ef      0x1fb Drivers/STM32G4xx_HAL_Driver/Src/stm32g4xx_hal.o
 .debug_abbrev  0x00000000000007ea      0x1fc Drivers/STM32G4xx_HAL_Driver/Src/stm32g4xx_hal_cordic.o
 .debug_abbrev  0x00000000000009e6      0x2f1 Drivers/STM32G4xx_HAL_Driver/Src/stm32g4xx_hal_cortex.o
 .debug_abbrev  0x0000000000000cd7      0x1c0 Drivers/STM32G4xx_HAL_Driver/Src/stm32g4xx_hal_gpio.o
 .debug_abbrev  0x0000000000000e97      0x1fd Drivers/STM32G4xx_HAL_Driver/Src/stm32g4xx_hal_pwr_ex.o
 .debug_abbrev  0x0000000000001094      0x245 Drivers/STM32G4xx_HAL_Driver/Src/stm32g4xx_hal_rcc.o
 .debug_abbrev  0x00000000000012d9      0x204 Drivers/STM32G4xx_HAL_Driver/Src/stm32g4xx_hal_rcc_ex.o
 .debug_abbrev  0x00000000000014dd      0x212 Drivers/STM32G4xx_HAL_Driver/Src/stm32g4xx_hal_uart.o
 .debug_abbrev  0x00000000000016ef      0x1e2 Drivers/STM32G4xx_HAL_Driver/Src/stm32g4xx_hal_uart_ex.o

.debug_aranges  0x0000000000000000      0x9d0
 .debug_aranges
                0x0000000000000000       0x48 Core/Src/main.o
 .debug_aranges
                0x0000000000000048       0x40 Core/Src/stm32g4xx_hal_msp.o
 .debug_aranges
                0x0000000000000088       0x68 Core/Src/stm32g4xx_it.o
 .debug_aranges
                0x00000000000000f0       0x28 Core/Src/system_stm32g4xx.o
 .debug_aranges
                0x0000000000000118       0x28 Core/Startup/startup_stm32g474retx.o
 .debug_aranges
                0x0000000000000140      0x130 Drivers/STM32G4xx_HAL_Driver/Src/stm32g4xx_hal.o
 .debug_aranges
                0x0000000000000270       0xb0 Drivers/STM32G4xx_HAL_Driver/Src/stm32g4xx_hal_cordic.o
 .debug_aranges
                0x0000000000000320      0x118 Drivers/STM32G4xx_HAL_Driver/Src/stm32g4xx_hal_cortex.o
 .debug_aranges
                0x0000000000000438       0x58 Drivers/STM32G4xx_HAL_Driver/Src/stm32g4xx_hal_gpio.o
 .debug_aranges
                0x0000000000000490      0x140 Drivers/STM32G4xx_HAL_Driver/Src/stm32g4xx_hal_pwr_ex.o
 .debug_aranges
                0x00000000000005d0       0x98 Drivers/STM32G4xx_HAL_Driver/Src/stm32g4xx_hal_rcc.o
 .debug_aranges
                0x0000000000000668       0xb0 Drivers/STM32G4xx_HAL_Driver/Src/stm32g4xx_hal_rcc_ex.o
 .debug_aranges
                0x0000000000000718      0x230 Drivers/STM32G4xx_HAL_Driver/Src/stm32g4xx_hal_uart.o
 .debug_aranges
                0x0000000000000948       0x88 Drivers/STM32G4xx_HAL_Driver/Src/stm32g4xx_hal_uart_ex.o

.debug_ranges   0x0000000000000000      0x8f8
 .debug_ranges  0x0000000000000000       0x38 Core/Src/main.o
 .debug_ranges  0x0000000000000038       0x30 Core/Src/stm32g4xx_hal_msp.o
 .debug_ranges  0x0000000000000068       0x58 Core/Src/stm32g4xx_it.o
 .debug_ranges  0x00000000000000c0       0x18 Core/Src/system_stm32g4xx.o
 .debug_ranges  0x00000000000000d8       0x20 Core/Startup/startup_stm32g474retx.o
 .debug_ranges  0x00000000000000f8      0x120 Drivers/STM32G4xx_HAL_Driver/Src/stm32g4xx_hal.o
 .debug_ranges  0x0000000000000218       0xa0 Drivers/STM32G4xx_HAL_Driver/Src/stm32g4xx_hal_cordic.o
 .debug_ranges  0x00000000000002b8      0x108 Drivers/STM32G4xx_HAL_Driver/Src/stm32g4xx_hal_cortex.o
 .debug_ranges  0x00000000000003c0       0x48 Drivers/STM32G4xx_HAL_Driver/Src/stm32g4xx_hal_gpio.o
 .debug_ranges  0x0000000000000408      0x130 Drivers/STM32G4xx_HAL_Driver/Src/stm32g4xx_hal_pwr_ex.o
 .debug_ranges  0x0000000000000538       0x88 Drivers/STM32G4xx_HAL_Driver/Src/stm32g4xx_hal_rcc.o
 .debug_ranges  0x00000000000005c0       0xa0 Drivers/STM32G4xx_HAL_Driver/Src/stm32g4xx_hal_rcc_ex.o
 .debug_ranges  0x0000000000000660      0x220 Drivers/STM32G4xx_HAL_Driver/Src/stm32g4xx_hal_uart.o
 .debug_ranges  0x0000000000000880       0x78 Drivers/STM32G4xx_HAL_Driver/Src/stm32g4xx_hal_uart_ex.o

.debug_macro    0x0000000000000000    0x23ba0
 .debug_macro   0x0000000000000000      0x1d3 Core/Src/main.o
 .debug_macro   0x00000000000001d3      0xa5a Core/Src/main.o
 .debug_macro   0x0000000000000c2d      0x15b Core/Src/main.o
 .debug_macro   0x0000000000000d88       0x2e Core/Src/main.o
 .debug_macro   0x0000000000000db6       0x28 Core/Src/main.o
 .debug_macro   0x0000000000000dde       0x22 Core/Src/main.o
 .debug_macro   0x0000000000000e00       0x8e Core/Src/main.o
 .debug_macro   0x0000000000000e8e       0x51 Core/Src/main.o
 .debug_macro   0x0000000000000edf       0xef Core/Src/main.o
 .debug_macro   0x0000000000000fce       0x6a Core/Src/main.o
 .debug_macro   0x0000000000001038      0x1df Core/Src/main.o
 .debug_macro   0x0000000000001217       0x1c Core/Src/main.o
 .debug_macro   0x0000000000001233       0x22 Core/Src/main.o
 .debug_macro   0x0000000000001255      0x101 Core/Src/main.o
 .debug_macro   0x0000000000001356     0x1011 Core/Src/main.o
 .debug_macro   0x0000000000002367      0x11f Core/Src/main.o
 .debug_macro   0x0000000000002486    0x18597 Core/Src/main.o
 .debug_macro   0x000000000001aa1d       0x43 Core/Src/main.o
 .debug_macro   0x000000000001aa60     0x34ed Core/Src/main.o
 .debug_macro   0x000000000001df4d      0x174 Core/Src/main.o
 .debug_macro   0x000000000001e0c1       0x5a Core/Src/main.o
 .debug_macro   0x000000000001e11b     0x16e0 Core/Src/main.o
 .debug_macro   0x000000000001f7fb      0x600 Core/Src/main.o
 .debug_macro   0x000000000001fdfb      0x137 Core/Src/main.o
 .debug_macro   0x000000000001ff32      0x34b Core/Src/main.o
 .debug_macro   0x000000000002027d      0x53c Core/Src/main.o
 .debug_macro   0x00000000000207b9      0x18b Core/Src/main.o
 .debug_macro   0x0000000000020944       0x43 Core/Src/main.o
 .debug_macro   0x0000000000020987      0x23d Core/Src/main.o
 .debug_macro   0x0000000000020bc4      0x1f4 Core/Src/main.o
 .debug_macro   0x0000000000020db8      0x212 Core/Src/main.o
 .debug_macro   0x0000000000020fca      0x45c Core/Src/main.o
 .debug_macro   0x0000000000021426      0x11c Core/Src/main.o
 .debug_macro   0x0000000000021542      0x122 Core/Src/main.o
 .debug_macro   0x0000000000021664      0x3d1 Core/Src/main.o
 .debug_macro   0x0000000000021a35      0x662 Core/Src/main.o
 .debug_macro   0x0000000000022097       0xa6 Core/Src/main.o
 .debug_macro   0x000000000002213d      0x359 Core/Src/main.o
 .debug_macro   0x0000000000022496       0x5e Core/Src/main.o
 .debug_macro   0x00000000000224f4      0x1d3 Core/Src/stm32g4xx_hal_msp.o
 .debug_macro   0x00000000000226c7      0x1dd Core/Src/stm32g4xx_it.o
 .debug_macro   0x00000000000228a4      0x1ca Core/Src/system_stm32g4xx.o
 .debug_macro   0x0000000000022a6e      0x212 Drivers/STM32G4xx_HAL_Driver/Src/stm32g4xx_hal.o
 .debug_macro   0x0000000000022c80      0x1c5 Drivers/STM32G4xx_HAL_Driver/Src/stm32g4xx_hal_cordic.o
 .debug_macro   0x0000000000022e45      0x1c4 Drivers/STM32G4xx_HAL_Driver/Src/stm32g4xx_hal_cortex.o
 .debug_macro   0x0000000000023009      0x1fc Drivers/STM32G4xx_HAL_Driver/Src/stm32g4xx_hal_gpio.o
 .debug_macro   0x0000000000023205      0x1ee Drivers/STM32G4xx_HAL_Driver/Src/stm32g4xx_hal_pwr_ex.o
 .debug_macro   0x00000000000233f3      0x200 Drivers/STM32G4xx_HAL_Driver/Src/stm32g4xx_hal_rcc.o
 .debug_macro   0x00000000000235f3      0x1ee Drivers/STM32G4xx_HAL_Driver/Src/stm32g4xx_hal_rcc_ex.o
 .debug_macro   0x00000000000237e1      0x1ef Drivers/STM32G4xx_HAL_Driver/Src/stm32g4xx_hal_uart.o
 .debug_macro   0x00000000000239d0      0x1d0 Drivers/STM32G4xx_HAL_Driver/Src/stm32g4xx_hal_uart_ex.o

.debug_line     0x0000000000000000     0x7d2d
 .debug_line    0x0000000000000000      0x755 Core/Src/main.o
 .debug_line    0x0000000000000755      0x6f7 Core/Src/stm32g4xx_hal_msp.o
 .debug_line    0x0000000000000e4c      0x75b Core/Src/stm32g4xx_it.o
 .debug_line    0x00000000000015a7      0x6bb Core/Src/system_stm32g4xx.o
 .debug_line    0x0000000000001c62       0x89 Core/Startup/startup_stm32g474retx.o
 .debug_line    0x0000000000001ceb      0x941 Drivers/STM32G4xx_HAL_Driver/Src/stm32g4xx_hal.o
 .debug_line    0x000000000000262c      0x91f Drivers/STM32G4xx_HAL_Driver/Src/stm32g4xx_hal_cordic.o
 .debug_line    0x0000000000002f4b      0x9c9 Drivers/STM32G4xx_HAL_Driver/Src/stm32g4xx_hal_cortex.o
 .debug_line    0x0000000000003914      0x843 Drivers/STM32G4xx_HAL_Driver/Src/stm32g4xx_hal_gpio.o
 .debug_line    0x0000000000004157      0xa2c Drivers/STM32G4xx_HAL_Driver/Src/stm32g4xx_hal_pwr_ex.o
 .debug_line    0x0000000000004b83      0x980 Drivers/STM32G4xx_HAL_Driver/Src/stm32g4xx_hal_rcc.o
 .debug_line    0x0000000000005503      0xbba Drivers/STM32G4xx_HAL_Driver/Src/stm32g4xx_hal_rcc_ex.o
 .debug_line    0x00000000000060bd     0x135e Drivers/STM32G4xx_HAL_Driver/Src/stm32g4xx_hal_uart.o
 .debug_line    0x000000000000741b      0x912 Drivers/STM32G4xx_HAL_Driver/Src/stm32g4xx_hal_uart_ex.o

.debug_str      0x0000000000000000    0xe42c8
 .debug_str     0x0000000000000000    0xe1a80 Core/Src/main.o
                                      0xe1dbf (size before relaxing)
 .debug_str     0x00000000000e1a80       0x7e Core/Src/stm32g4xx_hal_msp.o
                                      0xe1463 (size before relaxing)
 .debug_str     0x00000000000e1afe       0xd2 Core/Src/stm32g4xx_it.o
                                      0xe0d43 (size before relaxing)
 .debug_str     0x00000000000e1bd0       0xc6 Core/Src/system_stm32g4xx.o
                                      0xe0d21 (size before relaxing)
 .debug_str     0x00000000000e1c96       0x36 Core/Startup/startup_stm32g474retx.o
                                         0x72 (size before relaxing)
 .debug_str     0x00000000000e1ccc      0x59b Drivers/STM32G4xx_HAL_Driver/Src/stm32g4xx_hal.o
                                      0xe19b2 (size before relaxing)
 .debug_str     0x00000000000e2267      0x278 Drivers/STM32G4xx_HAL_Driver/Src/stm32g4xx_hal_cordic.o
                                      0xe119d (size before relaxing)
 .debug_str     0x00000000000e24df      0x389 Drivers/STM32G4xx_HAL_Driver/Src/stm32g4xx_hal_cortex.o
                                      0xe16ba (size before relaxing)
 .debug_str     0x00000000000e2868      0x21c Drivers/STM32G4xx_HAL_Driver/Src/stm32g4xx_hal_gpio.o
                                      0xe0f7a (size before relaxing)
 .debug_str     0x00000000000e2a84      0x4d2 Drivers/STM32G4xx_HAL_Driver/Src/stm32g4xx_hal_pwr_ex.o
                                      0xe1200 (size before relaxing)
 .debug_str     0x00000000000e2f56      0x3d1 Drivers/STM32G4xx_HAL_Driver/Src/stm32g4xx_hal_rcc.o
                                      0xe12ac (size before relaxing)
 .debug_str     0x00000000000e3327      0x3fb Drivers/STM32G4xx_HAL_Driver/Src/stm32g4xx_hal_rcc_ex.o
                                      0xe13ee (size before relaxing)
 .debug_str     0x00000000000e3722      0x919 Drivers/STM32G4xx_HAL_Driver/Src/stm32g4xx_hal_uart.o
                                      0xe1adb (size before relaxing)
 .debug_str     0x00000000000e403b      0x28d Drivers/STM32G4xx_HAL_Driver/Src/stm32g4xx_hal_uart_ex.o
                                      0xe12de (size before relaxing)

.comment        0x0000000000000000       0x7b
 .comment       0x0000000000000000       0x7b Core/Src/main.o
                                         0x7c (size before relaxing)
 .comment       0x000000000000007b       0x7c Core/Src/stm32g4xx_hal_msp.o
 .comment       0x000000000000007b       0x7c Core/Src/stm32g4xx_it.o
 .comment       0x000000000000007b       0x7c Core/Src/system_stm32g4xx.o
 .comment       0x000000000000007b       0x7c Drivers/STM32G4xx_HAL_Driver/Src/stm32g4xx_hal.o
 .comment       0x000000000000007b       0x7c Drivers/STM32G4xx_HAL_Driver/Src/stm32g4xx_hal_cordic.o
 .comment       0x000000000000007b       0x7c Drivers/STM32G4xx_HAL_Driver/Src/stm32g4xx_hal_cortex.o
 .comment       0x000000000000007b       0x7c Drivers/STM32G4xx_HAL_Driver/Src/stm32g4xx_hal_gpio.o
 .comment       0x000000000000007b       0x7c Drivers/STM32G4xx_HAL_Driver/Src/stm32g4xx_hal_pwr_ex.o
 .comment       0x000000000000007b       0x7c Drivers/STM32G4xx_HAL_Driver/Src/stm32g4xx_hal_rcc.o
 .comment       0x000000000000007b       0x7c Drivers/STM32G4xx_HAL_Driver/Src/stm32g4xx_hal_rcc_ex.o
 .comment       0x000000000000007b       0x7c Drivers/STM32G4xx_HAL_Driver/Src/stm32g4xx_hal_uart.o
 .comment       0x000000000000007b       0x7c Drivers/STM32G4xx_HAL_Driver/Src/stm32g4xx_hal_uart_ex.o

.debug_frame    0x0000000000000000     0x273c
 .debug_frame   0x0000000000000000       0xc8 Core/Src/main.o
 .debug_frame   0x00000000000000c8       0xcc Core/Src/stm32g4xx_hal_msp.o
 .debug_frame   0x0000000000000194      0x120 Core/Src/stm32g4xx_it.o
 .debug_frame   0x00000000000002b4       0x58 Core/Src/system_stm32g4xx.o
 .debug_frame   0x000000000000030c      0x4a0 Drivers/STM32G4xx_HAL_Driver/Src/stm32g4xx_hal.o
 .debug_frame   0x00000000000007ac      0x2e4 Drivers/STM32G4xx_HAL_Driver/Src/stm32g4xx_hal_cordic.o
 .debug_frame   0x0000000000000a90      0x498 Drivers/STM32G4xx_HAL_Driver/Src/stm32g4xx_hal_cortex.o
 .debug_frame   0x0000000000000f28      0x14c Drivers/STM32G4xx_HAL_Driver/Src/stm32g4xx_hal_gpio.o
 .debug_frame   0x0000000000001074      0x4fc Drivers/STM32G4xx_HAL_Driver/Src/stm32g4xx_hal_pwr_ex.o
 .debug_frame   0x0000000000001570      0x23c Drivers/STM32G4xx_HAL_Driver/Src/stm32g4xx_hal_rcc.o
 .debug_frame   0x00000000000017ac      0x2ac Drivers/STM32G4xx_HAL_Driver/Src/stm32g4xx_hal_rcc_ex.o
 .debug_frame   0x0000000000001a58      0xa0c Drivers/STM32G4xx_HAL_Driver/Src/stm32g4xx_hal_uart.o
 .debug_frame   0x0000000000002464      0x22c Drivers/STM32G4xx_HAL_Driver/Src/stm32g4xx_hal_uart_ex.o
 .debug_frame   0x0000000000002690       0x2c /opt/st/stm32cubeide_1.5.0/plugins/com.st.stm32cube.ide.mcu.externaltools.gnu-tools-for-stm32.7-2018-q2-update.linux64_1.5.0.202011040924/tools/bin/../lib/gcc/arm-none-eabi/7.3.1/../../../../arm-none-eabi/lib/thumb/v7e-m/fpv4-sp/hard/libc_nano.a(lib_a-init.o)
 .debug_frame   0x00000000000026bc       0x20 /opt/st/stm32cubeide_1.5.0/plugins/com.st.stm32cube.ide.mcu.externaltools.gnu-tools-for-stm32.7-2018-q2-update.linux64_1.5.0.202011040924/tools/bin/../lib/gcc/arm-none-eabi/7.3.1/../../../../arm-none-eabi/lib/thumb/v7e-m/fpv4-sp/hard/libc_nano.a(lib_a-memset.o)
 .debug_frame   0x00000000000026dc       0x2c /opt/st/stm32cubeide_1.5.0/plugins/com.st.stm32cube.ide.mcu.externaltools.gnu-tools-for-stm32.7-2018-q2-update.linux64_1.5.0.202011040924/tools/bin/../lib/gcc/arm-none-eabi/7.3.1/thumb/v7e-m/fpv4-sp/hard/libgcc.a(_aeabi_uldivmod.o)
 .debug_frame   0x0000000000002708       0x34 /opt/st/stm32cubeide_1.5.0/plugins/com.st.stm32cube.ide.mcu.externaltools.gnu-tools-for-stm32.7-2018-q2-update.linux64_1.5.0.202011040924/tools/bin/../lib/gcc/arm-none-eabi/7.3.1/thumb/v7e-m/fpv4-sp/hard/libgcc.a(_udivmoddi4.o)
