main.c:72:5:main	8	static
main.c:127:6:SystemClock_Config	168	static
main.c:182:13:MX_I2C1_Init	8	static
main.c:228:13:MX_LPUART1_UART_Init	8	static
main.c:275:13:MX_GPIO_Init	48	static
main.c:315:6:Error_Handler	4	static,ignoring_inline_asm
main.c:334:6:assert_failed	16	static
main.c:343:7:si5351_Init	32	static
main.c:411:7:si5351_setupPLLInt	16	static
main.c:446:7:si5351_setupPLL	80	static
main.c:543:7:si5351_setupMultisynthInt	24	static
main.c:551:7:si5351_setupRdiv	24	static
main.c:679:7:si5351_setupMultisynth	72	static
main.c:828:7:si5351_enableOutputs	24	static
main.c:848:7:si5351_write8	40	static
main.c:870:7:si5351_read8	40	static
