core_cm4.h:1648:22:__NVIC_SetPriorityGrouping	24	static
core_cm4.h:1667:26:__NVIC_GetPriorityGrouping	4	static
core_cm4.h:1679:22:__NVIC_EnableIRQ	16	static,ignoring_inline_asm
core_cm4.h:1809:22:__NVIC_SetPriority	16	static
core_cm4.h:1856:26:NVIC_EncodePriority	40	static
stm32g4xx_ll_dac.h:1634:22:LL_DAC_SetSampleAndHoldSampleTime	32	static
stm32g4xx_ll_dac.h:1679:22:LL_DAC_SetSampleAndHoldHoldTime	24	static
stm32g4xx_ll_dac.h:1722:22:LL_DAC_SetSampleAndHoldRefreshTime	24	static
stm32g4xx_ll_dac.h:1773:22:LL_DAC_SetSignedFormat	24	static
stm32g4xx_ll_dac.h:1905:22:LL_DAC_DisableDMADoubleDataMode	16	static
stm32g4xx_ll_dac.h:1997:22:LL_DAC_Enable	16	static
stm32g4xx_ll_dac.h:2085:22:LL_DAC_EnableTrigger	16	static
stm32g4xx_ll_dac.h:2104:22:LL_DAC_DisableTrigger	16	static
stm32g4xx_ll_dac.h:2158:22:LL_DAC_TrigSWConversion	16	static
stm32g4xx_ll_dac.h:2212:22:LL_DAC_ConvertData12RightAligned	32	static
stm32g4xx_ll_dac.h:2546:22:LL_DAC_DisableIT_DMAUDR1	16	static
stm32g4xx_ll_rcc.h:1005:22:LL_RCC_HSI_Enable	4	static
stm32g4xx_ll_rcc.h:1025:26:LL_RCC_HSI_IsReady	4	static
stm32g4xx_ll_rcc.h:1051:22:LL_RCC_HSI_SetCalibTrimming	16	static
stm32g4xx_ll_rcc.h:1247:22:LL_RCC_LSI_Enable	4	static
stm32g4xx_ll_rcc.h:1267:26:LL_RCC_LSI_IsReady	4	static
stm32g4xx_ll_rcc.h:1342:22:LL_RCC_SetSysClkSource	16	static
stm32g4xx_ll_rcc.h:1355:26:LL_RCC_GetSysClkSource	4	static
stm32g4xx_ll_rcc.h:1375:22:LL_RCC_SetAHBPrescaler	16	static
stm32g4xx_ll_rcc.h:1391:22:LL_RCC_SetAPB1Prescaler	16	static
stm32g4xx_ll_rcc.h:1407:22:LL_RCC_SetAPB2Prescaler	16	static
stm32g4xx_ll_rcc.h:2055:22:LL_RCC_PLL_Enable	4	static
stm32g4xx_ll_rcc.h:2076:26:LL_RCC_PLL_IsReady	4	static
stm32g4xx_ll_rcc.h:2119:22:LL_RCC_PLL_ConfigDomain_SYS	24	static
stm32g4xx_ll_rcc.h:2428:22:LL_RCC_PLL_EnableDomain_SYS	4	static
stm32g4xx_ll_bus.h:453:22:LL_AHB2_GRP1_EnableClock	24	static
stm32g4xx_ll_bus.h:915:22:LL_APB1_GRP1_EnableClock	24	static
stm32g4xx_ll_bus.h:1429:22:LL_APB2_GRP1_EnableClock	24	static
stm32g4xx_ll_system.h:713:22:LL_SYSCFG_SetEXTISource	32	static,ignoring_inline_asm
stm32g4xx_ll_system.h:1289:22:LL_FLASH_SetLatency	16	static
stm32g4xx_ll_system.h:1317:26:LL_FLASH_GetLatency	4	static
stm32g4xx_ll_pwr.h:319:22:LL_PWR_SetRegulVoltageScaling	16	static
stm32g4xx_ll_pwr.h:497:22:LL_PWR_DisableUCPDDeadBattery	4	static
stm32g4xx_ll_gpio.h:286:22:LL_GPIO_SetPinMode	48	static,ignoring_inline_asm
stm32g4xx_ll_gpio.h:497:22:LL_GPIO_SetPinPull	48	static,ignoring_inline_asm
stm32g4xx_ll_gpio.h:895:22:LL_GPIO_SetOutputPin	16	static
stm32g4xx_ll_gpio.h:924:22:LL_GPIO_ResetOutputPin	16	static
stm32g4xx_ll_gpio.h:953:22:LL_GPIO_TogglePin	24	static
main.c:106:5:main	8	static
main.c:175:6:SystemClock_Config	8	static
main.c:230:13:MX_DAC1_Init	64	static
main.c:282:13:MX_GPIO_Init	48	static
main.c:335:6:Activate_DAC	16	static
main.c:371:6:LED_On	8	static
main.c:382:6:LED_Off	8	static
main.c:393:6:LED_Toggle	8	static
main.c:408:6:LED_Blinking	16	static
main.c:426:6:WaitForUserButtonPress	8	static
main.c:444:6:UserButton_Callback	16	static
main.c:491:6:DacUnderrunError_Callback	8	static
main.c:510:6:Error_Handler	4	static
