stm32g4xx_ll_dac.h:2466:26:LL_DAC_IsActiveFlag_DMAUDR1	16	static
stm32g4xx_ll_dac.h:2490:22:LL_DAC_ClearFlag_DMAUDR1	16	static
stm32g4xx_ll_exti.h:1240:26:LL_EXTI_IsActiveFlag_0_31	16	static
stm32g4xx_ll_exti.h:1360:22:LL_EXTI_ClearFlag_0_31	16	static
stm32g4xx_it.c:74:6:NMI_Handler	4	static
stm32g4xx_it.c:87:6:HardFault_Handler	4	static
stm32g4xx_it.c:102:6:MemManage_Handler	4	static
stm32g4xx_it.c:117:6:BusFault_Handler	4	static
stm32g4xx_it.c:132:6:UsageFault_Handler	4	static
stm32g4xx_it.c:147:6:SVC_Handler	4	static
stm32g4xx_it.c:160:6:DebugMon_Handler	4	static
stm32g4xx_it.c:173:6:PendSV_Handler	4	static
stm32g4xx_it.c:186:6:SysTick_Handler	4	static
stm32g4xx_it.c:207:6:EXTI15_10_IRQHandler	8	static
stm32g4xx_it.c:233:6:TIM6_DAC_LPTIM1_IRQHandler	8	static
